<?xml version="1.0" encoding="ISO-8859-1" ?>
<link_info>
   <banner>TI ARM Linker PC v20.2.2.LTS</banner>
   <copyright>Copyright (c) 1996-2018 Texas Instruments Incorporated</copyright>
   <link_time>0x60a3480d</link_time>
   <link_errors>0x0</link_errors>
   <output_file>Alarm.out</output_file>
   <entry_point>
      <name>_c_int00_noargs</name>
      <address>0x175d</address>
   </entry_point>
   <input_file_list>
      <input_file id="fl-2">
         <path>.\</path>
         <kind>object</kind>
         <file>alarmClock.obj</file>
         <name>alarmClock.obj</name>
      </input_file>
      <input_file id="fl-3">
         <path>.\</path>
         <kind>object</kind>
         <file>main.obj</file>
         <name>main.obj</name>
      </input_file>
      <input_file id="fl-4">
         <path>.\</path>
         <kind>object</kind>
         <file>tm4c123gh6pm_startup_ccs.obj</file>
         <name>tm4c123gh6pm_startup_ccs.obj</name>
      </input_file>
      <input_file id="fl-5">
         <path>.\</path>
         <kind>object</kind>
         <file>uartstdio.obj</file>
         <name>uartstdio.obj</name>
      </input_file>
      <input_file id="fl-a">
         <kind>object</kind>
         <file>&lt;internal&gt;</file>
         <name>&lt;internal&gt;</name>
      </input_file>
      <input_file id="fl-b">
         <path>..\</path>
         <kind>archive</kind>
         <file>driverlib.lib</file>
         <name>gpio.obj</name>
      </input_file>
      <input_file id="fl-c">
         <path>..\</path>
         <kind>archive</kind>
         <file>driverlib.lib</file>
         <name>hibernate.obj</name>
      </input_file>
      <input_file id="fl-d">
         <path>..\</path>
         <kind>archive</kind>
         <file>driverlib.lib</file>
         <name>interrupt.obj</name>
      </input_file>
      <input_file id="fl-e">
         <path>..\</path>
         <kind>archive</kind>
         <file>driverlib.lib</file>
         <name>sysctl.obj</name>
      </input_file>
      <input_file id="fl-f">
         <path>..\</path>
         <kind>archive</kind>
         <file>driverlib.lib</file>
         <name>uart.obj</name>
      </input_file>
      <input_file id="fl-10">
         <path>..\</path>
         <kind>archive</kind>
         <file>driverlib.lib</file>
         <name>cpu.obj</name>
      </input_file>
      <input_file id="fl-c6">
         <path>C:\ti\ccs1020\ccs\tools\compiler\ti-cgt-arm_20.2.2.LTS\lib\</path>
         <kind>archive</kind>
         <file>rtsv7M4_T_le_v4SPD16_eabi.lib</file>
         <name>u_divt2.asm.obj</name>
      </input_file>
      <input_file id="fl-c7">
         <path>C:\ti\ccs1020\ccs\tools\compiler\ti-cgt-arm_20.2.2.LTS\lib\</path>
         <kind>archive</kind>
         <file>rtsv7M4_T_le_v4SPD16_eabi.lib</file>
         <name>copy_zero_init.c.obj</name>
      </input_file>
      <input_file id="fl-c8">
         <path>C:\ti\ccs1020\ccs\tools\compiler\ti-cgt-arm_20.2.2.LTS\lib\</path>
         <kind>archive</kind>
         <file>rtsv7M4_T_le_v4SPD16_eabi.lib</file>
         <name>copy_decompress_none.c.obj</name>
      </input_file>
      <input_file id="fl-c9">
         <path>C:\ti\ccs1020\ccs\tools\compiler\ti-cgt-arm_20.2.2.LTS\lib\</path>
         <kind>archive</kind>
         <file>rtsv7M4_T_le_v4SPD16_eabi.lib</file>
         <name>copy_decompress_lzss.c.obj</name>
      </input_file>
      <input_file id="fl-ca">
         <path>C:\ti\ccs1020\ccs\tools\compiler\ti-cgt-arm_20.2.2.LTS\lib\</path>
         <kind>archive</kind>
         <file>rtsv7M4_T_le_v4SPD16_eabi.lib</file>
         <name>boot_cortex_m.c.obj</name>
      </input_file>
      <input_file id="fl-cb">
         <path>C:\ti\ccs1020\ccs\tools\compiler\ti-cgt-arm_20.2.2.LTS\lib\</path>
         <kind>archive</kind>
         <file>rtsv7M4_T_le_v4SPD16_eabi.lib</file>
         <name>div0.asm.obj</name>
      </input_file>
      <input_file id="fl-cc">
         <path>C:\ti\ccs1020\ccs\tools\compiler\ti-cgt-arm_20.2.2.LTS\lib\</path>
         <kind>archive</kind>
         <file>rtsv7M4_T_le_v4SPD16_eabi.lib</file>
         <name>memcpy_t2.asm.obj</name>
      </input_file>
      <input_file id="fl-cd">
         <path>C:\ti\ccs1020\ccs\tools\compiler\ti-cgt-arm_20.2.2.LTS\lib\</path>
         <kind>archive</kind>
         <file>rtsv7M4_T_le_v4SPD16_eabi.lib</file>
         <name>memset_t2.asm.obj</name>
      </input_file>
      <input_file id="fl-ce">
         <path>C:\ti\ccs1020\ccs\tools\compiler\ti-cgt-arm_20.2.2.LTS\lib\</path>
         <kind>archive</kind>
         <file>rtsv7M4_T_le_v4SPD16_eabi.lib</file>
         <name>autoinit.c.obj</name>
      </input_file>
      <input_file id="fl-cf">
         <path>C:\ti\ccs1020\ccs\tools\compiler\ti-cgt-arm_20.2.2.LTS\lib\</path>
         <kind>archive</kind>
         <file>rtsv7M4_T_le_v4SPD16_eabi.lib</file>
         <name>pre_init.c.obj</name>
      </input_file>
      <input_file id="fl-d0">
         <path>C:\ti\ccs1020\ccs\tools\compiler\ti-cgt-arm_20.2.2.LTS\lib\</path>
         <kind>archive</kind>
         <file>rtsv7M4_T_le_v4SPD16_eabi.lib</file>
         <name>cpy_tbl.c.obj</name>
      </input_file>
      <input_file id="fl-d1">
         <path>C:\ti\ccs1020\ccs\tools\compiler\ti-cgt-arm_20.2.2.LTS\lib\</path>
         <kind>archive</kind>
         <file>rtsv7M4_T_le_v4SPD16_eabi.lib</file>
         <name>exit.c.obj</name>
      </input_file>
      <input_file id="fl-d2">
         <path>C:\ti\ccs1020\ccs\tools\compiler\ti-cgt-arm_20.2.2.LTS\lib\</path>
         <kind>archive</kind>
         <file>rtsv7M4_T_le_v4SPD16_eabi.lib</file>
         <name>_lock.c.obj</name>
      </input_file>
      <input_file id="fl-d3">
         <path>C:\ti\ccs1020\ccs\tools\compiler\ti-cgt-arm_20.2.2.LTS\lib\</path>
         <kind>archive</kind>
         <file>rtsv7M4_T_le_v4SPD16_eabi.lib</file>
         <name>args_main.c.obj</name>
      </input_file>
   </input_file_list>
   <object_component_list>
      <object_component id="oc-12">
         <name>.intvecs</name>
         <load_address>0x0</load_address>
         <run_address>0x0</run_address>
         <size>0x26c</size>
         <input_file_ref idref="fl-4"/>
      </object_component>
      <object_component id="oc-c8">
         <name>.text</name>
         <load_address>0x26c</load_address>
         <run_address>0x26c</run_address>
         <size>0x6ec</size>
         <input_file_ref idref="fl-2"/>
      </object_component>
      <object_component id="oc-11c">
         <name>.text</name>
         <load_address>0x958</load_address>
         <run_address>0x958</run_address>
         <size>0x49c</size>
         <input_file_ref idref="fl-5"/>
      </object_component>
      <object_component id="oc-2d">
         <name>.text</name>
         <load_address>0xdf4</load_address>
         <run_address>0xdf4</run_address>
         <size>0x2cc</size>
         <input_file_ref idref="fl-3"/>
      </object_component>
      <object_component id="oc-ec">
         <name>.text:GPIOPadConfigSet</name>
         <load_address>0x10c0</load_address>
         <run_address>0x10c0</run_address>
         <size>0x16c</size>
         <input_file_ref idref="fl-b"/>
      </object_component>
      <object_component id="oc-fe">
         <name>.text:SysCtlClockGet</name>
         <load_address>0x122c</load_address>
         <run_address>0x122c</run_address>
         <size>0x118</size>
         <input_file_ref idref="fl-e"/>
      </object_component>
      <object_component id="oc-da">
         <name>.text:SysCtlClockSet</name>
         <load_address>0x1344</load_address>
         <run_address>0x1344</run_address>
         <size>0xf4</size>
         <input_file_ref idref="fl-e"/>
      </object_component>
      <object_component id="oc-41">
         <name>.text</name>
         <load_address>0x1438</load_address>
         <run_address>0x1438</run_address>
         <size>0x9c</size>
         <input_file_ref idref="fl-cc"/>
      </object_component>
      <object_component id="oc-10a">
         <name>.text:IntEnable</name>
         <load_address>0x14d4</load_address>
         <run_address>0x14d4</run_address>
         <size>0x68</size>
         <input_file_ref idref="fl-d"/>
      </object_component>
      <object_component id="oc-15">
         <name>.text:decompress:lzss:__TI_decompress_lzss</name>
         <load_address>0x153c</load_address>
         <run_address>0x153c</run_address>
         <size>0x68</size>
         <input_file_ref idref="fl-c9"/>
      </object_component>
      <object_component id="oc-f2">
         <name>.text:GPIOPinConfigure</name>
         <load_address>0x15a4</load_address>
         <run_address>0x15a4</run_address>
         <size>0x4c</size>
         <input_file_ref idref="fl-b"/>
      </object_component>
      <object_component id="oc-104">
         <name>.text:UARTConfigSetExpClk</name>
         <load_address>0x15f0</load_address>
         <run_address>0x15f0</run_address>
         <size>0x46</size>
         <input_file_ref idref="fl-f"/>
      </object_component>
      <object_component id="oc-272">
         <name>.text</name>
         <load_address>0x1636</load_address>
         <run_address>0x1636</run_address>
         <size>0x2</size>
         <input_file_ref idref="fl-cb"/>
      </object_component>
      <object_component id="oc-203">
         <name>.text:__TI_auto_init_nobinit_nopinit:__TI_auto_init_nobinit_nopinit</name>
         <load_address>0x1638</load_address>
         <run_address>0x1638</run_address>
         <size>0x44</size>
         <input_file_ref idref="fl-ce"/>
      </object_component>
      <object_component id="oc-1d1">
         <name>.text</name>
         <load_address>0x167c</load_address>
         <run_address>0x167c</run_address>
         <size>0x40</size>
         <input_file_ref idref="fl-c6"/>
      </object_component>
      <object_component id="oc-1c2">
         <name>.text:SysCtlPeripheralPresent</name>
         <load_address>0x16bc</load_address>
         <run_address>0x16bc</run_address>
         <size>0x38</size>
         <input_file_ref idref="fl-e"/>
      </object_component>
      <object_component id="oc-18d">
         <name>.text:IntRegister</name>
         <load_address>0x16f4</load_address>
         <run_address>0x16f4</run_address>
         <size>0x34</size>
         <input_file_ref idref="fl-d"/>
      </object_component>
      <object_component id="oc-74">
         <name>.text:SysCtlPeripheralEnable</name>
         <load_address>0x1728</load_address>
         <run_address>0x1728</run_address>
         <size>0x34</size>
         <input_file_ref idref="fl-e"/>
      </object_component>
      <object_component id="oc-5f">
         <name>.text:_c_int00_noargs:_c_int00_noargs</name>
         <load_address>0x175c</load_address>
         <run_address>0x175c</run_address>
         <size>0x34</size>
         <input_file_ref idref="fl-ca"/>
      </object_component>
      <object_component id="oc-1a1">
         <name>.text:GPIODirModeSet</name>
         <load_address>0x1790</load_address>
         <run_address>0x1790</run_address>
         <size>0x2c</size>
         <input_file_ref idref="fl-b"/>
      </object_component>
      <object_component id="oc-ce">
         <name>.text:HibernateRTCSet</name>
         <load_address>0x17bc</load_address>
         <run_address>0x17bc</run_address>
         <size>0x2c</size>
         <input_file_ref idref="fl-c"/>
      </object_component>
      <object_component id="oc-d4">
         <name>.text:HibernateDataSet</name>
         <load_address>0x17e8</load_address>
         <run_address>0x17e8</run_address>
         <size>0x28</size>
         <input_file_ref idref="fl-c"/>
      </object_component>
      <object_component id="oc-1b4">
         <name>.text:UARTDisable</name>
         <load_address>0x1810</load_address>
         <run_address>0x1810</run_address>
         <size>0x20</size>
         <input_file_ref idref="fl-f"/>
      </object_component>
      <object_component id="oc-187">
         <name>.text:_HibernateIntNumberGet</name>
         <load_address>0x1830</load_address>
         <run_address>0x1830</run_address>
         <size>0x20</size>
         <input_file_ref idref="fl-c"/>
      </object_component>
      <object_component id="oc-4d">
         <name>.text:decompress:ZI:__TI_zero_init_nomemset:__TI_zero_init_nomemset</name>
         <load_address>0x1850</load_address>
         <run_address>0x1850</run_address>
         <size>0x1c</size>
         <input_file_ref idref="fl-c7"/>
      </object_component>
      <object_component id="oc-e0">
         <name>.text:GPIOPinTypeGPIOOutput</name>
         <load_address>0x186c</load_address>
         <run_address>0x186c</run_address>
         <size>0x1a</size>
         <input_file_ref idref="fl-b"/>
      </object_component>
      <object_component id="oc-80">
         <name>.text:HibernateGPIORetentionEnable</name>
         <load_address>0x1888</load_address>
         <run_address>0x1888</run_address>
         <size>0x18</size>
         <input_file_ref idref="fl-c"/>
      </object_component>
      <object_component id="oc-98">
         <name>.text:HibernateIntRegister</name>
         <load_address>0x18a0</load_address>
         <run_address>0x18a0</run_address>
         <size>0x18</size>
         <input_file_ref idref="fl-c"/>
      </object_component>
      <object_component id="oc-e6">
         <name>.text:GPIOPinTypeGPIOInput</name>
         <load_address>0x18b8</load_address>
         <run_address>0x18b8</run_address>
         <size>0x16</size>
         <input_file_ref idref="fl-b"/>
      </object_component>
      <object_component id="oc-f8">
         <name>.text:GPIOPinTypeUART</name>
         <load_address>0x18ce</load_address>
         <run_address>0x18ce</run_address>
         <size>0x16</size>
         <input_file_ref idref="fl-b"/>
      </object_component>
      <object_component id="oc-7a">
         <name>.text:HibernateEnableExpClk</name>
         <load_address>0x18e4</load_address>
         <run_address>0x18e4</run_address>
         <size>0x14</size>
         <input_file_ref idref="fl-c"/>
      </object_component>
      <object_component id="oc-aa">
         <name>.text:HibernateIntClear</name>
         <load_address>0x18f8</load_address>
         <run_address>0x18f8</run_address>
         <size>0x14</size>
         <input_file_ref idref="fl-c"/>
      </object_component>
      <object_component id="oc-8c">
         <name>.text:HibernateIntEnable</name>
         <load_address>0x190c</load_address>
         <run_address>0x190c</run_address>
         <size>0x14</size>
         <input_file_ref idref="fl-c"/>
      </object_component>
      <object_component id="oc-86">
         <name>.text:HibernateRTCEnable</name>
         <load_address>0x1920</load_address>
         <run_address>0x1920</run_address>
         <size>0x14</size>
         <input_file_ref idref="fl-c"/>
      </object_component>
      <object_component id="oc-116">
         <name>.text:UARTEnable</name>
         <load_address>0x1934</load_address>
         <run_address>0x1934</run_address>
         <size>0x14</size>
         <input_file_ref idref="fl-f"/>
      </object_component>
      <object_component id="oc-a4">
         <name>.text:HibernateRTCMatchSet</name>
         <load_address>0x1948</load_address>
         <run_address>0x1948</run_address>
         <size>0x10</size>
         <input_file_ref idref="fl-c"/>
      </object_component>
      <object_component id="oc-92">
         <name>.text:IntMasterEnable</name>
         <load_address>0x1958</load_address>
         <run_address>0x1958</run_address>
         <size>0x10</size>
         <input_file_ref idref="fl-d"/>
      </object_component>
      <object_component id="oc-175">
         <name>.text:_HibernateWriteComplete</name>
         <load_address>0x1968</load_address>
         <run_address>0x1968</run_address>
         <size>0x10</size>
         <input_file_ref idref="fl-c"/>
      </object_component>
      <object_component id="oc-1b">
         <name>.text:decompress:none:__TI_decompress_none</name>
         <load_address>0x1978</load_address>
         <run_address>0x1978</run_address>
         <size>0xe</size>
         <input_file_ref idref="fl-c8"/>
      </object_component>
      <object_component id="oc-180">
         <name>.text:CPUcpsie</name>
         <load_address>0x1986</load_address>
         <run_address>0x1986</run_address>
         <size>0xc</size>
         <input_file_ref idref="fl-10"/>
      </object_component>
      <object_component id="oc-9e">
         <name>.text:HibernateRTCGet</name>
         <load_address>0x1994</load_address>
         <run_address>0x1994</run_address>
         <size>0xc</size>
         <input_file_ref idref="fl-c"/>
      </object_component>
      <object_component id="oc-27">
         <name>.text</name>
         <load_address>0x19a0</load_address>
         <run_address>0x19a0</run_address>
         <size>0xc</size>
         <input_file_ref idref="fl-4"/>
      </object_component>
      <object_component id="oc-bc">
         <name>.text:UARTCharGet</name>
         <load_address>0x19ac</load_address>
         <run_address>0x19ac</run_address>
         <size>0xa</size>
         <input_file_ref idref="fl-f"/>
      </object_component>
      <object_component id="oc-c2">
         <name>.text:UARTCharPut</name>
         <load_address>0x19b6</load_address>
         <run_address>0x19b6</run_address>
         <size>0xa</size>
         <input_file_ref idref="fl-f"/>
      </object_component>
      <object_component id="oc-b0">
         <name>.text:UARTIntStatus</name>
         <load_address>0x19c0</load_address>
         <run_address>0x19c0</run_address>
         <size>0xa</size>
         <input_file_ref idref="fl-f"/>
      </object_component>
      <object_component id="oc-110">
         <name>.text:UARTIntEnable</name>
         <load_address>0x19ca</load_address>
         <run_address>0x19ca</run_address>
         <size>0x8</size>
         <input_file_ref idref="fl-f"/>
      </object_component>
      <object_component id="oc-19f">
         <name>.text:SysCtlDelay</name>
         <load_address>0x19d2</load_address>
         <run_address>0x19d2</run_address>
         <size>0x6</size>
         <input_file_ref idref="fl-e"/>
      </object_component>
      <object_component id="oc-b6">
         <name>.text:UARTIntClear</name>
         <load_address>0x19d8</load_address>
         <run_address>0x19d8</run_address>
         <size>0x4</size>
         <input_file_ref idref="fl-f"/>
      </object_component>
      <object_component id="oc-15c">
         <name>.text:_system_pre_init</name>
         <load_address>0x19dc</load_address>
         <run_address>0x19dc</run_address>
         <size>0x4</size>
         <input_file_ref idref="fl-cf"/>
      </object_component>
      <object_component id="oc-1f7">
         <name>.text:abort:abort</name>
         <load_address>0x19e0</load_address>
         <run_address>0x19e0</run_address>
         <size>0x4</size>
         <input_file_ref idref="fl-d1"/>
      </object_component>
      <object_component id="oc-1ab">
         <name>.const:g_pui32GPIOBaseAddrs</name>
         <load_address>0x19e4</load_address>
         <run_address>0x19e4</run_address>
         <size>0x90</size>
         <input_file_ref idref="fl-b"/>
      </object_component>
      <object_component id="oc-1b0">
         <name>.const:g_pui32Xtals</name>
         <load_address>0x1a74</load_address>
         <run_address>0x1a74</run_address>
         <size>0x6c</size>
         <input_file_ref idref="fl-e"/>
      </object_component>
      <object_component id="oc-1bb">
         <name>.const:g_pui32EnRegs</name>
         <load_address>0x1ae0</load_address>
         <run_address>0x1ae0</run_address>
         <size>0x14</size>
         <input_file_ref idref="fl-d"/>
      </object_component>
      <object_component id="oc-278">
         <name>.const:.string</name>
         <load_address>0x1af4</load_address>
         <run_address>0x1af4</run_address>
         <size>0x12</size>
         <input_file_ref idref="fl-5"/>
      </object_component>
      <object_component id="oc-1ce">
         <name>.const:g_ui32UARTBase</name>
         <load_address>0x1b08</load_address>
         <run_address>0x1b08</run_address>
         <size>0xc</size>
         <input_file_ref idref="fl-5"/>
      </object_component>
      <object_component id="oc-1c8">
         <name>.const:g_ui32UARTPeriph</name>
         <load_address>0x1b14</load_address>
         <run_address>0x1b14</run_address>
         <size>0xc</size>
         <input_file_ref idref="fl-5"/>
      </object_component>
      <object_component id="oc-1d6">
         <name>.const</name>
         <load_address>0x1b20</load_address>
         <run_address>0x1b20</run_address>
         <size>0x4</size>
         <input_file_ref idref="fl-5"/>
      </object_component>
      <object_component id="oc-2fc">
         <name>__TI_handler_table</name>
         <load_address>0x1b28</load_address>
         <run_address>0x1b28</run_address>
         <size>0xc</size>
      </object_component>
      <object_component id="oc-300">
         <name>.cinit..bss.load</name>
         <load_address>0x1b38</load_address>
         <run_address>0x1b38</run_address>
         <size>0x8</size>
      </object_component>
      <object_component id="oc-2fe">
         <name>.cinit..vtable.load</name>
         <load_address>0x1b40</load_address>
         <run_address>0x1b40</run_address>
         <size>0x8</size>
      </object_component>
      <object_component id="oc-2ff">
         <name>.cinit..data.load</name>
         <load_address>0x1b48</load_address>
         <run_address>0x1b48</run_address>
         <size>0x7</size>
      </object_component>
      <object_component id="oc-2fd">
         <name>__TI_cinit_table</name>
         <load_address>0x1b50</load_address>
         <run_address>0x1b50</run_address>
         <size>0x18</size>
      </object_component>
      <object_component id="oc-259">
         <name>.vtable</name>
         <uninitialized>true</uninitialized>
         <run_address>0x20000000</run_address>
         <size>0x26c</size>
         <input_file_ref idref="fl-d"/>
      </object_component>
      <object_component id="oc-123">
         <name>.data</name>
         <load_address>0x200004e0</load_address>
         <run_address>0x200004e0</run_address>
         <size>0x4</size>
         <input_file_ref idref="fl-3"/>
      </object_component>
      <object_component id="oc-1cb">
         <name>.data</name>
         <load_address>0x200004d8</load_address>
         <run_address>0x200004d8</run_address>
         <size>0x5</size>
         <input_file_ref idref="fl-5"/>
      </object_component>
      <object_component id="oc-122">
         <name>.bss</name>
         <uninitialized>true</uninitialized>
         <run_address>0x200004d4</run_address>
         <size>0x1</size>
         <input_file_ref idref="fl-3"/>
      </object_component>
      <object_component id="oc-124">
         <name>.common:synTime</name>
         <uninitialized>true</uninitialized>
         <run_address>0x200004b0</run_address>
         <size>0x1c</size>
      </object_component>
      <object_component id="oc-127">
         <name>.common:alarmTime</name>
         <uninitialized>true</uninitialized>
         <run_address>0x200004cc</run_address>
         <size>0x8</size>
      </object_component>
      <object_component id="oc-129">
         <name>.common:UARTAlarmTime</name>
         <uninitialized>true</uninitialized>
         <run_address>0x20000470</run_address>
         <size>0x20</size>
      </object_component>
      <object_component id="oc-128">
         <name>.common:UARTSynTime</name>
         <uninitialized>true</uninitialized>
         <run_address>0x20000490</run_address>
         <size>0x20</size>
      </object_component>
      <object_component id="oc-24">
         <name>.stack</name>
         <uninitialized>true</uninitialized>
         <run_address>0x20000270</run_address>
         <size>0x4</size>
         <input_file_ref idref="fl-ca"/>
      </object_component>
      <object_component id="oc-302">
         <name>.stack</name>
         <uninitialized>true</uninitialized>
         <run_address>0x20000270</run_address>
         <size>0x0</size>
      </object_component>
      <object_component id="oc-125">
         <name>.debug_info</name>
         <load_address>0x0</load_address>
         <run_address>0x0</run_address>
         <size>0x2fa</size>
         <input_file_ref idref="fl-2"/>
      </object_component>
      <object_component id="oc-cc">
         <name>.debug_info</name>
         <load_address>0x2fa</load_address>
         <run_address>0x2fa</run_address>
         <size>0x694</size>
         <input_file_ref idref="fl-2"/>
      </object_component>
      <object_component id="oc-135">
         <name>.debug_info</name>
         <load_address>0x98e</load_address>
         <run_address>0x98e</run_address>
         <size>0x180</size>
         <input_file_ref idref="fl-2"/>
      </object_component>
      <object_component id="oc-13c">
         <name>.debug_info</name>
         <load_address>0xb0e</load_address>
         <run_address>0xb0e</run_address>
         <size>0x26b</size>
         <input_file_ref idref="fl-2"/>
      </object_component>
      <object_component id="oc-12b">
         <name>.debug_info</name>
         <load_address>0xd79</load_address>
         <run_address>0xd79</run_address>
         <size>0x8b</size>
         <input_file_ref idref="fl-2"/>
      </object_component>
      <object_component id="oc-1e2">
         <name>.debug_info</name>
         <load_address>0xe04</load_address>
         <run_address>0xe04</run_address>
         <size>0x2a4</size>
         <input_file_ref idref="fl-2"/>
      </object_component>
      <object_component id="oc-130">
         <name>.debug_info</name>
         <load_address>0x10a8</load_address>
         <run_address>0x10a8</run_address>
         <size>0xbb</size>
         <input_file_ref idref="fl-2"/>
      </object_component>
      <object_component id="oc-29d">
         <name>.debug_info</name>
         <load_address>0x1163</load_address>
         <run_address>0x1163</run_address>
         <size>0x9bc</size>
         <input_file_ref idref="fl-3"/>
      </object_component>
      <object_component id="oc-30">
         <name>.debug_info</name>
         <load_address>0x1b1f</load_address>
         <run_address>0x1b1f</run_address>
         <size>0x800</size>
         <input_file_ref idref="fl-3"/>
      </object_component>
      <object_component id="oc-1db">
         <name>.debug_info</name>
         <load_address>0x231f</load_address>
         <run_address>0x231f</run_address>
         <size>0x2c</size>
         <input_file_ref idref="fl-3"/>
      </object_component>
      <object_component id="oc-24d">
         <name>.debug_info</name>
         <load_address>0x234b</load_address>
         <run_address>0x234b</run_address>
         <size>0x35</size>
         <input_file_ref idref="fl-3"/>
      </object_component>
      <object_component id="oc-35">
         <name>.debug_info</name>
         <load_address>0x2380</load_address>
         <run_address>0x2380</run_address>
         <size>0x2d8</size>
         <input_file_ref idref="fl-4"/>
      </object_component>
      <object_component id="oc-13">
         <name>.debug_info</name>
         <load_address>0x2658</load_address>
         <run_address>0x2658</run_address>
         <size>0xe3</size>
         <input_file_ref idref="fl-4"/>
      </object_component>
      <object_component id="oc-29">
         <name>.debug_info</name>
         <load_address>0x273b</load_address>
         <run_address>0x273b</run_address>
         <size>0x25f</size>
         <input_file_ref idref="fl-4"/>
      </object_component>
      <object_component id="oc-3c">
         <name>.debug_info</name>
         <load_address>0x299a</load_address>
         <run_address>0x299a</run_address>
         <size>0x84</size>
         <input_file_ref idref="fl-4"/>
      </object_component>
      <object_component id="oc-1da">
         <name>.debug_info</name>
         <load_address>0x2a1e</load_address>
         <run_address>0x2a1e</run_address>
         <size>0x3d8</size>
         <input_file_ref idref="fl-5"/>
      </object_component>
      <object_component id="oc-1cc">
         <name>.debug_info</name>
         <load_address>0x2df6</load_address>
         <run_address>0x2df6</run_address>
         <size>0xcf</size>
         <input_file_ref idref="fl-5"/>
      </object_component>
      <object_component id="oc-1d7">
         <name>.debug_info</name>
         <load_address>0x2ec5</load_address>
         <run_address>0x2ec5</run_address>
         <size>0xc9</size>
         <input_file_ref idref="fl-5"/>
      </object_component>
      <object_component id="oc-1cf">
         <name>.debug_info</name>
         <load_address>0x2f8e</load_address>
         <run_address>0x2f8e</run_address>
         <size>0xd7</size>
         <input_file_ref idref="fl-5"/>
      </object_component>
      <object_component id="oc-1c9">
         <name>.debug_info</name>
         <load_address>0x3065</load_address>
         <run_address>0x3065</run_address>
         <size>0xdb</size>
         <input_file_ref idref="fl-5"/>
      </object_component>
      <object_component id="oc-11f">
         <name>.debug_info</name>
         <load_address>0x3140</load_address>
         <run_address>0x3140</run_address>
         <size>0x778</size>
         <input_file_ref idref="fl-5"/>
      </object_component>
      <object_component id="oc-1a8">
         <name>.debug_info</name>
         <load_address>0x38b8</load_address>
         <run_address>0x38b8</run_address>
         <size>0x3e4</size>
         <input_file_ref idref="fl-b"/>
      </object_component>
      <object_component id="oc-1ac">
         <name>.debug_info</name>
         <load_address>0x3c9c</load_address>
         <run_address>0x3c9c</run_address>
         <size>0x164</size>
         <input_file_ref idref="fl-b"/>
      </object_component>
      <object_component id="oc-1a3">
         <name>.debug_info</name>
         <load_address>0x3e00</load_address>
         <run_address>0x3e00</run_address>
         <size>0x2bc</size>
         <input_file_ref idref="fl-b"/>
      </object_component>
      <object_component id="oc-ee">
         <name>.debug_info</name>
         <load_address>0x40bc</load_address>
         <run_address>0x40bc</run_address>
         <size>0x31f</size>
         <input_file_ref idref="fl-b"/>
      </object_component>
      <object_component id="oc-fa">
         <name>.debug_info</name>
         <load_address>0x43db</load_address>
         <run_address>0x43db</run_address>
         <size>0x29b</size>
         <input_file_ref idref="fl-b"/>
      </object_component>
      <object_component id="oc-e1">
         <name>.debug_info</name>
         <load_address>0x4676</load_address>
         <run_address>0x4676</run_address>
         <size>0x2c0</size>
         <input_file_ref idref="fl-b"/>
      </object_component>
      <object_component id="oc-e7">
         <name>.debug_info</name>
         <load_address>0x4936</load_address>
         <run_address>0x4936</run_address>
         <size>0x2a5</size>
         <input_file_ref idref="fl-b"/>
      </object_component>
      <object_component id="oc-f3">
         <name>.debug_info</name>
         <load_address>0x4bdb</load_address>
         <run_address>0x4bdb</run_address>
         <size>0x289</size>
         <input_file_ref idref="fl-b"/>
      </object_component>
      <object_component id="oc-245">
         <name>.debug_info</name>
         <load_address>0x4e64</load_address>
         <run_address>0x4e64</run_address>
         <size>0x26b</size>
         <input_file_ref idref="fl-b"/>
      </object_component>
      <object_component id="oc-235">
         <name>.debug_info</name>
         <load_address>0x50cf</load_address>
         <run_address>0x50cf</run_address>
         <size>0x297</size>
         <input_file_ref idref="fl-b"/>
      </object_component>
      <object_component id="oc-240">
         <name>.debug_info</name>
         <load_address>0x5366</load_address>
         <run_address>0x5366</run_address>
         <size>0xef</size>
         <input_file_ref idref="fl-b"/>
      </object_component>
      <object_component id="oc-16f">
         <name>.debug_info</name>
         <load_address>0x5455</load_address>
         <run_address>0x5455</run_address>
         <size>0xbb</size>
         <input_file_ref idref="fl-b"/>
      </object_component>
      <object_component id="oc-17f">
         <name>.debug_info</name>
         <load_address>0x5510</load_address>
         <run_address>0x5510</run_address>
         <size>0x3c1</size>
         <input_file_ref idref="fl-c"/>
      </object_component>
      <object_component id="oc-177">
         <name>.debug_info</name>
         <load_address>0x58d1</load_address>
         <run_address>0x58d1</run_address>
         <size>0x243</size>
         <input_file_ref idref="fl-c"/>
      </object_component>
      <object_component id="oc-cf">
         <name>.debug_info</name>
         <load_address>0x5b14</load_address>
         <run_address>0x5b14</run_address>
         <size>0x2d3</size>
         <input_file_ref idref="fl-c"/>
      </object_component>
      <object_component id="oc-a5">
         <name>.debug_info</name>
         <load_address>0x5de7</load_address>
         <run_address>0x5de7</run_address>
         <size>0x2ab</size>
         <input_file_ref idref="fl-c"/>
      </object_component>
      <object_component id="oc-9f">
         <name>.debug_info</name>
         <load_address>0x6092</load_address>
         <run_address>0x6092</run_address>
         <size>0x23b</size>
         <input_file_ref idref="fl-c"/>
      </object_component>
      <object_component id="oc-87">
         <name>.debug_info</name>
         <load_address>0x62cd</load_address>
         <run_address>0x62cd</run_address>
         <size>0x256</size>
         <input_file_ref idref="fl-c"/>
      </object_component>
      <object_component id="oc-188">
         <name>.debug_info</name>
         <load_address>0x6523</load_address>
         <run_address>0x6523</run_address>
         <size>0x25f</size>
         <input_file_ref idref="fl-c"/>
      </object_component>
      <object_component id="oc-99">
         <name>.debug_info</name>
         <load_address>0x6782</load_address>
         <run_address>0x6782</run_address>
         <size>0x2d1</size>
         <input_file_ref idref="fl-c"/>
      </object_component>
      <object_component id="oc-8d">
         <name>.debug_info</name>
         <load_address>0x6a53</load_address>
         <run_address>0x6a53</run_address>
         <size>0x298</size>
         <input_file_ref idref="fl-c"/>
      </object_component>
      <object_component id="oc-ab">
         <name>.debug_info</name>
         <load_address>0x6ceb</load_address>
         <run_address>0x6ceb</run_address>
         <size>0x296</size>
         <input_file_ref idref="fl-c"/>
      </object_component>
      <object_component id="oc-81">
         <name>.debug_info</name>
         <load_address>0x6f81</load_address>
         <run_address>0x6f81</run_address>
         <size>0x26a</size>
         <input_file_ref idref="fl-c"/>
      </object_component>
      <object_component id="oc-7b">
         <name>.debug_info</name>
         <load_address>0x71eb</load_address>
         <run_address>0x71eb</run_address>
         <size>0x276</size>
         <input_file_ref idref="fl-c"/>
      </object_component>
      <object_component id="oc-d5">
         <name>.debug_info</name>
         <load_address>0x7461</load_address>
         <run_address>0x7461</run_address>
         <size>0x2c3</size>
         <input_file_ref idref="fl-c"/>
      </object_component>
      <object_component id="oc-252">
         <name>.debug_info</name>
         <load_address>0x7724</load_address>
         <run_address>0x7724</run_address>
         <size>0x196</size>
         <input_file_ref idref="fl-c"/>
      </object_component>
      <object_component id="oc-1bf">
         <name>.debug_info</name>
         <load_address>0x78ba</load_address>
         <run_address>0x78ba</run_address>
         <size>0x3b7</size>
         <input_file_ref idref="fl-d"/>
      </object_component>
      <object_component id="oc-1bc">
         <name>.debug_info</name>
         <load_address>0x7c71</load_address>
         <run_address>0x7c71</run_address>
         <size>0x15b</size>
         <input_file_ref idref="fl-d"/>
      </object_component>
      <object_component id="oc-25a">
         <name>.debug_info</name>
         <load_address>0x7dcc</load_address>
         <run_address>0x7dcc</run_address>
         <size>0x160</size>
         <input_file_ref idref="fl-d"/>
      </object_component>
      <object_component id="oc-18f">
         <name>.debug_info</name>
         <load_address>0x7f2c</load_address>
         <run_address>0x7f2c</run_address>
         <size>0x2ca</size>
         <input_file_ref idref="fl-d"/>
      </object_component>
      <object_component id="oc-94">
         <name>.debug_info</name>
         <load_address>0x81f6</load_address>
         <run_address>0x81f6</run_address>
         <size>0x247</size>
         <input_file_ref idref="fl-d"/>
      </object_component>
      <object_component id="oc-10d">
         <name>.debug_info</name>
         <load_address>0x843d</load_address>
         <run_address>0x843d</run_address>
         <size>0x271</size>
         <input_file_ref idref="fl-d"/>
      </object_component>
      <object_component id="oc-174">
         <name>.debug_info</name>
         <load_address>0x86ae</load_address>
         <run_address>0x86ae</run_address>
         <size>0x441</size>
         <input_file_ref idref="fl-e"/>
      </object_component>
      <object_component id="oc-1b1">
         <name>.debug_info</name>
         <load_address>0x8aef</load_address>
         <run_address>0x8aef</run_address>
         <size>0x156</size>
         <input_file_ref idref="fl-e"/>
      </object_component>
      <object_component id="oc-1c4">
         <name>.debug_info</name>
         <load_address>0x8c45</load_address>
         <run_address>0x8c45</run_address>
         <size>0x28c</size>
         <input_file_ref idref="fl-e"/>
      </object_component>
      <object_component id="oc-76">
         <name>.debug_info</name>
         <load_address>0x8ed1</load_address>
         <run_address>0x8ed1</run_address>
         <size>0x286</size>
         <input_file_ref idref="fl-e"/>
      </object_component>
      <object_component id="oc-db">
         <name>.debug_info</name>
         <load_address>0x9157</load_address>
         <run_address>0x9157</run_address>
         <size>0x2e4</size>
         <input_file_ref idref="fl-e"/>
      </object_component>
      <object_component id="oc-ff">
         <name>.debug_info</name>
         <load_address>0x943b</load_address>
         <run_address>0x943b</run_address>
         <size>0x2be</size>
         <input_file_ref idref="fl-e"/>
      </object_component>
      <object_component id="oc-23c">
         <name>.debug_info</name>
         <load_address>0x96f9</load_address>
         <run_address>0x96f9</run_address>
         <size>0x51</size>
         <input_file_ref idref="fl-e"/>
      </object_component>
      <object_component id="oc-198">
         <name>.debug_info</name>
         <load_address>0x974a</load_address>
         <run_address>0x974a</run_address>
         <size>0x3cb</size>
         <input_file_ref idref="fl-f"/>
      </object_component>
      <object_component id="oc-b1">
         <name>.debug_info</name>
         <load_address>0x9b15</load_address>
         <run_address>0x9b15</run_address>
         <size>0x288</size>
         <input_file_ref idref="fl-f"/>
      </object_component>
      <object_component id="oc-111">
         <name>.debug_info</name>
         <load_address>0x9d9d</load_address>
         <run_address>0x9d9d</run_address>
         <size>0x298</size>
         <input_file_ref idref="fl-f"/>
      </object_component>
      <object_component id="oc-b7">
         <name>.debug_info</name>
         <load_address>0xa035</load_address>
         <run_address>0xa035</run_address>
         <size>0x296</size>
         <input_file_ref idref="fl-f"/>
      </object_component>
      <object_component id="oc-117">
         <name>.debug_info</name>
         <load_address>0xa2cb</load_address>
         <run_address>0xa2cb</run_address>
         <size>0x250</size>
         <input_file_ref idref="fl-f"/>
      </object_component>
      <object_component id="oc-1b5">
         <name>.debug_info</name>
         <load_address>0xa51b</load_address>
         <run_address>0xa51b</run_address>
         <size>0x252</size>
         <input_file_ref idref="fl-f"/>
      </object_component>
      <object_component id="oc-105">
         <name>.debug_info</name>
         <load_address>0xa76d</load_address>
         <run_address>0xa76d</run_address>
         <size>0x32f</size>
         <input_file_ref idref="fl-f"/>
      </object_component>
      <object_component id="oc-c3">
         <name>.debug_info</name>
         <load_address>0xaa9c</load_address>
         <run_address>0xaa9c</run_address>
         <size>0x27c</size>
         <input_file_ref idref="fl-f"/>
      </object_component>
      <object_component id="oc-bd">
         <name>.debug_info</name>
         <load_address>0xad18</load_address>
         <run_address>0xad18</run_address>
         <size>0x256</size>
         <input_file_ref idref="fl-f"/>
      </object_component>
      <object_component id="oc-181">
         <name>.debug_info</name>
         <load_address>0xaf6e</load_address>
         <run_address>0xaf6e</run_address>
         <size>0x21b</size>
         <input_file_ref idref="fl-10"/>
      </object_component>
      <object_component id="oc-1d4">
         <name>.debug_info</name>
         <load_address>0xb189</load_address>
         <run_address>0xb189</run_address>
         <size>0x142</size>
         <input_file_ref idref="fl-c6"/>
      </object_component>
      <object_component id="oc-155">
         <name>.debug_info</name>
         <load_address>0xb2cb</load_address>
         <run_address>0xb2cb</run_address>
         <size>0x2d4</size>
         <input_file_ref idref="fl-c7"/>
      </object_component>
      <object_component id="oc-4f">
         <name>.debug_info</name>
         <load_address>0xb59f</load_address>
         <run_address>0xb59f</run_address>
         <size>0x1d2</size>
         <input_file_ref idref="fl-c7"/>
      </object_component>
      <object_component id="oc-150">
         <name>.debug_info</name>
         <load_address>0xb771</load_address>
         <run_address>0xb771</run_address>
         <size>0x46</size>
         <input_file_ref idref="fl-c7"/>
      </object_component>
      <object_component id="oc-1ee">
         <name>.debug_info</name>
         <load_address>0xb7b7</load_address>
         <run_address>0xb7b7</run_address>
         <size>0x2c</size>
         <input_file_ref idref="fl-c7"/>
      </object_component>
      <object_component id="oc-4c">
         <name>.debug_info</name>
         <load_address>0xb7e3</load_address>
         <run_address>0xb7e3</run_address>
         <size>0x2a8</size>
         <input_file_ref idref="fl-c8"/>
      </object_component>
      <object_component id="oc-1e">
         <name>.debug_info</name>
         <load_address>0xba8b</load_address>
         <run_address>0xba8b</run_address>
         <size>0x1ea</size>
         <input_file_ref idref="fl-c8"/>
      </object_component>
      <object_component id="oc-47">
         <name>.debug_info</name>
         <load_address>0xbc75</load_address>
         <run_address>0xbc75</run_address>
         <size>0x46</size>
         <input_file_ref idref="fl-c8"/>
      </object_component>
      <object_component id="oc-148">
         <name>.debug_info</name>
         <load_address>0xbcbb</load_address>
         <run_address>0xbcbb</run_address>
         <size>0x2c</size>
         <input_file_ref idref="fl-c8"/>
      </object_component>
      <object_component id="oc-146">
         <name>.debug_info</name>
         <load_address>0xbce7</load_address>
         <run_address>0xbce7</run_address>
         <size>0x29e</size>
         <input_file_ref idref="fl-c9"/>
      </object_component>
      <object_component id="oc-17">
         <name>.debug_info</name>
         <load_address>0xbf85</load_address>
         <run_address>0xbf85</run_address>
         <size>0x250</size>
         <input_file_ref idref="fl-c9"/>
      </object_component>
      <object_component id="oc-37">
         <name>.debug_info</name>
         <load_address>0xc1d5</load_address>
         <run_address>0xc1d5</run_address>
         <size>0x60</size>
         <input_file_ref idref="fl-c9"/>
      </object_component>
      <object_component id="oc-1e7">
         <name>.debug_info</name>
         <load_address>0xc235</load_address>
         <run_address>0xc235</run_address>
         <size>0x46</size>
         <input_file_ref idref="fl-c9"/>
      </object_component>
      <object_component id="oc-141">
         <name>.debug_info</name>
         <load_address>0xc27b</load_address>
         <run_address>0xc27b</run_address>
         <size>0x39</size>
         <input_file_ref idref="fl-c9"/>
      </object_component>
      <object_component id="oc-25">
         <name>.debug_info</name>
         <load_address>0xc2b4</load_address>
         <run_address>0xc2b4</run_address>
         <size>0x10b</size>
         <input_file_ref idref="fl-ca"/>
      </object_component>
      <object_component id="oc-61">
         <name>.debug_info</name>
         <load_address>0xc3bf</load_address>
         <run_address>0xc3bf</run_address>
         <size>0x1a9</size>
         <input_file_ref idref="fl-ca"/>
      </object_component>
      <object_component id="oc-275">
         <name>.debug_info</name>
         <load_address>0xc568</load_address>
         <run_address>0xc568</run_address>
         <size>0x115</size>
         <input_file_ref idref="fl-cb"/>
      </object_component>
      <object_component id="oc-42">
         <name>.debug_info</name>
         <load_address>0xc67d</load_address>
         <run_address>0xc67d</run_address>
         <size>0x119</size>
         <input_file_ref idref="fl-cc"/>
      </object_component>
      <object_component id="oc-288">
         <name>.debug_info</name>
         <load_address>0xc796</load_address>
         <run_address>0xc796</run_address>
         <size>0x4b3</size>
         <input_file_ref idref="fl-ce"/>
      </object_component>
      <object_component id="oc-206">
         <name>.debug_info</name>
         <load_address>0xcc49</load_address>
         <run_address>0xcc49</run_address>
         <size>0x1a6</size>
         <input_file_ref idref="fl-ce"/>
      </object_component>
      <object_component id="oc-2b1">
         <name>.debug_info</name>
         <load_address>0xcdef</load_address>
         <run_address>0xcdef</run_address>
         <size>0x39</size>
         <input_file_ref idref="fl-ce"/>
      </object_component>
      <object_component id="oc-2c7">
         <name>.debug_info</name>
         <load_address>0xce28</load_address>
         <run_address>0xce28</run_address>
         <size>0x39</size>
         <input_file_ref idref="fl-ce"/>
      </object_component>
      <object_component id="oc-2b6">
         <name>.debug_info</name>
         <load_address>0xce61</load_address>
         <run_address>0xce61</run_address>
         <size>0x39</size>
         <input_file_ref idref="fl-ce"/>
      </object_component>
      <object_component id="oc-2bb">
         <name>.debug_info</name>
         <load_address>0xce9a</load_address>
         <run_address>0xce9a</run_address>
         <size>0xcd</size>
         <input_file_ref idref="fl-ce"/>
      </object_component>
      <object_component id="oc-15d">
         <name>.debug_info</name>
         <load_address>0xcf67</load_address>
         <run_address>0xcf67</run_address>
         <size>0x153</size>
         <input_file_ref idref="fl-cf"/>
      </object_component>
      <object_component id="oc-1f8">
         <name>.debug_info</name>
         <load_address>0xd0ba</load_address>
         <run_address>0xd0ba</run_address>
         <size>0x122</size>
         <input_file_ref idref="fl-d1"/>
      </object_component>
      <object_component id="oc-303">
         <name>.debug_info</name>
         <load_address>0xd1dc</load_address>
         <run_address>0xd1dc</run_address>
         <size>0x96</size>
      </object_component>
      <object_component id="oc-1e1">
         <name>.debug_line</name>
         <load_address>0x0</load_address>
         <run_address>0x0</run_address>
         <size>0x33</size>
         <input_file_ref idref="fl-2"/>
      </object_component>
      <object_component id="oc-cb">
         <name>.debug_line</name>
         <load_address>0x33</load_address>
         <run_address>0x33</run_address>
         <size>0x2c3</size>
         <input_file_ref idref="fl-2"/>
      </object_component>
      <object_component id="oc-138">
         <name>.debug_line</name>
         <load_address>0x2f6</load_address>
         <run_address>0x2f6</run_address>
         <size>0x52</size>
         <input_file_ref idref="fl-2"/>
      </object_component>
      <object_component id="oc-13f">
         <name>.debug_line</name>
         <load_address>0x348</load_address>
         <run_address>0x348</run_address>
         <size>0x6f</size>
         <input_file_ref idref="fl-2"/>
      </object_component>
      <object_component id="oc-12e">
         <name>.debug_line</name>
         <load_address>0x3b7</load_address>
         <run_address>0x3b7</run_address>
         <size>0x20</size>
         <input_file_ref idref="fl-2"/>
      </object_component>
      <object_component id="oc-1e5">
         <name>.debug_line</name>
         <load_address>0x3d7</load_address>
         <run_address>0x3d7</run_address>
         <size>0x73</size>
         <input_file_ref idref="fl-2"/>
      </object_component>
      <object_component id="oc-133">
         <name>.debug_line</name>
         <load_address>0x44a</load_address>
         <run_address>0x44a</run_address>
         <size>0x70</size>
         <input_file_ref idref="fl-2"/>
      </object_component>
      <object_component id="oc-2c3">
         <name>.debug_line</name>
         <load_address>0x4ba</load_address>
         <run_address>0x4ba</run_address>
         <size>0x1a3</size>
         <input_file_ref idref="fl-3"/>
      </object_component>
      <object_component id="oc-2f">
         <name>.debug_line</name>
         <load_address>0x65d</load_address>
         <run_address>0x65d</run_address>
         <size>0x109</size>
         <input_file_ref idref="fl-3"/>
      </object_component>
      <object_component id="oc-1de">
         <name>.debug_line</name>
         <load_address>0x766</load_address>
         <run_address>0x766</run_address>
         <size>0x6b</size>
         <input_file_ref idref="fl-3"/>
      </object_component>
      <object_component id="oc-250">
         <name>.debug_line</name>
         <load_address>0x7d1</load_address>
         <run_address>0x7d1</run_address>
         <size>0x72</size>
         <input_file_ref idref="fl-3"/>
      </object_component>
      <object_component id="oc-13b">
         <name>.debug_line</name>
         <load_address>0x843</load_address>
         <run_address>0x843</run_address>
         <size>0x41</size>
         <input_file_ref idref="fl-4"/>
      </object_component>
      <object_component id="oc-34">
         <name>.debug_line</name>
         <load_address>0x884</load_address>
         <run_address>0x884</run_address>
         <size>0x41</size>
         <input_file_ref idref="fl-4"/>
      </object_component>
      <object_component id="oc-28">
         <name>.debug_line</name>
         <load_address>0x8c5</load_address>
         <run_address>0x8c5</run_address>
         <size>0xa1</size>
         <input_file_ref idref="fl-4"/>
      </object_component>
      <object_component id="oc-3f">
         <name>.debug_line</name>
         <load_address>0x966</load_address>
         <run_address>0x966</run_address>
         <size>0x20</size>
         <input_file_ref idref="fl-4"/>
      </object_component>
      <object_component id="oc-27c">
         <name>.debug_line</name>
         <load_address>0x986</load_address>
         <run_address>0x986</run_address>
         <size>0x8e</size>
         <input_file_ref idref="fl-5"/>
      </object_component>
      <object_component id="oc-26f">
         <name>.debug_line</name>
         <load_address>0xa14</load_address>
         <run_address>0xa14</run_address>
         <size>0x32</size>
         <input_file_ref idref="fl-5"/>
      </object_component>
      <object_component id="oc-27a">
         <name>.debug_line</name>
         <load_address>0xa46</load_address>
         <run_address>0xa46</run_address>
         <size>0x32</size>
         <input_file_ref idref="fl-5"/>
      </object_component>
      <object_component id="oc-271">
         <name>.debug_line</name>
         <load_address>0xa78</load_address>
         <run_address>0xa78</run_address>
         <size>0x32</size>
         <input_file_ref idref="fl-5"/>
      </object_component>
      <object_component id="oc-26d">
         <name>.debug_line</name>
         <load_address>0xaaa</load_address>
         <run_address>0xaaa</run_address>
         <size>0x32</size>
         <input_file_ref idref="fl-5"/>
      </object_component>
      <object_component id="oc-121">
         <name>.debug_line</name>
         <load_address>0xadc</load_address>
         <run_address>0xadc</run_address>
         <size>0x280</size>
         <input_file_ref idref="fl-5"/>
      </object_component>
      <object_component id="oc-261">
         <name>.debug_line</name>
         <load_address>0xd5c</load_address>
         <run_address>0xd5c</run_address>
         <size>0x82</size>
         <input_file_ref idref="fl-b"/>
      </object_component>
      <object_component id="oc-263">
         <name>.debug_line</name>
         <load_address>0xdde</load_address>
         <run_address>0xdde</run_address>
         <size>0x7d</size>
         <input_file_ref idref="fl-b"/>
      </object_component>
      <object_component id="oc-1a2">
         <name>.debug_line</name>
         <load_address>0xe5b</load_address>
         <run_address>0xe5b</run_address>
         <size>0x95</size>
         <input_file_ref idref="fl-b"/>
      </object_component>
      <object_component id="oc-ed">
         <name>.debug_line</name>
         <load_address>0xef0</load_address>
         <run_address>0xef0</run_address>
         <size>0xc4</size>
         <input_file_ref idref="fl-b"/>
      </object_component>
      <object_component id="oc-f9">
         <name>.debug_line</name>
         <load_address>0xfb4</load_address>
         <run_address>0xfb4</run_address>
         <size>0x99</size>
         <input_file_ref idref="fl-b"/>
      </object_component>
      <object_component id="oc-e4">
         <name>.debug_line</name>
         <load_address>0x104d</load_address>
         <run_address>0x104d</run_address>
         <size>0x99</size>
         <input_file_ref idref="fl-b"/>
      </object_component>
      <object_component id="oc-ea">
         <name>.debug_line</name>
         <load_address>0x10e6</load_address>
         <run_address>0x10e6</run_address>
         <size>0x99</size>
         <input_file_ref idref="fl-b"/>
      </object_component>
      <object_component id="oc-f6">
         <name>.debug_line</name>
         <load_address>0x117f</load_address>
         <run_address>0x117f</run_address>
         <size>0xa7</size>
         <input_file_ref idref="fl-b"/>
      </object_component>
      <object_component id="oc-248">
         <name>.debug_line</name>
         <load_address>0x1226</load_address>
         <run_address>0x1226</run_address>
         <size>0x71</size>
         <input_file_ref idref="fl-b"/>
      </object_component>
      <object_component id="oc-238">
         <name>.debug_line</name>
         <load_address>0x1297</load_address>
         <run_address>0x1297</run_address>
         <size>0x75</size>
         <input_file_ref idref="fl-b"/>
      </object_component>
      <object_component id="oc-243">
         <name>.debug_line</name>
         <load_address>0x130c</load_address>
         <run_address>0x130c</run_address>
         <size>0x71</size>
         <input_file_ref idref="fl-b"/>
      </object_component>
      <object_component id="oc-172">
         <name>.debug_line</name>
         <load_address>0x137d</load_address>
         <run_address>0x137d</run_address>
         <size>0x72</size>
         <input_file_ref idref="fl-b"/>
      </object_component>
      <object_component id="oc-24c">
         <name>.debug_line</name>
         <load_address>0x13ef</load_address>
         <run_address>0x13ef</run_address>
         <size>0x82</size>
         <input_file_ref idref="fl-c"/>
      </object_component>
      <object_component id="oc-176">
         <name>.debug_line</name>
         <load_address>0x1471</load_address>
         <run_address>0x1471</run_address>
         <size>0x94</size>
         <input_file_ref idref="fl-c"/>
      </object_component>
      <object_component id="oc-d2">
         <name>.debug_line</name>
         <load_address>0x1505</load_address>
         <run_address>0x1505</run_address>
         <size>0x9c</size>
         <input_file_ref idref="fl-c"/>
      </object_component>
      <object_component id="oc-a8">
         <name>.debug_line</name>
         <load_address>0x15a1</load_address>
         <run_address>0x15a1</run_address>
         <size>0x98</size>
         <input_file_ref idref="fl-c"/>
      </object_component>
      <object_component id="oc-a2">
         <name>.debug_line</name>
         <load_address>0x1639</load_address>
         <run_address>0x1639</run_address>
         <size>0x97</size>
         <input_file_ref idref="fl-c"/>
      </object_component>
      <object_component id="oc-8a">
         <name>.debug_line</name>
         <load_address>0x16d0</load_address>
         <run_address>0x16d0</run_address>
         <size>0x98</size>
         <input_file_ref idref="fl-c"/>
      </object_component>
      <object_component id="oc-18b">
         <name>.debug_line</name>
         <load_address>0x1768</load_address>
         <run_address>0x1768</run_address>
         <size>0x9b</size>
         <input_file_ref idref="fl-c"/>
      </object_component>
      <object_component id="oc-9c">
         <name>.debug_line</name>
         <load_address>0x1803</load_address>
         <run_address>0x1803</run_address>
         <size>0x99</size>
         <input_file_ref idref="fl-c"/>
      </object_component>
      <object_component id="oc-90">
         <name>.debug_line</name>
         <load_address>0x189c</load_address>
         <run_address>0x189c</run_address>
         <size>0x98</size>
         <input_file_ref idref="fl-c"/>
      </object_component>
      <object_component id="oc-ae">
         <name>.debug_line</name>
         <load_address>0x1934</load_address>
         <run_address>0x1934</run_address>
         <size>0x98</size>
         <input_file_ref idref="fl-c"/>
      </object_component>
      <object_component id="oc-84">
         <name>.debug_line</name>
         <load_address>0x19cc</load_address>
         <run_address>0x19cc</run_address>
         <size>0x98</size>
         <input_file_ref idref="fl-c"/>
      </object_component>
      <object_component id="oc-7e">
         <name>.debug_line</name>
         <load_address>0x1a64</load_address>
         <run_address>0x1a64</run_address>
         <size>0x98</size>
         <input_file_ref idref="fl-c"/>
      </object_component>
      <object_component id="oc-d8">
         <name>.debug_line</name>
         <load_address>0x1afc</load_address>
         <run_address>0x1afc</run_address>
         <size>0x9e</size>
         <input_file_ref idref="fl-c"/>
      </object_component>
      <object_component id="oc-255">
         <name>.debug_line</name>
         <load_address>0x1b9a</load_address>
         <run_address>0x1b9a</run_address>
         <size>0x6b</size>
         <input_file_ref idref="fl-c"/>
      </object_component>
      <object_component id="oc-26a">
         <name>.debug_line</name>
         <load_address>0x1c05</load_address>
         <run_address>0x1c05</run_address>
         <size>0x7c</size>
         <input_file_ref idref="fl-d"/>
      </object_component>
      <object_component id="oc-268">
         <name>.debug_line</name>
         <load_address>0x1c81</load_address>
         <run_address>0x1c81</run_address>
         <size>0x82</size>
         <input_file_ref idref="fl-d"/>
      </object_component>
      <object_component id="oc-29f">
         <name>.debug_line</name>
         <load_address>0x1d03</load_address>
         <run_address>0x1d03</run_address>
         <size>0x82</size>
         <input_file_ref idref="fl-d"/>
      </object_component>
      <object_component id="oc-18e">
         <name>.debug_line</name>
         <load_address>0x1d85</load_address>
         <run_address>0x1d85</run_address>
         <size>0xaf</size>
         <input_file_ref idref="fl-d"/>
      </object_component>
      <object_component id="oc-96">
         <name>.debug_line</name>
         <load_address>0x1e34</load_address>
         <run_address>0x1e34</run_address>
         <size>0x97</size>
         <input_file_ref idref="fl-d"/>
      </object_component>
      <object_component id="oc-10c">
         <name>.debug_line</name>
         <load_address>0x1ecb</load_address>
         <run_address>0x1ecb</run_address>
         <size>0xc2</size>
         <input_file_ref idref="fl-d"/>
      </object_component>
      <object_component id="oc-23b">
         <name>.debug_line</name>
         <load_address>0x1f8d</load_address>
         <run_address>0x1f8d</run_address>
         <size>0x13d</size>
         <input_file_ref idref="fl-e"/>
      </object_component>
      <object_component id="oc-265">
         <name>.debug_line</name>
         <load_address>0x20ca</load_address>
         <run_address>0x20ca</run_address>
         <size>0x7f</size>
         <input_file_ref idref="fl-e"/>
      </object_component>
      <object_component id="oc-1c3">
         <name>.debug_line</name>
         <load_address>0x2149</load_address>
         <run_address>0x2149</run_address>
         <size>0x94</size>
         <input_file_ref idref="fl-e"/>
      </object_component>
      <object_component id="oc-75">
         <name>.debug_line</name>
         <load_address>0x21dd</load_address>
         <run_address>0x21dd</run_address>
         <size>0x94</size>
         <input_file_ref idref="fl-e"/>
      </object_component>
      <object_component id="oc-de">
         <name>.debug_line</name>
         <load_address>0x2271</load_address>
         <run_address>0x2271</run_address>
         <size>0xee</size>
         <input_file_ref idref="fl-e"/>
      </object_component>
      <object_component id="oc-102">
         <name>.debug_line</name>
         <load_address>0x235f</load_address>
         <run_address>0x235f</run_address>
         <size>0x118</size>
         <input_file_ref idref="fl-e"/>
      </object_component>
      <object_component id="oc-23e">
         <name>.debug_line</name>
         <load_address>0x2477</load_address>
         <run_address>0x2477</run_address>
         <size>0x7f</size>
         <input_file_ref idref="fl-e"/>
      </object_component>
      <object_component id="oc-25e">
         <name>.debug_line</name>
         <load_address>0x24f6</load_address>
         <run_address>0x24f6</run_address>
         <size>0x82</size>
         <input_file_ref idref="fl-f"/>
      </object_component>
      <object_component id="oc-b4">
         <name>.debug_line</name>
         <load_address>0x2578</load_address>
         <run_address>0x2578</run_address>
         <size>0x92</size>
         <input_file_ref idref="fl-f"/>
      </object_component>
      <object_component id="oc-114">
         <name>.debug_line</name>
         <load_address>0x260a</load_address>
         <run_address>0x260a</run_address>
         <size>0x92</size>
         <input_file_ref idref="fl-f"/>
      </object_component>
      <object_component id="oc-ba">
         <name>.debug_line</name>
         <load_address>0x269c</load_address>
         <run_address>0x269c</run_address>
         <size>0x92</size>
         <input_file_ref idref="fl-f"/>
      </object_component>
      <object_component id="oc-11a">
         <name>.debug_line</name>
         <load_address>0x272e</load_address>
         <run_address>0x272e</run_address>
         <size>0x93</size>
         <input_file_ref idref="fl-f"/>
      </object_component>
      <object_component id="oc-1b8">
         <name>.debug_line</name>
         <load_address>0x27c1</load_address>
         <run_address>0x27c1</run_address>
         <size>0x96</size>
         <input_file_ref idref="fl-f"/>
      </object_component>
      <object_component id="oc-108">
         <name>.debug_line</name>
         <load_address>0x2857</load_address>
         <run_address>0x2857</run_address>
         <size>0xb3</size>
         <input_file_ref idref="fl-f"/>
      </object_component>
      <object_component id="oc-c6">
         <name>.debug_line</name>
         <load_address>0x290a</load_address>
         <run_address>0x290a</run_address>
         <size>0x93</size>
         <input_file_ref idref="fl-f"/>
      </object_component>
      <object_component id="oc-c0">
         <name>.debug_line</name>
         <load_address>0x299d</load_address>
         <run_address>0x299d</run_address>
         <size>0x93</size>
         <input_file_ref idref="fl-f"/>
      </object_component>
      <object_component id="oc-184">
         <name>.debug_line</name>
         <load_address>0x2a30</load_address>
         <run_address>0x2a30</run_address>
         <size>0x91</size>
         <input_file_ref idref="fl-10"/>
      </object_component>
      <object_component id="oc-1d3">
         <name>.debug_line</name>
         <load_address>0x2ac1</load_address>
         <run_address>0x2ac1</run_address>
         <size>0x5b</size>
         <input_file_ref idref="fl-c6"/>
      </object_component>
      <object_component id="oc-1f4">
         <name>.debug_line</name>
         <load_address>0x2b1c</load_address>
         <run_address>0x2b1c</run_address>
         <size>0x92</size>
         <input_file_ref idref="fl-c7"/>
      </object_component>
      <object_component id="oc-51">
         <name>.debug_line</name>
         <load_address>0x2bae</load_address>
         <run_address>0x2bae</run_address>
         <size>0x56</size>
         <input_file_ref idref="fl-c7"/>
      </object_component>
      <object_component id="oc-153">
         <name>.debug_line</name>
         <load_address>0x2c04</load_address>
         <run_address>0x2c04</run_address>
         <size>0x34</size>
         <input_file_ref idref="fl-c7"/>
      </object_component>
      <object_component id="oc-1f1">
         <name>.debug_line</name>
         <load_address>0x2c38</load_address>
         <run_address>0x2c38</run_address>
         <size>0x92</size>
         <input_file_ref idref="fl-c7"/>
      </object_component>
      <object_component id="oc-14e">
         <name>.debug_line</name>
         <load_address>0x2cca</load_address>
         <run_address>0x2cca</run_address>
         <size>0x20</size>
         <input_file_ref idref="fl-c8"/>
      </object_component>
      <object_component id="oc-20">
         <name>.debug_line</name>
         <load_address>0x2cea</load_address>
         <run_address>0x2cea</run_address>
         <size>0x55</size>
         <input_file_ref idref="fl-c8"/>
      </object_component>
      <object_component id="oc-4a">
         <name>.debug_line</name>
         <load_address>0x2d3f</load_address>
         <run_address>0x2d3f</run_address>
         <size>0x3a</size>
         <input_file_ref idref="fl-c8"/>
      </object_component>
      <object_component id="oc-14b">
         <name>.debug_line</name>
         <load_address>0x2d79</load_address>
         <run_address>0x2d79</run_address>
         <size>0x92</size>
         <input_file_ref idref="fl-c8"/>
      </object_component>
      <object_component id="oc-1ed">
         <name>.debug_line</name>
         <load_address>0x2e0b</load_address>
         <run_address>0x2e0b</run_address>
         <size>0x20</size>
         <input_file_ref idref="fl-c9"/>
      </object_component>
      <object_component id="oc-16">
         <name>.debug_line</name>
         <load_address>0x2e2b</load_address>
         <run_address>0x2e2b</run_address>
         <size>0xa9</size>
         <input_file_ref idref="fl-c9"/>
      </object_component>
      <object_component id="oc-3a">
         <name>.debug_line</name>
         <load_address>0x2ed4</load_address>
         <run_address>0x2ed4</run_address>
         <size>0x3a</size>
         <input_file_ref idref="fl-c9"/>
      </object_component>
      <object_component id="oc-1ea">
         <name>.debug_line</name>
         <load_address>0x2f0e</load_address>
         <run_address>0x2f0e</run_address>
         <size>0x9a</size>
         <input_file_ref idref="fl-c9"/>
      </object_component>
      <object_component id="oc-144">
         <name>.debug_line</name>
         <load_address>0x2fa8</load_address>
         <run_address>0x2fa8</run_address>
         <size>0x96</size>
         <input_file_ref idref="fl-c9"/>
      </object_component>
      <object_component id="oc-72">
         <name>.debug_line</name>
         <load_address>0x303e</load_address>
         <run_address>0x303e</run_address>
         <size>0x33</size>
         <input_file_ref idref="fl-ca"/>
      </object_component>
      <object_component id="oc-60">
         <name>.debug_line</name>
         <load_address>0x3071</load_address>
         <run_address>0x3071</run_address>
         <size>0x45</size>
         <input_file_ref idref="fl-ca"/>
      </object_component>
      <object_component id="oc-273">
         <name>.debug_line</name>
         <load_address>0x30b6</load_address>
         <run_address>0x30b6</run_address>
         <size>0x37</size>
         <input_file_ref idref="fl-cb"/>
      </object_component>
      <object_component id="oc-45">
         <name>.debug_line</name>
         <load_address>0x30ed</load_address>
         <run_address>0x30ed</run_address>
         <size>0x88</size>
         <input_file_ref idref="fl-cc"/>
      </object_component>
      <object_component id="oc-2b0">
         <name>.debug_line</name>
         <load_address>0x3175</load_address>
         <run_address>0x3175</run_address>
         <size>0xbf</size>
         <input_file_ref idref="fl-ce"/>
      </object_component>
      <object_component id="oc-205">
         <name>.debug_line</name>
         <load_address>0x3234</load_address>
         <run_address>0x3234</run_address>
         <size>0x6f</size>
         <input_file_ref idref="fl-ce"/>
      </object_component>
      <object_component id="oc-2b4">
         <name>.debug_line</name>
         <load_address>0x32a3</load_address>
         <run_address>0x32a3</run_address>
         <size>0x2e</size>
         <input_file_ref idref="fl-ce"/>
      </object_component>
      <object_component id="oc-2ca">
         <name>.debug_line</name>
         <load_address>0x32d1</load_address>
         <run_address>0x32d1</run_address>
         <size>0x9a</size>
         <input_file_ref idref="fl-ce"/>
      </object_component>
      <object_component id="oc-2b9">
         <name>.debug_line</name>
         <load_address>0x336b</load_address>
         <run_address>0x336b</run_address>
         <size>0x97</size>
         <input_file_ref idref="fl-ce"/>
      </object_component>
      <object_component id="oc-2be">
         <name>.debug_line</name>
         <load_address>0x3402</load_address>
         <run_address>0x3402</run_address>
         <size>0x93</size>
         <input_file_ref idref="fl-ce"/>
      </object_component>
      <object_component id="oc-160">
         <name>.debug_line</name>
         <load_address>0x3495</load_address>
         <run_address>0x3495</run_address>
         <size>0x40</size>
         <input_file_ref idref="fl-cf"/>
      </object_component>
      <object_component id="oc-1fb">
         <name>.debug_line</name>
         <load_address>0x34d5</load_address>
         <run_address>0x34d5</run_address>
         <size>0x3c</size>
         <input_file_ref idref="fl-d1"/>
      </object_component>
      <object_component id="oc-ca">
         <name>.debug_frame</name>
         <load_address>0x0</load_address>
         <run_address>0x0</run_address>
         <size>0x148</size>
         <input_file_ref idref="fl-2"/>
      </object_component>
      <object_component id="oc-2e">
         <name>.debug_frame</name>
         <load_address>0x148</load_address>
         <run_address>0x148</run_address>
         <size>0xc4</size>
         <input_file_ref idref="fl-3"/>
      </object_component>
      <object_component id="oc-2c">
         <name>.debug_frame</name>
         <load_address>0x20c</load_address>
         <run_address>0x20c</run_address>
         <size>0x90</size>
         <input_file_ref idref="fl-4"/>
      </object_component>
      <object_component id="oc-11d">
         <name>.debug_frame</name>
         <load_address>0x29c</load_address>
         <run_address>0x29c</run_address>
         <size>0x100</size>
         <input_file_ref idref="fl-5"/>
      </object_component>
      <object_component id="oc-1a6">
         <name>.debug_frame</name>
         <load_address>0x39c</load_address>
         <run_address>0x39c</run_address>
         <size>0x54</size>
         <input_file_ref idref="fl-b"/>
      </object_component>
      <object_component id="oc-f1">
         <name>.debug_frame</name>
         <load_address>0x3f0</load_address>
         <run_address>0x3f0</run_address>
         <size>0x68</size>
         <input_file_ref idref="fl-b"/>
      </object_component>
      <object_component id="oc-fd">
         <name>.debug_frame</name>
         <load_address>0x458</load_address>
         <run_address>0x458</run_address>
         <size>0x58</size>
         <input_file_ref idref="fl-b"/>
      </object_component>
      <object_component id="oc-e5">
         <name>.debug_frame</name>
         <load_address>0x4b0</load_address>
         <run_address>0x4b0</run_address>
         <size>0x5c</size>
         <input_file_ref idref="fl-b"/>
      </object_component>
      <object_component id="oc-eb">
         <name>.debug_frame</name>
         <load_address>0x50c</load_address>
         <run_address>0x50c</run_address>
         <size>0x58</size>
         <input_file_ref idref="fl-b"/>
      </object_component>
      <object_component id="oc-f7">
         <name>.debug_frame</name>
         <load_address>0x564</load_address>
         <run_address>0x564</run_address>
         <size>0x58</size>
         <input_file_ref idref="fl-b"/>
      </object_component>
      <object_component id="oc-17a">
         <name>.debug_frame</name>
         <load_address>0x5bc</load_address>
         <run_address>0x5bc</run_address>
         <size>0x54</size>
         <input_file_ref idref="fl-c"/>
      </object_component>
      <object_component id="oc-d3">
         <name>.debug_frame</name>
         <load_address>0x610</load_address>
         <run_address>0x610</run_address>
         <size>0x58</size>
         <input_file_ref idref="fl-c"/>
      </object_component>
      <object_component id="oc-a9">
         <name>.debug_frame</name>
         <load_address>0x668</load_address>
         <run_address>0x668</run_address>
         <size>0x54</size>
         <input_file_ref idref="fl-c"/>
      </object_component>
      <object_component id="oc-a3">
         <name>.debug_frame</name>
         <load_address>0x6bc</load_address>
         <run_address>0x6bc</run_address>
         <size>0x54</size>
         <input_file_ref idref="fl-c"/>
      </object_component>
      <object_component id="oc-8b">
         <name>.debug_frame</name>
         <load_address>0x710</load_address>
         <run_address>0x710</run_address>
         <size>0x54</size>
         <input_file_ref idref="fl-c"/>
      </object_component>
      <object_component id="oc-18c">
         <name>.debug_frame</name>
         <load_address>0x764</load_address>
         <run_address>0x764</run_address>
         <size>0x54</size>
         <input_file_ref idref="fl-c"/>
      </object_component>
      <object_component id="oc-9d">
         <name>.debug_frame</name>
         <load_address>0x7b8</load_address>
         <run_address>0x7b8</run_address>
         <size>0x58</size>
         <input_file_ref idref="fl-c"/>
      </object_component>
      <object_component id="oc-91">
         <name>.debug_frame</name>
         <load_address>0x810</load_address>
         <run_address>0x810</run_address>
         <size>0x54</size>
         <input_file_ref idref="fl-c"/>
      </object_component>
      <object_component id="oc-af">
         <name>.debug_frame</name>
         <load_address>0x864</load_address>
         <run_address>0x864</run_address>
         <size>0x54</size>
         <input_file_ref idref="fl-c"/>
      </object_component>
      <object_component id="oc-85">
         <name>.debug_frame</name>
         <load_address>0x8b8</load_address>
         <run_address>0x8b8</run_address>
         <size>0x54</size>
         <input_file_ref idref="fl-c"/>
      </object_component>
      <object_component id="oc-7f">
         <name>.debug_frame</name>
         <load_address>0x90c</load_address>
         <run_address>0x90c</run_address>
         <size>0x54</size>
         <input_file_ref idref="fl-c"/>
      </object_component>
      <object_component id="oc-d9">
         <name>.debug_frame</name>
         <load_address>0x960</load_address>
         <run_address>0x960</run_address>
         <size>0x5c</size>
         <input_file_ref idref="fl-c"/>
      </object_component>
      <object_component id="oc-192">
         <name>.debug_frame</name>
         <load_address>0x9bc</load_address>
         <run_address>0x9bc</run_address>
         <size>0x60</size>
         <input_file_ref idref="fl-d"/>
      </object_component>
      <object_component id="oc-97">
         <name>.debug_frame</name>
         <load_address>0xa1c</load_address>
         <run_address>0xa1c</run_address>
         <size>0x58</size>
         <input_file_ref idref="fl-d"/>
      </object_component>
      <object_component id="oc-10f">
         <name>.debug_frame</name>
         <load_address>0xa74</load_address>
         <run_address>0xa74</run_address>
         <size>0x54</size>
         <input_file_ref idref="fl-d"/>
      </object_component>
      <object_component id="oc-1c7">
         <name>.debug_frame</name>
         <load_address>0xac8</load_address>
         <run_address>0xac8</run_address>
         <size>0x54</size>
         <input_file_ref idref="fl-e"/>
      </object_component>
      <object_component id="oc-79">
         <name>.debug_frame</name>
         <load_address>0xb1c</load_address>
         <run_address>0xb1c</run_address>
         <size>0x54</size>
         <input_file_ref idref="fl-e"/>
      </object_component>
      <object_component id="oc-df">
         <name>.debug_frame</name>
         <load_address>0xb70</load_address>
         <run_address>0xb70</run_address>
         <size>0x68</size>
         <input_file_ref idref="fl-e"/>
      </object_component>
      <object_component id="oc-103">
         <name>.debug_frame</name>
[...]
            <object_component_ref idref="oc-2b7"/>
            <object_component_ref idref="oc-2bc"/>
         </contents>
      </logical_group>
      <logical_group id="lg-301" display="no" color="cyan">
         <name>Veneer$$CMSE</name>
         <run_address>0x0</run_address>
         <size>0x0</size>
         <contents>
         </contents>
      </logical_group>
      <load_segment id="lg-30a" display="no" color="cyan">
         <name>SEGMENT_0</name>
         <load_address>0x0</load_address>
         <run_address>0x0</run_address>
         <size>0x1b68</size>
         <flags>0x5</flags>
         <contents>
            <logical_group_ref idref="lg-3"/>
            <logical_group_ref idref="lg-4"/>
            <logical_group_ref idref="lg-5"/>
            <logical_group_ref idref="lg-6"/>
         </contents>
      </load_segment>
      <load_segment id="lg-30b" display="no" color="cyan">
         <name>SEGMENT_1</name>
         <run_address>0x20000000</run_address>
         <size>0x4e4</size>
         <flags>0x6</flags>
         <contents>
            <logical_group_ref idref="lg-9"/>
            <logical_group_ref idref="lg-d"/>
            <logical_group_ref idref="lg-b"/>
            <logical_group_ref idref="lg-a"/>
         </contents>
      </load_segment>
   </logical_group_list>
   <placement_map>
      <memory_area display="yes" color="green">
         <name>FLASH</name>
         <page_id>0x0</page_id>
         <origin>0x0</origin>
         <length>0x40000</length>
         <used_space>0x1b64</used_space>
         <unused_space>0x3e49c</unused_space>
         <attributes>RX</attributes>
         <usage_details>
            <allocated_space>
               <start_address>0x0</start_address>
               <size>0x26c</size>
               <logical_group_ref idref="lg-3"/>
            </allocated_space>
            <allocated_space>
               <start_address>0x26c</start_address>
               <size>0x1778</size>
               <logical_group_ref idref="lg-4"/>
            </allocated_space>
            <allocated_space>
               <start_address>0x19e4</start_address>
               <size>0x140</size>
               <logical_group_ref idref="lg-5"/>
            </allocated_space>
            <available_space>
               <start_address>0x1b24</start_address>
               <size>0x4</size>
            </available_space>
            <allocated_space>
               <start_address>0x1b28</start_address>
               <size>0x40</size>
               <logical_group_ref idref="lg-6"/>
            </allocated_space>
            <available_space>
               <start_address>0x1b68</start_address>
               <size>0x3e498</size>
            </available_space>
         </usage_details>
      </memory_area>
      <memory_area display="yes" color="green">
         <name>SRAM</name>
         <page_id>0x0</page_id>
         <origin>0x20000000</origin>
         <length>0x8000</length>
         <used_space>0x4dd</used_space>
         <unused_space>0x7b23</unused_space>
         <attributes>RWX</attributes>
         <usage_details>
            <allocated_space>
               <start_address>0x20000000</start_address>
               <size>0x0</size>
               <logical_group_ref idref="lg-2d5"/>
            </allocated_space>
            <allocated_space>
               <start_address>0x20000000</start_address>
               <size>0x26c</size>
               <logical_group_ref idref="lg-9"/>
            </allocated_space>
            <available_space>
               <start_address>0x2000026c</start_address>
               <size>0x4</size>
            </available_space>
            <allocated_space>
               <start_address>0x20000270</start_address>
               <size>0x200</size>
               <logical_group_ref idref="lg-d"/>
            </allocated_space>
            <allocated_space>
               <start_address>0x20000470</start_address>
               <size>0x65</size>
               <logical_group_ref idref="lg-b"/>
            </allocated_space>
            <available_space>
               <start_address>0x200004d5</start_address>
               <size>0x3</size>
            </available_space>
            <allocated_space>
               <start_address>0x200004d8</start_address>
               <size>0xc</size>
               <logical_group_ref idref="lg-a"/>
            </allocated_space>
            <available_space>
               <start_address>0x200004e4</start_address>
               <size>0x7b1c</size>
            </available_space>
         </usage_details>
      </memory_area>
   </placement_map>
   <cptbl_list>
      <cptbl>
         <name>__TI_cinit_table</name>
         <cprec>
            <name>.bss</name>
            <load_address>0x1b38</load_address>
            <load_size>0x8</load_size>
            <run_address>0x20000470</run_address>
            <run_size>0x65</run_size>
            <compression>zero_init</compression>
         </cprec>
         <cprec>
            <name>.vtable</name>
            <load_address>0x1b40</load_address>
            <load_size>0x8</load_size>
            <run_address>0x20000000</run_address>
            <run_size>0x26c</run_size>
            <compression>zero_init</compression>
         </cprec>
         <cprec>
            <name>.data</name>
            <load_address>0x1b48</load_address>
            <load_size>0x7</load_size>
            <run_address>0x200004d8</run_address>
            <run_size>0xc</run_size>
            <compression>lzss</compression>
         </cprec>
      </cptbl>
   </cptbl_list>
   <handler_table>
      <handler_table_name>__TI_handler_table</handler_table_name>
      <handler>
         <index>0x0</index>
         <name>__TI_zero_init</name>
      </handler>
      <handler>
         <index>0x1</index>
         <name>__TI_decompress_lzss</name>
      </handler>
      <handler>
         <index>0x2</index>
         <name>__TI_decompress_none</name>
      </handler>
   </handler_table>
   <symbol_table>
      <symbol id="sm-1">
         <name>__STACK_TOP</name>
         <value>0x20000470</value>
      </symbol>
      <symbol id="sm-2">
         <name>__start___llvm_prf_cnts</name>
         <value>0x20000000</value>
      </symbol>
      <symbol id="sm-3">
         <name>__stop___llvm_prf_cnts</name>
         <value>0x20000000</value>
      </symbol>
      <symbol id="sm-4">
         <name>__TI_CINIT_Base</name>
         <value>0x1b50</value>
      </symbol>
      <symbol id="sm-5">
         <name>__TI_CINIT_Limit</name>
         <value>0x1b68</value>
      </symbol>
      <symbol id="sm-6">
         <name>__TI_Handler_Table_Base</name>
         <value>0x1b28</value>
      </symbol>
      <symbol id="sm-7">
         <name>__TI_Handler_Table_Limit</name>
         <value>0x1b34</value>
      </symbol>
      <symbol id="sm-8">
         <name>binit</name>
         <value>0xffffffff</value>
      </symbol>
      <symbol id="sm-9">
         <name>__binit__</name>
         <value>0xffffffff</value>
      </symbol>
      <symbol id="sm-a">
         <name>__STACK_SIZE</name>
         <value>0x200</value>
      </symbol>
      <symbol id="sm-b">
         <name>__STACK_END</name>
         <value>0x20000470</value>
      </symbol>
      <symbol id="sm-c">
         <name>__c_args__</name>
         <value>0xffffffff</value>
      </symbol>
      <symbol id="sm-d">
         <name>__TI_pprof_out_hndl</name>
         <value>0xffffffff</value>
      </symbol>
      <symbol id="sm-e">
         <name>__TI_prof_data_start</name>
         <value>0xffffffff</value>
      </symbol>
      <symbol id="sm-f">
         <name>__TI_prof_data_size</name>
         <value>0xffffffff</value>
      </symbol>
      <symbol id="sm-c1">
         <name>synTime</name>
         <value>0x200004b0</value>
      </symbol>
      <symbol id="sm-c2">
         <name>alarmTime</name>
         <value>0x200004cc</value>
      </symbol>
      <symbol id="sm-c3">
         <name>UARTAlarmTime</name>
         <value>0x20000470</value>
      </symbol>
      <symbol id="sm-c4">
         <name>UARTSynTime</name>
         <value>0x20000490</value>
      </symbol>
      <symbol id="sm-c5">
         <name>AdjustUARTAlarmTime</name>
         <value>0x26d</value>
         <object_component_ref idref="oc-c8"/>
      </symbol>
      <symbol id="sm-c6">
         <name>UARTToStructAlarm</name>
         <value>0x38d</value>
         <object_component_ref idref="oc-c8"/>
      </symbol>
      <symbol id="sm-c7">
         <name>AdjustUARTSynTime</name>
         <value>0x299</value>
         <object_component_ref idref="oc-c8"/>
      </symbol>
      <symbol id="sm-c8">
         <name>CounterToStructCalender</name>
         <value>0x5a5</value>
         <object_component_ref idref="oc-c8"/>
      </symbol>
      <symbol id="sm-c9">
         <name>SetDayAndTime</name>
         <value>0x8e5</value>
         <object_component_ref idref="oc-c8"/>
      </symbol>
      <symbol id="sm-ca">
         <name>StructCalenderToCounter</name>
         <value>0x3c1</value>
         <object_component_ref idref="oc-c8"/>
      </symbol>
      <symbol id="sm-cb">
         <name>UARTToStructCalendar</name>
         <value>0x2c5</value>
         <object_component_ref idref="oc-c8"/>
      </symbol>
      <symbol id="sm-cc">
         <name>CheckAlarm</name>
         <value>0x919</value>
         <object_component_ref idref="oc-c8"/>
      </symbol>
      <symbol id="sm-10f">
         <name>UART1_Int</name>
         <value>0xe75</value>
         <object_component_ref idref="oc-2d"/>
      </symbol>
      <symbol id="sm-110">
         <name>Hibernate_Int</name>
         <value>0xe31</value>
         <object_component_ref idref="oc-2d"/>
      </symbol>
      <symbol id="sm-111">
         <name>UART0_Int</name>
         <value>0xe51</value>
         <object_component_ref idref="oc-2d"/>
      </symbol>
      <symbol id="sm-112">
         <name>main</name>
         <value>0xdf5</value>
         <object_component_ref idref="oc-2d"/>
      </symbol>
      <symbol id="sm-113">
         <name>Initialzation</name>
         <value>0xf69</value>
         <object_component_ref idref="oc-2d"/>
      </symbol>
      <symbol id="sm-134">
         <name>ResetISR</name>
         <value>0x19a1</value>
         <object_component_ref idref="oc-27"/>
      </symbol>
      <symbol id="sm-135">
         <name>g_pfnVectors</name>
         <value>0x0</value>
         <object_component_ref idref="oc-12"/>
      </symbol>
      <symbol id="sm-1a4">
         <name>UARTgetc</name>
         <value>0xa9f</value>
         <object_component_ref idref="oc-11c"/>
      </symbol>
      <symbol id="sm-1a5">
         <name>UARTgets</name>
         <value>0x9e5</value>
         <object_component_ref idref="oc-11c"/>
      </symbol>
      <symbol id="sm-1a6">
         <name>UARTStdioConfig</name>
         <value>0x959</value>
         <object_component_ref idref="oc-11c"/>
      </symbol>
      <symbol id="sm-1a7">
         <name>UARTwrite</name>
         <value>0x99f</value>
         <object_component_ref idref="oc-11c"/>
      </symbol>
      <symbol id="sm-1a8">
         <name>UARTprintf</name>
         <value>0xdbf</value>
         <object_component_ref idref="oc-11c"/>
      </symbol>
      <symbol id="sm-1a9">
         <name>UARTvprintf</name>
         <value>0xac5</value>
         <object_component_ref idref="oc-11c"/>
      </symbol>
      <symbol id="sm-207">
         <name>GPIOPinConfigure</name>
         <value>0x15a5</value>
         <object_component_ref idref="oc-f2"/>
      </symbol>
      <symbol id="sm-208">
         <name>GPIOPinTypeGPIOInput</name>
         <value>0x18b9</value>
         <object_component_ref idref="oc-e6"/>
      </symbol>
      <symbol id="sm-209">
         <name>GPIOPinTypeUART</name>
         <value>0x18cf</value>
         <object_component_ref idref="oc-f8"/>
      </symbol>
      <symbol id="sm-20a">
         <name>GPIOPinTypeGPIOOutput</name>
         <value>0x186d</value>
         <object_component_ref idref="oc-e0"/>
      </symbol>
      <symbol id="sm-20b">
         <name>GPIODirModeSet</name>
         <value>0x1791</value>
         <object_component_ref idref="oc-1a1"/>
      </symbol>
      <symbol id="sm-20c">
         <name>GPIOPadConfigSet</name>
         <value>0x10c1</value>
         <object_component_ref idref="oc-ec"/>
      </symbol>
      <symbol id="sm-295">
         <name>HibernateDataSet</name>
         <value>0x17e9</value>
         <object_component_ref idref="oc-d4"/>
      </symbol>
      <symbol id="sm-296">
         <name>HibernateIntClear</name>
         <value>0x18f9</value>
         <object_component_ref idref="oc-aa"/>
      </symbol>
      <symbol id="sm-297">
         <name>HibernateRTCSet</name>
         <value>0x17bd</value>
         <object_component_ref idref="oc-ce"/>
      </symbol>
      <symbol id="sm-298">
         <name>HibernateEnableExpClk</name>
         <value>0x18e5</value>
         <object_component_ref idref="oc-7a"/>
      </symbol>
      <symbol id="sm-299">
         <name>HibernateRTCMatchSet</name>
         <value>0x1949</value>
         <object_component_ref idref="oc-a4"/>
      </symbol>
      <symbol id="sm-29a">
         <name>HibernateIntEnable</name>
         <value>0x190d</value>
         <object_component_ref idref="oc-8c"/>
      </symbol>
      <symbol id="sm-29b">
         <name>HibernateRTCEnable</name>
         <value>0x1921</value>
         <object_component_ref idref="oc-86"/>
      </symbol>
      <symbol id="sm-29c">
         <name>HibernateIntRegister</name>
         <value>0x18a1</value>
         <object_component_ref idref="oc-98"/>
      </symbol>
      <symbol id="sm-29d">
         <name>HibernateGPIORetentionEnable</name>
         <value>0x1889</value>
         <object_component_ref idref="oc-80"/>
      </symbol>
      <symbol id="sm-29e">
         <name>HibernateRTCGet</name>
         <value>0x1995</value>
         <object_component_ref idref="oc-9e"/>
      </symbol>
      <symbol id="sm-2d8">
         <name>IntEnable</name>
         <value>0x14d5</value>
         <object_component_ref idref="oc-10a"/>
      </symbol>
      <symbol id="sm-2d9">
         <name>IntRegister</name>
         <value>0x16f5</value>
         <object_component_ref idref="oc-18d"/>
      </symbol>
      <symbol id="sm-2da">
         <name>g_pfnRAMVectors</name>
         <value>0x20000000</value>
         <object_component_ref idref="oc-259"/>
      </symbol>
      <symbol id="sm-2db">
         <name>IntMasterEnable</name>
         <value>0x1959</value>
         <object_component_ref idref="oc-92"/>
      </symbol>
      <symbol id="sm-339">
         <name>SysCtlPeripheralPresent</name>
         <value>0x16bd</value>
         <object_component_ref idref="oc-1c2"/>
      </symbol>
      <symbol id="sm-33a">
         <name>SysCtlClockSet</name>
         <value>0x1345</value>
         <object_component_ref idref="oc-da"/>
      </symbol>
      <symbol id="sm-33b">
         <name>SysCtlDelay</name>
         <value>0x19d3</value>
         <object_component_ref idref="oc-19f"/>
      </symbol>
      <symbol id="sm-33c">
         <name>SysCtlPeripheralEnable</name>
         <value>0x1729</value>
         <object_component_ref idref="oc-74"/>
      </symbol>
      <symbol id="sm-33d">
         <name>SysCtlClockGet</name>
         <value>0x122d</value>
         <object_component_ref idref="oc-fe"/>
      </symbol>
      <symbol id="sm-388">
         <name>UARTConfigSetExpClk</name>
         <value>0x15f1</value>
         <object_component_ref idref="oc-104"/>
      </symbol>
      <symbol id="sm-389">
         <name>UARTDisable</name>
         <value>0x1811</value>
         <object_component_ref idref="oc-1b4"/>
      </symbol>
      <symbol id="sm-38a">
         <name>UARTIntEnable</name>
         <value>0x19cb</value>
         <object_component_ref idref="oc-110"/>
      </symbol>
      <symbol id="sm-38b">
         <name>UARTCharPut</name>
         <value>0x19b7</value>
         <object_component_ref idref="oc-c2"/>
      </symbol>
      <symbol id="sm-38c">
         <name>UARTEnable</name>
         <value>0x1935</value>
         <object_component_ref idref="oc-116"/>
      </symbol>
      <symbol id="sm-38d">
         <name>UARTIntClear</name>
         <value>0x19d9</value>
         <object_component_ref idref="oc-b6"/>
      </symbol>
      <symbol id="sm-38e">
         <name>UARTIntStatus</name>
         <value>0x19c1</value>
         <object_component_ref idref="oc-b0"/>
      </symbol>
      <symbol id="sm-38f">
         <name>UARTCharGet</name>
         <value>0x19ad</value>
         <object_component_ref idref="oc-bc"/>
      </symbol>
      <symbol id="sm-399">
         <name>CPUcpsie</name>
         <value>0x1987</value>
         <object_component_ref idref="oc-180"/>
      </symbol>
      <symbol id="sm-3a8">
         <name>__aeabi_uidivmod</name>
         <value>0x167d</value>
         <object_component_ref idref="oc-1d1"/>
      </symbol>
      <symbol id="sm-3a9">
         <name>__aeabi_uidiv</name>
         <value>0x167d</value>
         <object_component_ref idref="oc-1d1"/>
      </symbol>
      <symbol id="sm-3c2">
         <name>__TI_zero_init_nomemset</name>
         <value>0x1851</value>
         <object_component_ref idref="oc-4d"/>
      </symbol>
      <symbol id="sm-3d9">
         <name>__TI_decompress_none</name>
         <value>0x1979</value>
         <object_component_ref idref="oc-1b"/>
      </symbol>
      <symbol id="sm-3fc">
         <name>__TI_decompress_lzss</name>
         <value>0x153d</value>
         <object_component_ref idref="oc-15"/>
      </symbol>
      <symbol id="sm-40f">
         <name>__stack</name>
         <value>0x20000270</value>
         <object_component_ref idref="oc-24"/>
      </symbol>
      <symbol id="sm-410">
         <name>_c_int00_noargs</name>
         <value>0x175d</value>
         <object_component_ref idref="oc-5f"/>
      </symbol>
      <symbol id="sm-41a">
         <name>__aeabi_idiv0</name>
         <value>0x1637</value>
         <object_component_ref idref="oc-272"/>
      </symbol>
      <symbol id="sm-41b">
         <name>__aeabi_ldiv0</name>
         <value>0x1637</value>
         <object_component_ref idref="oc-272"/>
      </symbol>
      <symbol id="sm-436">
         <name>memcpy</name>
         <value>0x1439</value>
         <object_component_ref idref="oc-41"/>
      </symbol>
      <symbol id="sm-437">
         <name>__aeabi_memcpy</name>
         <value>0x1439</value>
         <object_component_ref idref="oc-41"/>
      </symbol>
      <symbol id="sm-438">
         <name>__aeabi_memcpy8</name>
         <value>0x1439</value>
         <object_component_ref idref="oc-41"/>
      </symbol>
      <symbol id="sm-439">
         <name>__aeabi_memcpy4</name>
         <value>0x1439</value>
         <object_component_ref idref="oc-41"/>
      </symbol>
      <symbol id="sm-462">
         <name>__TI_auto_init_nobinit_nopinit</name>
         <value>0x1639</value>
         <object_component_ref idref="oc-203"/>
      </symbol>
      <symbol id="sm-46c">
         <name>_system_pre_init</name>
         <value>0x19dd</value>
         <object_component_ref idref="oc-15c"/>
      </symbol>
      <symbol id="sm-478">
         <name>C$$EXIT</name>
         <value>0x19e1</value>
         <object_component_ref idref="oc-1f7"/>
      </symbol>
      <symbol id="sm-479">
         <name>abort</name>
         <value>0x19e1</value>
         <object_component_ref idref="oc-1f7"/>
      </symbol>
      <symbol id="sm-47c">
         <name>__TI_static_base__</name>
         <value>0x0</value>
      </symbol>
      <symbol id="sm-47f">
         <name>__mpu_init</name>
         <value>0x0</value>
      </symbol>
      <symbol id="sm-480">
         <name>_system_post_cinit</name>
         <value>0x0</value>
      </symbol>
   </symbol_table>
   <title>Link successful</title>
</link_info>
