<?xml version="1.0" encoding="ISO-8859-1" ?>
<link_info>
   <banner>TI ARM Linker PC v20.2.2.LTS</banner>
   <copyright>Copyright (c) 1996-2018 Texas Instruments Incorporated</copyright>
   <link_time>0x60f67611</link_time>
   <link_errors>0x0</link_errors>
   <output_file>Hibernation_Clock_TivaC.out</output_file>
   <entry_point>
      <name>_c_int00_noargs</name>
      <address>0x2575</address>
   </entry_point>
   <input_file_list>
      <input_file id="fl-2">
         <path>.\</path>
         <kind>object</kind>
         <file>MyI2C.obj</file>
         <name>MyI2C.obj</name>
      </input_file>
      <input_file id="fl-3">
         <path>.\</path>
         <kind>object</kind>
         <file>PCF8574A_LCD_123GH6PM.obj</file>
         <name>PCF8574A_LCD_123GH6PM.obj</name>
      </input_file>
      <input_file id="fl-4">
         <path>.\</path>
         <kind>object</kind>
         <file>alarmClock.obj</file>
         <name>alarmClock.obj</name>
      </input_file>
      <input_file id="fl-5">
         <path>.\</path>
         <kind>object</kind>
         <file>main.obj</file>
         <name>main.obj</name>
      </input_file>
      <input_file id="fl-6">
         <path>.\</path>
         <kind>object</kind>
         <file>tm4c123gh6pm_startup_ccs.obj</file>
         <name>tm4c123gh6pm_startup_ccs.obj</name>
      </input_file>
      <input_file id="fl-7">
         <path>.\</path>
         <kind>object</kind>
         <file>uartstdio.obj</file>
         <name>uartstdio.obj</name>
      </input_file>
      <input_file id="fl-c">
         <kind>object</kind>
         <file>&lt;internal&gt;</file>
         <name>&lt;internal&gt;</name>
      </input_file>
      <input_file id="fl-d">
         <path>..\</path>
         <kind>archive</kind>
         <file>driverlib.lib</file>
         <name>gpio.obj</name>
      </input_file>
      <input_file id="fl-e">
         <path>..\</path>
         <kind>archive</kind>
         <file>driverlib.lib</file>
         <name>hibernate.obj</name>
      </input_file>
      <input_file id="fl-f">
         <path>..\</path>
         <kind>archive</kind>
         <file>driverlib.lib</file>
         <name>i2c.obj</name>
      </input_file>
      <input_file id="fl-10">
         <path>..\</path>
         <kind>archive</kind>
         <file>driverlib.lib</file>
         <name>interrupt.obj</name>
      </input_file>
      <input_file id="fl-11">
         <path>..\</path>
         <kind>archive</kind>
         <file>driverlib.lib</file>
         <name>sysctl.obj</name>
      </input_file>
      <input_file id="fl-12">
         <path>..\</path>
         <kind>archive</kind>
         <file>driverlib.lib</file>
         <name>timer.obj</name>
      </input_file>
      <input_file id="fl-13">
         <path>..\</path>
         <kind>archive</kind>
         <file>driverlib.lib</file>
         <name>uart.obj</name>
      </input_file>
      <input_file id="fl-14">
         <path>..\</path>
         <kind>archive</kind>
         <file>driverlib.lib</file>
         <name>cpu.obj</name>
      </input_file>
      <input_file id="fl-ca">
         <path>C:\ti\ccs1020\ccs\tools\compiler\ti-cgt-arm_20.2.2.LTS\lib\</path>
         <kind>archive</kind>
         <file>rtsv7M4_T_le_v4SPD16_eabi.lib</file>
         <name>u_divt2.asm.obj</name>
      </input_file>
      <input_file id="fl-cb">
         <path>C:\ti\ccs1020\ccs\tools\compiler\ti-cgt-arm_20.2.2.LTS\lib\</path>
         <kind>archive</kind>
         <file>rtsv7M4_T_le_v4SPD16_eabi.lib</file>
         <name>copy_zero_init.c.obj</name>
      </input_file>
      <input_file id="fl-cc">
         <path>C:\ti\ccs1020\ccs\tools\compiler\ti-cgt-arm_20.2.2.LTS\lib\</path>
         <kind>archive</kind>
         <file>rtsv7M4_T_le_v4SPD16_eabi.lib</file>
         <name>copy_decompress_none.c.obj</name>
      </input_file>
      <input_file id="fl-cd">
         <path>C:\ti\ccs1020\ccs\tools\compiler\ti-cgt-arm_20.2.2.LTS\lib\</path>
         <kind>archive</kind>
         <file>rtsv7M4_T_le_v4SPD16_eabi.lib</file>
         <name>copy_decompress_lzss.c.obj</name>
      </input_file>
      <input_file id="fl-ce">
         <path>C:\ti\ccs1020\ccs\tools\compiler\ti-cgt-arm_20.2.2.LTS\lib\</path>
         <kind>archive</kind>
         <file>rtsv7M4_T_le_v4SPD16_eabi.lib</file>
         <name>boot_cortex_m.c.obj</name>
      </input_file>
      <input_file id="fl-cf">
         <path>C:\ti\ccs1020\ccs\tools\compiler\ti-cgt-arm_20.2.2.LTS\lib\</path>
         <kind>archive</kind>
         <file>rtsv7M4_T_le_v4SPD16_eabi.lib</file>
         <name>div0.asm.obj</name>
      </input_file>
      <input_file id="fl-d0">
         <path>C:\ti\ccs1020\ccs\tools\compiler\ti-cgt-arm_20.2.2.LTS\lib\</path>
         <kind>archive</kind>
         <file>rtsv7M4_T_le_v4SPD16_eabi.lib</file>
         <name>memcpy_t2.asm.obj</name>
      </input_file>
      <input_file id="fl-d1">
         <path>C:\ti\ccs1020\ccs\tools\compiler\ti-cgt-arm_20.2.2.LTS\lib\</path>
         <kind>archive</kind>
         <file>rtsv7M4_T_le_v4SPD16_eabi.lib</file>
         <name>memset_t2.asm.obj</name>
      </input_file>
      <input_file id="fl-d2">
         <path>C:\ti\ccs1020\ccs\tools\compiler\ti-cgt-arm_20.2.2.LTS\lib\</path>
         <kind>archive</kind>
         <file>rtsv7M4_T_le_v4SPD16_eabi.lib</file>
         <name>autoinit.c.obj</name>
      </input_file>
      <input_file id="fl-d3">
         <path>C:\ti\ccs1020\ccs\tools\compiler\ti-cgt-arm_20.2.2.LTS\lib\</path>
         <kind>archive</kind>
         <file>rtsv7M4_T_le_v4SPD16_eabi.lib</file>
         <name>pre_init.c.obj</name>
      </input_file>
      <input_file id="fl-d4">
         <path>C:\ti\ccs1020\ccs\tools\compiler\ti-cgt-arm_20.2.2.LTS\lib\</path>
         <kind>archive</kind>
         <file>rtsv7M4_T_le_v4SPD16_eabi.lib</file>
         <name>cpy_tbl.c.obj</name>
      </input_file>
      <input_file id="fl-d5">
         <path>C:\ti\ccs1020\ccs\tools\compiler\ti-cgt-arm_20.2.2.LTS\lib\</path>
         <kind>archive</kind>
         <file>rtsv7M4_T_le_v4SPD16_eabi.lib</file>
         <name>exit.c.obj</name>
      </input_file>
      <input_file id="fl-d6">
         <path>C:\ti\ccs1020\ccs\tools\compiler\ti-cgt-arm_20.2.2.LTS\lib\</path>
         <kind>archive</kind>
         <file>rtsv7M4_T_le_v4SPD16_eabi.lib</file>
         <name>_lock.c.obj</name>
      </input_file>
      <input_file id="fl-d7">
         <path>C:\ti\ccs1020\ccs\tools\compiler\ti-cgt-arm_20.2.2.LTS\lib\</path>
         <kind>archive</kind>
         <file>rtsv7M4_T_le_v4SPD16_eabi.lib</file>
         <name>args_main.c.obj</name>
      </input_file>
   </input_file_list>
   <object_component_list>
      <object_component id="oc-12">
         <name>.intvecs</name>
         <load_address>0x0</load_address>
         <run_address>0x0</run_address>
         <size>0x26c</size>
         <input_file_ref idref="fl-6"/>
      </object_component>
      <object_component id="oc-2d">
         <name>.text</name>
         <load_address>0x26c</load_address>
         <run_address>0x26c</run_address>
         <size>0xb14</size>
         <input_file_ref idref="fl-4"/>
      </object_component>
      <object_component id="oc-f1">
         <name>.text</name>
         <load_address>0xd80</load_address>
         <run_address>0xd80</run_address>
         <size>0x4d6</size>
         <input_file_ref idref="fl-3"/>
      </object_component>
      <object_component id="oc-3a0">
         <name>.text</name>
         <load_address>0x1256</load_address>
         <run_address>0x1256</run_address>
         <size>0x2</size>
         <input_file_ref idref="fl-cf"/>
      </object_component>
      <object_component id="oc-246">
         <name>.text</name>
         <load_address>0x1258</load_address>
         <run_address>0x1258</run_address>
         <size>0x49c</size>
         <input_file_ref idref="fl-7"/>
      </object_component>
      <object_component id="oc-133">
         <name>.text</name>
         <load_address>0x16f4</load_address>
         <run_address>0x16f4</run_address>
         <size>0x35c</size>
         <input_file_ref idref="fl-5"/>
      </object_component>
      <object_component id="oc-190">
         <name>.text</name>
         <load_address>0x1a50</load_address>
         <run_address>0x1a50</run_address>
         <size>0x298</size>
         <input_file_ref idref="fl-2"/>
      </object_component>
      <object_component id="oc-ae">
         <name>.text:GPIOPadConfigSet</name>
         <load_address>0x1ce8</load_address>
         <run_address>0x1ce8</run_address>
         <size>0x16c</size>
         <input_file_ref idref="fl-d"/>
      </object_component>
      <object_component id="oc-8a">
         <name>.text:SysCtlClockGet</name>
         <load_address>0x1e54</load_address>
         <run_address>0x1e54</run_address>
         <size>0x118</size>
         <input_file_ref idref="fl-11"/>
      </object_component>
      <object_component id="oc-1f2">
         <name>.text:SysCtlClockSet</name>
         <load_address>0x1f6c</load_address>
         <run_address>0x1f6c</run_address>
         <size>0xf4</size>
         <input_file_ref idref="fl-11"/>
      </object_component>
      <object_component id="oc-41">
         <name>.text</name>
         <load_address>0x2060</load_address>
         <run_address>0x2060</run_address>
         <size>0x9c</size>
         <input_file_ref idref="fl-d0"/>
      </object_component>
      <object_component id="oc-9c">
         <name>.text:IntEnable</name>
         <load_address>0x20fc</load_address>
         <run_address>0x20fc</run_address>
         <size>0x68</size>
         <input_file_ref idref="fl-10"/>
      </object_component>
      <object_component id="oc-15">
         <name>.text:decompress:lzss:__TI_decompress_lzss</name>
         <load_address>0x2164</load_address>
         <run_address>0x2164</run_address>
         <size>0x68</size>
         <input_file_ref idref="fl-cd"/>
      </object_component>
      <object_component id="oc-210">
         <name>.text:HibernateWakeSet</name>
         <load_address>0x21cc</load_address>
         <run_address>0x21cc</run_address>
         <size>0x64</size>
         <input_file_ref idref="fl-e"/>
      </object_component>
      <object_component id="oc-84">
         <name>.text:TimerConfigure</name>
         <load_address>0x2230</load_address>
         <run_address>0x2230</run_address>
         <size>0x60</size>
         <input_file_ref idref="fl-12"/>
      </object_component>
      <object_component id="oc-2c1">
         <name>.text:SysCtlPeripheralReset</name>
         <load_address>0x2290</load_address>
         <run_address>0x2290</run_address>
         <size>0x50</size>
         <input_file_ref idref="fl-11"/>
      </object_component>
      <object_component id="oc-22e">
         <name>.text:GPIOPinConfigure</name>
         <load_address>0x22e0</load_address>
         <run_address>0x22e0</run_address>
         <size>0x4c</size>
         <input_file_ref idref="fl-d"/>
      </object_component>
      <object_component id="oc-2d3">
         <name>.text:I2CMasterInitExpClk</name>
         <load_address>0x232c</load_address>
         <run_address>0x232c</run_address>
         <size>0x4c</size>
         <input_file_ref idref="fl-f"/>
      </object_component>
      <object_component id="oc-15b">
         <name>.text:_TimerIntNumberGet</name>
         <load_address>0x2378</load_address>
         <run_address>0x2378</run_address>
         <size>0x4c</size>
         <input_file_ref idref="fl-12"/>
      </object_component>
      <object_component id="oc-23a">
         <name>.text:UARTConfigSetExpClk</name>
         <load_address>0x23c4</load_address>
         <run_address>0x23c4</run_address>
         <size>0x46</size>
         <input_file_ref idref="fl-13"/>
      </object_component>
      <object_component id="oc-177">
         <name>.text:_GPIOIntNumberGet</name>
         <load_address>0x240c</load_address>
         <run_address>0x240c</run_address>
         <size>0x44</size>
         <input_file_ref idref="fl-d"/>
      </object_component>
      <object_component id="oc-25a">
         <name>.text:__TI_auto_init_nobinit_nopinit:__TI_auto_init_nobinit_nopinit</name>
         <load_address>0x2450</load_address>
         <run_address>0x2450</run_address>
         <size>0x44</size>
         <input_file_ref idref="fl-d2"/>
      </object_component>
      <object_component id="oc-346">
         <name>.text</name>
         <load_address>0x2494</load_address>
         <run_address>0x2494</run_address>
         <size>0x40</size>
         <input_file_ref idref="fl-ca"/>
      </object_component>
      <object_component id="oc-337">
         <name>.text:SysCtlPeripheralPresent</name>
         <load_address>0x24d4</load_address>
         <run_address>0x24d4</run_address>
         <size>0x38</size>
         <input_file_ref idref="fl-11"/>
      </object_component>
      <object_component id="oc-161">
         <name>.text:IntRegister</name>
         <load_address>0x250c</load_address>
         <run_address>0x250c</run_address>
         <size>0x34</size>
         <input_file_ref idref="fl-10"/>
      </object_component>
      <object_component id="oc-7e">
         <name>.text:SysCtlPeripheralEnable</name>
         <load_address>0x2540</load_address>
         <run_address>0x2540</run_address>
         <size>0x34</size>
         <input_file_ref idref="fl-11"/>
      </object_component>
      <object_component id="oc-5f">
         <name>.text:_c_int00_noargs:_c_int00_noargs</name>
         <load_address>0x2574</load_address>
         <run_address>0x2574</run_address>
         <size>0x34</size>
         <input_file_ref idref="fl-ce"/>
      </object_component>
      <object_component id="oc-16e">
         <name>.text:GPIODirModeSet</name>
         <load_address>0x25a8</load_address>
         <run_address>0x25a8</run_address>
         <size>0x2c</size>
         <input_file_ref idref="fl-d"/>
      </object_component>
      <object_component id="oc-1c8">
         <name>.text:HibernateRTCSet</name>
         <load_address>0x25d4</load_address>
         <run_address>0x25d4</run_address>
         <size>0x2c</size>
         <input_file_ref idref="fl-e"/>
      </object_component>
      <object_component id="oc-1c2">
         <name>.text:HibernateDataSet</name>
         <load_address>0x2600</load_address>
         <run_address>0x2600</run_address>
         <size>0x28</size>
         <input_file_ref idref="fl-e"/>
      </object_component>
      <object_component id="oc-cc">
         <name>.text:IntPrioritySet</name>
         <load_address>0x2628</load_address>
         <run_address>0x2628</run_address>
         <size>0x24</size>
         <input_file_ref idref="fl-10"/>
      </object_component>
      <object_component id="oc-1d4">
         <name>.text:HibernateDataGet</name>
         <load_address>0x264c</load_address>
         <run_address>0x264c</run_address>
         <size>0x20</size>
         <input_file_ref idref="fl-e"/>
      </object_component>
      <object_component id="oc-32f">
         <name>.text:UARTDisable</name>
         <load_address>0x266c</load_address>
         <run_address>0x266c</run_address>
         <size>0x20</size>
         <input_file_ref idref="fl-13"/>
      </object_component>
      <object_component id="oc-320">
         <name>.text:_HibernateIntNumberGet</name>
         <load_address>0x268c</load_address>
         <run_address>0x268c</run_address>
         <size>0x20</size>
         <input_file_ref idref="fl-e"/>
      </object_component>
      <object_component id="oc-4d">
         <name>.text:decompress:ZI:__TI_zero_init_nomemset:__TI_zero_init_nomemset</name>
         <load_address>0x26ac</load_address>
         <run_address>0x26ac</run_address>
         <size>0x1c</size>
         <input_file_ref idref="fl-cb"/>
      </object_component>
      <object_component id="oc-d2">
         <name>.text:GPIOPinTypeGPIOOutput</name>
         <load_address>0x26c8</load_address>
         <run_address>0x26c8</run_address>
         <size>0x1a</size>
         <input_file_ref idref="fl-d"/>
      </object_component>
      <object_component id="oc-b4">
         <name>.text:GPIOIntRegister</name>
         <load_address>0x26e2</load_address>
         <run_address>0x26e2</run_address>
         <size>0x18</size>
         <input_file_ref idref="fl-d"/>
      </object_component>
      <object_component id="oc-204">
         <name>.text:HibernateGPIORetentionEnable</name>
         <load_address>0x26fc</load_address>
         <run_address>0x26fc</run_address>
         <size>0x18</size>
         <input_file_ref idref="fl-e"/>
      </object_component>
      <object_component id="oc-216">
         <name>.text:HibernateIntRegister</name>
         <load_address>0x2714</load_address>
         <run_address>0x2714</run_address>
         <size>0x18</size>
         <input_file_ref idref="fl-e"/>
      </object_component>
      <object_component id="oc-96">
         <name>.text:TimerIntRegister</name>
         <load_address>0x272c</load_address>
         <run_address>0x272c</run_address>
         <size>0x18</size>
         <input_file_ref idref="fl-12"/>
      </object_component>
      <object_component id="oc-a8">
         <name>.text:GPIOPinTypeGPIOInput</name>
         <load_address>0x2744</load_address>
         <run_address>0x2744</run_address>
         <size>0x16</size>
         <input_file_ref idref="fl-d"/>
      </object_component>
      <object_component id="oc-2cd">
         <name>.text:GPIOPinTypeI2C</name>
         <load_address>0x275a</load_address>
         <run_address>0x275a</run_address>
         <size>0x16</size>
         <input_file_ref idref="fl-d"/>
      </object_component>
      <object_component id="oc-2c7">
         <name>.text:GPIOPinTypeI2CSCL</name>
         <load_address>0x2770</load_address>
         <run_address>0x2770</run_address>
         <size>0x16</size>
         <input_file_ref idref="fl-d"/>
      </object_component>
      <object_component id="oc-234">
         <name>.text:GPIOPinTypeUART</name>
         <load_address>0x2786</load_address>
         <run_address>0x2786</run_address>
         <size>0x16</size>
         <input_file_ref idref="fl-d"/>
      </object_component>
      <object_component id="oc-1f8">
         <name>.text:HibernateEnableExpClk</name>
         <load_address>0x279c</load_address>
         <run_address>0x279c</run_address>
         <size>0x14</size>
         <input_file_ref idref="fl-e"/>
      </object_component>
      <object_component id="oc-1ce">
         <name>.text:HibernateIntClear</name>
         <load_address>0x27b0</load_address>
         <run_address>0x27b0</run_address>
         <size>0x14</size>
         <input_file_ref idref="fl-e"/>
      </object_component>
      <object_component id="oc-1e0">
         <name>.text:HibernateIntDisable</name>
         <load_address>0x27c4</load_address>
         <run_address>0x27c4</run_address>
         <size>0x14</size>
         <input_file_ref idref="fl-e"/>
      </object_component>
      <object_component id="oc-21c">
         <name>.text:HibernateIntEnable</name>
         <load_address>0x27d8</load_address>
         <run_address>0x27d8</run_address>
         <size>0x14</size>
         <input_file_ref idref="fl-e"/>
      </object_component>
      <object_component id="oc-1fe">
         <name>.text:HibernateRTCDisable</name>
         <load_address>0x27ec</load_address>
         <run_address>0x27ec</run_address>
         <size>0x14</size>
         <input_file_ref idref="fl-e"/>
      </object_component>
      <object_component id="oc-20a">
         <name>.text:HibernateRTCEnable</name>
         <load_address>0x2800</load_address>
         <run_address>0x2800</run_address>
         <size>0x14</size>
         <input_file_ref idref="fl-e"/>
      </object_component>
      <object_component id="oc-1ec">
         <name>.text:HibernateRequest</name>
         <load_address>0x2814</load_address>
         <run_address>0x2814</run_address>
         <size>0x14</size>
         <input_file_ref idref="fl-e"/>
      </object_component>
      <object_component id="oc-240">
         <name>.text:UARTEnable</name>
         <load_address>0x2828</load_address>
         <run_address>0x2828</run_address>
         <size>0x14</size>
         <input_file_ref idref="fl-13"/>
      </object_component>
      <object_component id="oc-90">
         <name>.text:TimerLoadSet</name>
         <load_address>0x283c</load_address>
         <run_address>0x283c</run_address>
         <size>0x12</size>
         <input_file_ref idref="fl-12"/>
      </object_component>
      <object_component id="oc-1da">
         <name>.text:HibernateRTCMatchSet</name>
         <load_address>0x2850</load_address>
         <run_address>0x2850</run_address>
         <size>0x10</size>
         <input_file_ref idref="fl-e"/>
      </object_component>
      <object_component id="oc-228">
         <name>.text:HibernateRTCSSMatchSet</name>
         <load_address>0x2860</load_address>
         <run_address>0x2860</run_address>
         <size>0x10</size>
         <input_file_ref idref="fl-e"/>
      </object_component>
      <object_component id="oc-222">
         <name>.text:HibernateRTCTrimSet</name>
         <load_address>0x2870</load_address>
         <run_address>0x2870</run_address>
         <size>0x10</size>
         <input_file_ref idref="fl-e"/>
      </object_component>
      <object_component id="oc-1e6">
         <name>.text:IntMasterDisable</name>
         <load_address>0x2880</load_address>
         <run_address>0x2880</run_address>
         <size>0x10</size>
         <input_file_ref idref="fl-10"/>
      </object_component>
      <object_component id="oc-c0">
         <name>.text:IntMasterEnable</name>
         <load_address>0x2890</load_address>
         <run_address>0x2890</run_address>
         <size>0x10</size>
         <input_file_ref idref="fl-10"/>
      </object_component>
      <object_component id="oc-305">
         <name>.text:_HibernateWriteComplete</name>
         <load_address>0x28a0</load_address>
         <run_address>0x28a0</run_address>
         <size>0x10</size>
         <input_file_ref idref="fl-e"/>
      </object_component>
      <object_component id="oc-de">
         <name>.text:GPIOIntStatus</name>
         <load_address>0x28b0</load_address>
         <run_address>0x28b0</run_address>
         <size>0xe</size>
         <input_file_ref idref="fl-d"/>
      </object_component>
      <object_component id="oc-c6">
         <name>.text:TimerEnable</name>
         <load_address>0x28be</load_address>
         <run_address>0x28be</run_address>
         <size>0xe</size>
         <input_file_ref idref="fl-12"/>
      </object_component>
      <object_component id="oc-1b0">
         <name>.text:UARTCharsAvail</name>
         <load_address>0x28cc</load_address>
         <run_address>0x28cc</run_address>
         <size>0xe</size>
         <input_file_ref idref="fl-13"/>
      </object_component>
      <object_component id="oc-1b">
         <name>.text:decompress:none:__TI_decompress_none</name>
         <load_address>0x28da</load_address>
         <run_address>0x28da</run_address>
         <size>0xe</size>
         <input_file_ref idref="fl-cc"/>
      </object_component>
      <object_component id="oc-312">
         <name>.text:CPUcpsid</name>
         <load_address>0x28e8</load_address>
         <run_address>0x28e8</run_address>
         <size>0xc</size>
         <input_file_ref idref="fl-14"/>
      </object_component>
      <object_component id="oc-17f">
         <name>.text:CPUcpsie</name>
         <load_address>0x28f4</load_address>
         <run_address>0x28f4</run_address>
         <size>0xc</size>
         <input_file_ref idref="fl-14"/>
      </object_component>
      <object_component id="oc-ba">
         <name>.text:GPIOIntEnable</name>
         <load_address>0x2900</load_address>
         <run_address>0x2900</run_address>
         <size>0xc</size>
         <input_file_ref idref="fl-d"/>
      </object_component>
      <object_component id="oc-78">
         <name>.text:HibernateRTCGet</name>
         <load_address>0x290c</load_address>
         <run_address>0x290c</run_address>
         <size>0xc</size>
         <input_file_ref idref="fl-e"/>
      </object_component>
      <object_component id="oc-27">
         <name>.text</name>
         <load_address>0x2918</load_address>
         <run_address>0x2918</run_address>
         <size>0xc</size>
         <input_file_ref idref="fl-6"/>
      </object_component>
      <object_component id="oc-37d">
         <name>.text:I2CMasterEnable</name>
         <load_address>0x2924</load_address>
         <run_address>0x2924</run_address>
         <size>0xa</size>
         <input_file_ref idref="fl-f"/>
      </object_component>
      <object_component id="oc-1b6">
         <name>.text:UARTCharGet</name>
         <load_address>0x292e</load_address>
         <run_address>0x292e</run_address>
         <size>0xa</size>
         <input_file_ref idref="fl-13"/>
      </object_component>
      <object_component id="oc-1bc">
         <name>.text:UARTCharPut</name>
         <load_address>0x2938</load_address>
         <run_address>0x2938</run_address>
         <size>0xa</size>
         <input_file_ref idref="fl-13"/>
      </object_component>
      <object_component id="oc-2eb">
         <name>.text:I2CMasterBusy</name>
         <load_address>0x2942</load_address>
         <run_address>0x2942</run_address>
         <size>0x8</size>
         <input_file_ref idref="fl-f"/>
      </object_component>
      <object_component id="oc-2d9">
         <name>.text:I2CMasterSlaveAddrSet</name>
         <load_address>0x294a</load_address>
         <run_address>0x294a</run_address>
         <size>0x8</size>
         <input_file_ref idref="fl-f"/>
      </object_component>
      <object_component id="oc-a2">
         <name>.text:TimerIntEnable</name>
         <load_address>0x2952</load_address>
         <run_address>0x2952</run_address>
         <size>0x8</size>
         <input_file_ref idref="fl-12"/>
      </object_component>
      <object_component id="oc-e4">
         <name>.text:GPIOIntClear</name>
         <load_address>0x295a</load_address>
         <run_address>0x295a</run_address>
         <size>0x6</size>
         <input_file_ref idref="fl-d"/>
      </object_component>
      <object_component id="oc-ea">
         <name>.text:GPIOPinWrite</name>
         <load_address>0x2960</load_address>
         <run_address>0x2960</run_address>
         <size>0x6</size>
         <input_file_ref idref="fl-d"/>
      </object_component>
      <object_component id="oc-f0">
         <name>.text:SysCtlDelay</name>
         <load_address>0x2966</load_address>
         <run_address>0x2966</run_address>
         <size>0x6</size>
         <input_file_ref idref="fl-11"/>
      </object_component>
      <object_component id="oc-2e5">
         <name>.text:I2CMasterControl</name>
         <load_address>0x296c</load_address>
         <run_address>0x296c</run_address>
         <size>0x4</size>
         <input_file_ref idref="fl-f"/>
      </object_component>
      <object_component id="oc-2f1">
         <name>.text:I2CMasterDataGet</name>
         <load_address>0x2970</load_address>
         <run_address>0x2970</run_address>
         <size>0x4</size>
         <input_file_ref idref="fl-f"/>
      </object_component>
      <object_component id="oc-2df">
         <name>.text:I2CMasterDataPut</name>
         <load_address>0x2974</load_address>
         <run_address>0x2974</run_address>
         <size>0x4</size>
         <input_file_ref idref="fl-f"/>
      </object_component>
      <object_component id="oc-d8">
         <name>.text:TimerIntClear</name>
         <load_address>0x2978</load_address>
         <run_address>0x2978</run_address>
         <size>0x4</size>
         <input_file_ref idref="fl-12"/>
      </object_component>
      <object_component id="oc-12d">
         <name>.text:_system_pre_init</name>
         <load_address>0x297c</load_address>
         <run_address>0x297c</run_address>
         <size>0x4</size>
         <input_file_ref idref="fl-d3"/>
      </object_component>
      <object_component id="oc-24e">
         <name>.text:abort:abort</name>
         <load_address>0x2980</load_address>
         <run_address>0x2980</run_address>
         <size>0x4</size>
         <input_file_ref idref="fl-d5"/>
      </object_component>
      <object_component id="oc-2ba">
         <name>.const:g_ppui32GPIOIntMapSnowflake</name>
         <load_address>0x2984</load_address>
         <run_address>0x2984</run_address>
         <size>0xd8</size>
         <input_file_ref idref="fl-d"/>
      </object_component>
      <object_component id="oc-2b7">
         <name>.const:g_ppui32GPIOIntMapBlizzard</name>
         <load_address>0x2a5c</load_address>
         <run_address>0x2a5c</run_address>
         <size>0xc0</size>
         <input_file_ref idref="fl-d"/>
      </object_component>
      <object_component id="oc-187">
         <name>.const:g_pui32Regs</name>
         <load_address>0x2b1c</load_address>
         <run_address>0x2b1c</run_address>
         <size>0x9c</size>
         <input_file_ref idref="fl-10"/>
      </object_component>
      <object_component id="oc-32a">
         <name>.const:g_pui32GPIOBaseAddrs</name>
         <load_address>0x2bb8</load_address>
         <run_address>0x2bb8</run_address>
         <size>0x90</size>
         <input_file_ref idref="fl-d"/>
      </object_component>
      <object_component id="oc-156">
         <name>.const:g_pui32Xtals</name>
         <load_address>0x2c48</load_address>
         <run_address>0x2c48</run_address>
         <size>0x6c</size>
         <input_file_ref idref="fl-11"/>
      </object_component>
      <object_component id="oc-2a5">
         <name>.const:g_ppui32TimerIntMap</name>
         <load_address>0x2cb4</load_address>
         <run_address>0x2cb4</run_address>
         <size>0x60</size>
         <input_file_ref idref="fl-12"/>
      </object_component>
      <object_component id="oc-2a8">
         <name>.const:g_ppui32TimerIntMapSnowflake</name>
         <load_address>0x2d14</load_address>
         <run_address>0x2d14</run_address>
         <size>0x40</size>
         <input_file_ref idref="fl-12"/>
      </object_component>
      <object_component id="oc-168">
         <name>.const:g_pui32EnRegs</name>
         <load_address>0x2d54</load_address>
         <run_address>0x2d54</run_address>
         <size>0x14</size>
         <input_file_ref idref="fl-10"/>
      </object_component>
      <object_component id="oc-3a6">
         <name>.const:.string</name>
         <load_address>0x2d68</load_address>
         <run_address>0x2d68</run_address>
         <size>0x12</size>
         <input_file_ref idref="fl-7"/>
      </object_component>
      <object_component id="oc-343">
         <name>.const:g_ui32UARTBase</name>
         <load_address>0x2d7c</load_address>
         <run_address>0x2d7c</run_address>
         <size>0xc</size>
         <input_file_ref idref="fl-7"/>
      </object_component>
      <object_component id="oc-33d">
         <name>.const:g_ui32UARTPeriph</name>
         <load_address>0x2d88</load_address>
         <run_address>0x2d88</run_address>
         <size>0xc</size>
         <input_file_ref idref="fl-7"/>
      </object_component>
      <object_component id="oc-34b">
         <name>.const</name>
         <load_address>0x2d94</load_address>
         <run_address>0x2d94</run_address>
         <size>0x4</size>
         <input_file_ref idref="fl-7"/>
      </object_component>
      <object_component id="oc-408">
         <name>__TI_handler_table</name>
         <load_address>0x2d98</load_address>
         <run_address>0x2d98</run_address>
         <size>0xc</size>
      </object_component>
      <object_component id="oc-40c">
         <name>.cinit..bss.load</name>
         <load_address>0x2da8</load_address>
         <run_address>0x2da8</run_address>
         <size>0x8</size>
      </object_component>
      <object_component id="oc-40a">
         <name>.cinit..vtable.load</name>
         <load_address>0x2db0</load_address>
         <run_address>0x2db0</run_address>
         <size>0x8</size>
      </object_component>
      <object_component id="oc-40b">
         <name>.cinit..data.load</name>
         <load_address>0x2db8</load_address>
         <run_address>0x2db8</run_address>
         <size>0x7</size>
      </object_component>
      <object_component id="oc-409">
         <name>__TI_cinit_table</name>
         <load_address>0x2dc0</load_address>
         <run_address>0x2dc0</run_address>
         <size>0x18</size>
      </object_component>
      <object_component id="oc-2ac">
         <name>.vtable</name>
         <uninitialized>true</uninitialized>
         <run_address>0x20000000</run_address>
         <size>0x26c</size>
         <input_file_ref idref="fl-10"/>
      </object_component>
      <object_component id="oc-340">
         <name>.data</name>
         <load_address>0x200004d8</load_address>
         <run_address>0x200004d8</run_address>
         <size>0x5</size>
         <input_file_ref idref="fl-7"/>
      </object_component>
      <object_component id="oc-f8">
         <name>.bss</name>
         <uninitialized>true</uninitialized>
         <run_address>0x200004d4</run_address>
         <size>0x2</size>
         <input_file_ref idref="fl-4"/>
      </object_component>
      <object_component id="oc-f7">
         <name>.common:synTime</name>
         <uninitialized>true</uninitialized>
         <run_address>0x200004b0</run_address>
         <size>0x1c</size>
      </object_component>
      <object_component id="oc-24c">
         <name>.common:alarmTime</name>
         <uninitialized>true</uninitialized>
         <run_address>0x200004cc</run_address>
         <size>0x8</size>
      </object_component>
      <object_component id="oc-74">
         <name>.common:UARTAlarmTime</name>
         <uninitialized>true</uninitialized>
         <run_address>0x20000470</run_address>
         <size>0x20</size>
      </object_component>
      <object_component id="oc-77">
         <name>.common:UARTSynTime</name>
         <uninitialized>true</uninitialized>
         <run_address>0x20000490</run_address>
         <size>0x20</size>
      </object_component>
      <object_component id="oc-24">
         <name>.stack</name>
         <uninitialized>true</uninitialized>
         <run_address>0x20000270</run_address>
         <size>0x4</size>
         <input_file_ref idref="fl-ce"/>
      </object_component>
      <object_component id="oc-40e">
         <name>.stack</name>
         <uninitialized>true</uninitialized>
         <run_address>0x20000270</run_address>
         <size>0x0</size>
      </object_component>
      <object_component id="oc-19f">
         <name>.debug_info</name>
         <load_address>0x0</load_address>
         <run_address>0x0</run_address>
         <size>0x510</size>
         <input_file_ref idref="fl-2"/>
      </object_component>
      <object_component id="oc-194">
         <name>.debug_info</name>
         <load_address>0x510</load_address>
         <run_address>0x510</run_address>
         <size>0x83f</size>
         <input_file_ref idref="fl-2"/>
      </object_component>
      <object_component id="oc-10d">
         <name>.debug_info</name>
         <load_address>0xd4f</load_address>
         <run_address>0xd4f</run_address>
         <size>0x26b</size>
         <input_file_ref idref="fl-2"/>
      </object_component>
      <object_component id="oc-106">
         <name>.debug_info</name>
         <load_address>0xfba</load_address>
         <run_address>0xfba</run_address>
         <size>0x8b</size>
         <input_file_ref idref="fl-2"/>
      </object_component>
      <object_component id="oc-19a">
         <name>.debug_info</name>
         <load_address>0x1045</load_address>
         <run_address>0x1045</run_address>
         <size>0x2a4</size>
         <input_file_ref idref="fl-2"/>
      </object_component>
      <object_component id="oc-fc">
         <name>.debug_info</name>
         <load_address>0x12e9</load_address>
         <run_address>0x12e9</run_address>
         <size>0xbb</size>
         <input_file_ref idref="fl-2"/>
      </object_component>
      <object_component id="oc-2f8">
         <name>.debug_info</name>
         <load_address>0x13a4</load_address>
         <run_address>0x13a4</run_address>
         <size>0x2c</size>
         <input_file_ref idref="fl-2"/>
      </object_component>
      <object_component id="oc-197">
         <name>.debug_info</name>
         <load_address>0x13d0</load_address>
         <run_address>0x13d0</run_address>
         <size>0x2f3</size>
         <input_file_ref idref="fl-3"/>
      </object_component>
      <object_component id="oc-f4">
         <name>.debug_info</name>
         <load_address>0x16c3</load_address>
         <run_address>0x16c3</run_address>
         <size>0xc7a</size>
         <input_file_ref idref="fl-3"/>
      </object_component>
      <object_component id="oc-3c">
         <name>.debug_info</name>
         <load_address>0x233d</load_address>
         <run_address>0x233d</run_address>
         <size>0x84</size>
         <input_file_ref idref="fl-3"/>
      </object_component>
      <object_component id="oc-75">
         <name>.debug_info</name>
         <load_address>0x23c1</load_address>
         <run_address>0x23c1</run_address>
         <size>0x82f</size>
         <input_file_ref idref="fl-4"/>
      </object_component>
      <object_component id="oc-f9">
         <name>.debug_info</name>
         <load_address>0x2bf0</load_address>
         <run_address>0x2bf0</run_address>
         <size>0x104</size>
         <input_file_ref idref="fl-4"/>
      </object_component>
      <object_component id="oc-2e">
         <name>.debug_info</name>
         <load_address>0x2cf4</load_address>
         <run_address>0x2cf4</run_address>
         <size>0x105b</size>
         <input_file_ref idref="fl-4"/>
      </object_component>
      <object_component id="oc-101">
         <name>.debug_info</name>
         <load_address>0x3d4f</load_address>
         <run_address>0x3d4f</run_address>
         <size>0x180</size>
         <input_file_ref idref="fl-4"/>
      </object_component>
      <object_component id="oc-147">
         <name>.debug_info</name>
         <load_address>0x3ecf</load_address>
         <run_address>0x3ecf</run_address>
         <size>0x35</size>
         <input_file_ref idref="fl-4"/>
      </object_component>
      <object_component id="oc-135">
         <name>.debug_info</name>
         <load_address>0x3f04</load_address>
         <run_address>0x3f04</run_address>
         <size>0x8fc</size>
         <input_file_ref idref="fl-5"/>
      </object_component>
      <object_component id="oc-35">
         <name>.debug_info</name>
         <load_address>0x4800</load_address>
         <run_address>0x4800</run_address>
         <size>0x2f2</size>
         <input_file_ref idref="fl-6"/>
      </object_component>
      <object_component id="oc-13">
         <name>.debug_info</name>
         <load_address>0x4af2</load_address>
         <run_address>0x4af2</run_address>
         <size>0xf5</size>
         <input_file_ref idref="fl-6"/>
      </object_component>
      <object_component id="oc-28">
         <name>.debug_info</name>
         <load_address>0x4be7</load_address>
         <run_address>0x4be7</run_address>
         <size>0x271</size>
         <input_file_ref idref="fl-6"/>
      </object_component>
      <object_component id="oc-34f">
         <name>.debug_info</name>
         <load_address>0x4e58</load_address>
         <run_address>0x4e58</run_address>
         <size>0x3ea</size>
         <input_file_ref idref="fl-7"/>
      </object_component>
      <object_component id="oc-341">
         <name>.debug_info</name>
         <load_address>0x5242</load_address>
         <run_address>0x5242</run_address>
         <size>0xe1</size>
         <input_file_ref idref="fl-7"/>
      </object_component>
      <object_component id="oc-34c">
         <name>.debug_info</name>
         <load_address>0x5323</load_address>
         <run_address>0x5323</run_address>
         <size>0xdb</size>
         <input_file_ref idref="fl-7"/>
      </object_component>
      <object_component id="oc-344">
         <name>.debug_info</name>
         <load_address>0x53fe</load_address>
         <run_address>0x53fe</run_address>
         <size>0xe9</size>
         <input_file_ref idref="fl-7"/>
      </object_component>
      <object_component id="oc-33e">
         <name>.debug_info</name>
         <load_address>0x54e7</load_address>
         <run_address>0x54e7</run_address>
         <size>0xed</size>
         <input_file_ref idref="fl-7"/>
      </object_component>
      <object_component id="oc-249">
         <name>.debug_info</name>
         <load_address>0x55d4</load_address>
         <run_address>0x55d4</run_address>
         <size>0x78a</size>
         <input_file_ref idref="fl-7"/>
      </object_component>
      <object_component id="oc-175">
         <name>.debug_info</name>
         <load_address>0x5d5e</load_address>
         <run_address>0x5d5e</run_address>
         <size>0x3e4</size>
         <input_file_ref idref="fl-d"/>
      </object_component>
      <object_component id="oc-2b8">
         <name>.debug_info</name>
         <load_address>0x6142</load_address>
         <run_address>0x6142</run_address>
         <size>0x170</size>
         <input_file_ref idref="fl-d"/>
      </object_component>
      <object_component id="oc-2bb">
         <name>.debug_info</name>
         <load_address>0x62b2</load_address>
         <run_address>0x62b2</run_address>
         <size>0x172</size>
         <input_file_ref idref="fl-d"/>
      </object_component>
      <object_component id="oc-32b">
         <name>.debug_info</name>
         <load_address>0x6424</load_address>
         <run_address>0x6424</run_address>
         <size>0x164</size>
         <input_file_ref idref="fl-d"/>
      </object_component>
      <object_component id="oc-eb">
         <name>.debug_info</name>
         <load_address>0x6588</load_address>
         <run_address>0x6588</run_address>
         <size>0x2ac</size>
         <input_file_ref idref="fl-d"/>
      </object_component>
      <object_component id="oc-16f">
         <name>.debug_info</name>
         <load_address>0x6834</load_address>
         <run_address>0x6834</run_address>
         <size>0x2bc</size>
         <input_file_ref idref="fl-d"/>
      </object_component>
      <object_component id="oc-af">
         <name>.debug_info</name>
         <load_address>0x6af0</load_address>
         <run_address>0x6af0</run_address>
         <size>0x31f</size>
         <input_file_ref idref="fl-d"/>
      </object_component>
      <object_component id="oc-236">
         <name>.debug_info</name>
         <load_address>0x6e0f</load_address>
         <run_address>0x6e0f</run_address>
         <size>0x29b</size>
         <input_file_ref idref="fl-d"/>
      </object_component>
      <object_component id="oc-2c9">
         <name>.debug_info</name>
         <load_address>0x70aa</load_address>
         <run_address>0x70aa</run_address>
         <size>0x29f</size>
         <input_file_ref idref="fl-d"/>
      </object_component>
      <object_component id="oc-2cf">
         <name>.debug_info</name>
         <load_address>0x7349</load_address>
         <run_address>0x7349</run_address>
         <size>0x299</size>
         <input_file_ref idref="fl-d"/>
      </object_component>
      <object_component id="oc-d4">
         <name>.debug_info</name>
         <load_address>0x75e2</load_address>
         <run_address>0x75e2</run_address>
         <size>0x2c0</size>
         <input_file_ref idref="fl-d"/>
      </object_component>
      <object_component id="oc-aa">
         <name>.debug_info</name>
         <load_address>0x78a2</load_address>
         <run_address>0x78a2</run_address>
         <size>0x2a5</size>
         <input_file_ref idref="fl-d"/>
      </object_component>
      <object_component id="oc-230">
         <name>.debug_info</name>
         <load_address>0x7b47</load_address>
         <run_address>0x7b47</run_address>
         <size>0x289</size>
         <input_file_ref idref="fl-d"/>
      </object_component>
      <object_component id="oc-179">
         <name>.debug_info</name>
         <load_address>0x7dd0</load_address>
         <run_address>0x7dd0</run_address>
         <size>0x2a1</size>
         <input_file_ref idref="fl-d"/>
      </object_component>
      <object_component id="oc-e0">
         <name>.debug_info</name>
         <load_address>0x8071</load_address>
         <run_address>0x8071</run_address>
         <size>0x288</size>
         <input_file_ref idref="fl-d"/>
      </object_component>
      <object_component id="oc-b6">
         <name>.debug_info</name>
         <load_address>0x82f9</load_address>
         <run_address>0x82f9</run_address>
         <size>0x2d8</size>
         <input_file_ref idref="fl-d"/>
      </object_component>
      <object_component id="oc-bc">
         <name>.debug_info</name>
         <load_address>0x85d1</load_address>
         <run_address>0x85d1</run_address>
         <size>0x298</size>
         <input_file_ref idref="fl-d"/>
      </object_component>
      <object_component id="oc-e6">
         <name>.debug_info</name>
         <load_address>0x8869</load_address>
         <run_address>0x8869</run_address>
         <size>0x296</size>
         <input_file_ref idref="fl-d"/>
      </object_component>
      <object_component id="oc-29c">
         <name>.debug_info</name>
         <load_address>0x8aff</load_address>
         <run_address>0x8aff</run_address>
         <size>0x26b</size>
         <input_file_ref idref="fl-d"/>
      </object_component>
      <object_component id="oc-28c">
         <name>.debug_info</name>
         <load_address>0x8d6a</load_address>
         <run_address>0x8d6a</run_address>
         <size>0x297</size>
         <input_file_ref idref="fl-d"/>
      </object_component>
      <object_component id="oc-297">
         <name>.debug_info</name>
         <load_address>0x9001</load_address>
         <run_address>0x9001</run_address>
         <size>0xef</size>
         <input_file_ref idref="fl-d"/>
      </object_component>
      <object_component id="oc-14d">
         <name>.debug_info</name>
         <load_address>0x90f0</load_address>
         <run_address>0x90f0</run_address>
         <size>0xbb</size>
         <input_file_ref idref="fl-d"/>
      </object_component>
      <object_component id="oc-30c">
         <name>.debug_info</name>
         <load_address>0x91ab</load_address>
         <run_address>0x91ab</run_address>
         <size>0x3c1</size>
         <input_file_ref idref="fl-e"/>
      </object_component>
      <object_component id="oc-306">
         <name>.debug_info</name>
         <load_address>0x956c</load_address>
         <run_address>0x956c</run_address>
         <size>0x243</size>
         <input_file_ref idref="fl-e"/>
      </object_component>
      <object_component id="oc-211">
         <name>.debug_info</name>
         <load_address>0x97af</load_address>
         <run_address>0x97af</run_address>
         <size>0x2bb</size>
         <input_file_ref idref="fl-e"/>
      </object_component>
      <object_component id="oc-1ed">
         <name>.debug_info</name>
         <load_address>0x9a6a</load_address>
         <run_address>0x9a6a</run_address>
         <size>0x252</size>
         <input_file_ref idref="fl-e"/>
      </object_component>
      <object_component id="oc-223">
         <name>.debug_info</name>
         <load_address>0x9cbc</load_address>
         <run_address>0x9cbc</run_address>
         <size>0x28a</size>
         <input_file_ref idref="fl-e"/>
      </object_component>
      <object_component id="oc-1c9">
         <name>.debug_info</name>
         <load_address>0x9f46</load_address>
         <run_address>0x9f46</run_address>
         <size>0x2d3</size>
         <input_file_ref idref="fl-e"/>
      </object_component>
      <object_component id="oc-229">
         <name>.debug_info</name>
         <load_address>0xa219</load_address>
         <run_address>0xa219</run_address>
         <size>0x2af</size>
         <input_file_ref idref="fl-e"/>
      </object_component>
      <object_component id="oc-1db">
         <name>.debug_info</name>
         <load_address>0xa4c8</load_address>
         <run_address>0xa4c8</run_address>
         <size>0x2ab</size>
         <input_file_ref idref="fl-e"/>
      </object_component>
      <object_component id="oc-79">
         <name>.debug_info</name>
         <load_address>0xa773</load_address>
         <run_address>0xa773</run_address>
         <size>0x23b</size>
         <input_file_ref idref="fl-e"/>
      </object_component>
      <object_component id="oc-20b">
         <name>.debug_info</name>
         <load_address>0xa9ae</load_address>
         <run_address>0xa9ae</run_address>
         <size>0x256</size>
         <input_file_ref idref="fl-e"/>
      </object_component>
      <object_component id="oc-1ff">
         <name>.debug_info</name>
         <load_address>0xac04</load_address>
         <run_address>0xac04</run_address>
         <size>0x258</size>
         <input_file_ref idref="fl-e"/>
      </object_component>
      <object_component id="oc-321">
         <name>.debug_info</name>
         <load_address>0xae5c</load_address>
         <run_address>0xae5c</run_address>
         <size>0x25f</size>
         <input_file_ref idref="fl-e"/>
      </object_component>
      <object_component id="oc-217">
         <name>.debug_info</name>
         <load_address>0xb0bb</load_address>
         <run_address>0xb0bb</run_address>
         <size>0x2d1</size>
         <input_file_ref idref="fl-e"/>
      </object_component>
      <object_component id="oc-21d">
         <name>.debug_info</name>
         <load_address>0xb38c</load_address>
         <run_address>0xb38c</run_address>
         <size>0x298</size>
         <input_file_ref idref="fl-e"/>
      </object_component>
      <object_component id="oc-1e1">
         <name>.debug_info</name>
         <load_address>0xb624</load_address>
         <run_address>0xb624</run_address>
         <size>0x29a</size>
         <input_file_ref idref="fl-e"/>
      </object_component>
      <object_component id="oc-1cf">
         <name>.debug_info</name>
         <load_address>0xb8be</load_address>
         <run_address>0xb8be</run_address>
         <size>0x296</size>
         <input_file_ref idref="fl-e"/>
      </object_component>
      <object_component id="oc-205">
         <name>.debug_info</name>
         <load_address>0xbb54</load_address>
         <run_address>0xbb54</run_address>
         <size>0x26a</size>
         <input_file_ref idref="fl-e"/>
      </object_component>
      <object_component id="oc-1f9">
         <name>.debug_info</name>
         <load_address>0xbdbe</load_address>
         <run_address>0xbdbe</run_address>
         <size>0x276</size>
         <input_file_ref idref="fl-e"/>
      </object_component>
      <object_component id="oc-1c3">
         <name>.debug_info</name>
         <load_address>0xc034</load_address>
         <run_address>0xc034</run_address>
         <size>0x2c3</size>
         <input_file_ref idref="fl-e"/>
      </object_component>
      <object_component id="oc-1d5">
         <name>.debug_info</name>
         <load_address>0xc2f7</load_address>
         <run_address>0xc2f7</run_address>
         <size>0x28a</size>
         <input_file_ref idref="fl-e"/>
      </object_component>
      <object_component id="oc-38f">
         <name>.debug_info</name>
         <load_address>0xc581</load_address>
         <run_address>0xc581</run_address>
         <size>0x196</size>
         <input_file_ref idref="fl-e"/>
      </object_component>
      <object_component id="oc-384">
         <name>.debug_info</name>
         <load_address>0xc717</load_address>
         <run_address>0xc717</run_address>
         <size>0x3d5</size>
         <input_file_ref idref="fl-f"/>
      </object_component>
      <object_component id="oc-2da">
         <name>.debug_info</name>
         <load_address>0xcaec</load_address>
         <run_address>0xcaec</run_address>
         <size>0x2d7</size>
         <input_file_ref idref="fl-f"/>
      </object_component>
      <object_component id="oc-37e">
         <name>.debug_info</name>
         <load_address>0xcdc3</load_address>
         <run_address>0xcdc3</run_address>
         <size>0x257</size>
         <input_file_ref idref="fl-f"/>
      </object_component>
      <object_component id="oc-2d4">
         <name>.debug_info</name>
         <load_address>0xd01a</load_address>
         <run_address>0xd01a</run_address>
         <size>0x2f1</size>
         <input_file_ref idref="fl-f"/>
      </object_component>
      <object_component id="oc-2e0">
         <name>.debug_info</name>
         <load_address>0xd30b</load_address>
         <run_address>0xd30b</run_address>
         <size>0x287</size>
         <input_file_ref idref="fl-f"/>
      </object_component>
      <object_component id="oc-2f2">
         <name>.debug_info</name>
         <load_address>0xd592</load_address>
         <run_address>0xd592</run_address>
         <size>0x25d</size>
         <input_file_ref idref="fl-f"/>
      </object_component>
      <object_component id="oc-2e6">
         <name>.debug_info</name>
         <load_address>0xd7ef</load_address>
         <run_address>0xd7ef</run_address>
         <size>0x287</size>
         <input_file_ref idref="fl-f"/>
      </object_component>
      <object_component id="oc-2ec">
         <name>.debug_info</name>
         <load_address>0xda76</load_address>
         <run_address>0xda76</run_address>
         <size>0x257</size>
         <input_file_ref idref="fl-f"/>
      </object_component>
      <object_component id="oc-16c">
         <name>.debug_info</name>
         <load_address>0xdccd</load_address>
         <run_address>0xdccd</run_address>
         <size>0x3b7</size>
         <input_file_ref idref="fl-10"/>
      </object_component>
      <object_component id="oc-188">
         <name>.debug_info</name>
         <load_address>0xe084</load_address>
         <run_address>0xe084</run_address>
         <size>0x157</size>
         <input_file_ref idref="fl-10"/>
      </object_component>
      <object_component id="oc-169">
         <name>.debug_info</name>
         <load_address>0xe1db</load_address>
         <run_address>0xe1db</run_address>
         <size>0x15b</size>
         <input_file_ref idref="fl-10"/>
      </object_component>
      <object_component id="oc-2ad">
         <name>.debug_info</name>
         <load_address>0xe336</load_address>
         <run_address>0xe336</run_address>
         <size>0x160</size>
         <input_file_ref idref="fl-10"/>
      </object_component>
      <object_component id="oc-162">
         <name>.debug_info</name>
         <load_address>0xe496</load_address>
         <run_address>0xe496</run_address>
         <size>0x2ca</size>
         <input_file_ref idref="fl-10"/>
      </object_component>
      <object_component id="oc-cd">
         <name>.debug_info</name>
         <load_address>0xe760</load_address>
         <run_address>0xe760</run_address>
         <size>0x2d2</size>
         <input_file_ref idref="fl-10"/>
      </object_component>
      <object_component id="oc-c1">
         <name>.debug_info</name>
         <load_address>0xea32</load_address>
         <run_address>0xea32</run_address>
         <size>0x247</size>
         <input_file_ref idref="fl-10"/>
      </object_component>
      <object_component id="oc-1e7">
         <name>.debug_info</name>
         <load_address>0xec79</load_address>
         <run_address>0xec79</run_address>
         <size>0x249</size>
         <input_file_ref idref="fl-10"/>
      </object_component>
      <object_component id="oc-9d">
         <name>.debug_info</name>
         <load_address>0xeec2</load_address>
         <run_address>0xeec2</run_address>
         <size>0x271</size>
         <input_file_ref idref="fl-10"/>
      </object_component>
      <object_component id="oc-153">
         <name>.debug_info</name>
         <load_address>0xf133</load_address>
         <run_address>0xf133</run_address>
         <size>0x441</size>
         <input_file_ref idref="fl-11"/>
      </object_component>
      <object_component id="oc-157">
         <name>.debug_info</name>
         <load_address>0xf574</load_address>
         <run_address>0xf574</run_address>
         <size>0x156</size>
         <input_file_ref idref="fl-11"/>
      </object_component>
      <object_component id="oc-2c2">
         <name>.debug_info</name>
         <load_address>0xf6ca</load_address>
         <run_address>0xf6ca</run_address>
         <size>0x29e</size>
         <input_file_ref idref="fl-11"/>
      </object_component>
      <object_component id="oc-338">
         <name>.debug_info</name>
         <load_address>0xf968</load_address>
         <run_address>0xf968</run_address>
         <size>0x28c</size>
         <input_file_ref idref="fl-11"/>
      </object_component>
      <object_component id="oc-7f">
         <name>.debug_info</name>
         <load_address>0xfbf4</load_address>
         <run_address>0xfbf4</run_address>
         <size>0x286</size>
         <input_file_ref idref="fl-11"/>
      </object_component>
      <object_component id="oc-1f3">
         <name>.debug_info</name>
         <load_address>0xfe7a</load_address>
         <run_address>0xfe7a</run_address>
         <size>0x2e4</size>
         <input_file_ref idref="fl-11"/>
      </object_component>
      <object_component id="oc-8b">
         <name>.debug_info</name>
         <load_address>0x1015e</load_address>
         <run_address>0x1015e</run_address>
         <size>0x2be</size>
         <input_file_ref idref="fl-11"/>
      </object_component>
      <object_component id="oc-293">
         <name>.debug_info</name>
         <load_address>0x1041c</load_address>
         <run_address>0x1041c</run_address>
         <size>0x51</size>
         <input_file_ref idref="fl-11"/>
      </object_component>
      <object_component id="oc-155">
         <name>.debug_info</name>
         <load_address>0x1046d</load_address>
         <run_address>0x1046d</run_address>
         <size>0x3c7</size>
         <input_file_ref idref="fl-12"/>
      </object_component>
      <object_component id="oc-2a6">
         <name>.debug_info</name>
         <load_address>0x10834</load_address>
         <run_address>0x10834</run_address>
         <size>0x163</size>
         <input_file_ref idref="fl-12"/>
      </object_component>
      <object_component id="oc-2a9">
         <name>.debug_info</name>
         <load_address>0x10997</load_address>
         <run_address>0x10997</run_address>
         <size>0x175</size>
         <input_file_ref idref="fl-12"/>
      </object_component>
      <object_component id="oc-92">
         <name>.debug_info</name>
         <load_address>0x10b0c</load_address>
         <run_address>0x10b0c</run_address>
         <size>0x2c3</size>
         <input_file_ref idref="fl-12"/>
      </object_component>
      <object_component id="oc-15d">
         <name>.debug_info</name>
         <load_address>0x10dcf</load_address>
         <run_address>0x10dcf</run_address>
         <size>0x2f4</size>
         <input_file_ref idref="fl-12"/>
      </object_component>
      <object_component id="oc-98">
         <name>.debug_info</name>
         <load_address>0x110c3</load_address>
         <run_address>0x110c3</run_address>
         <size>0x2ed</size>
         <input_file_ref idref="fl-12"/>
      </object_component>
      <object_component id="oc-a3">
         <name>.debug_info</name>
         <load_address>0x113b0</load_address>
         <run_address>0x113b0</run_address>
         <size>0x29d</size>
         <input_file_ref idref="fl-12"/>
      </object_component>
      <object_component id="oc-d9">
         <name>.debug_info</name>
         <load_address>0x1164d</load_address>
         <run_address>0x1164d</run_address>
         <size>0x29b</size>
         <input_file_ref idref="fl-12"/>
      </object_component>
      <object_component id="oc-c8">
         <name>.debug_info</name>
         <load_address>0x118e8</load_address>
         <run_address>0x118e8</run_address>
         <size>0x288</size>
         <input_file_ref idref="fl-12"/>
      </object_component>
      <object_component id="oc-85">
         <name>.debug_info</name>
         <load_address>0x11b70</load_address>
         <run_address>0x11b70</run_address>
         <size>0x295</size>
         <input_file_ref idref="fl-12"/>
      </object_component>
      <object_component id="oc-302">
         <name>.debug_info</name>
         <load_address>0x11e05</load_address>
         <run_address>0x11e05</run_address>
         <size>0x3cb</size>
         <input_file_ref idref="fl-13"/>
      </object_component>
      <object_component id="oc-241">
         <name>.debug_info</name>
         <load_address>0x121d0</load_address>
         <run_address>0x121d0</run_address>
         <size>0x250</size>
         <input_file_ref idref="fl-13"/>
      </object_component>
      <object_component id="oc-330">
         <name>.debug_info</name>
         <load_address>0x12420</load_address>
         <run_address>0x12420</run_address>
         <size>0x252</size>
         <input_file_ref idref="fl-13"/>
      </object_component>
      <object_component id="oc-23c">
         <name>.debug_info</name>
         <load_address>0x12672</load_address>
         <run_address>0x12672</run_address>
         <size>0x32f</size>
         <input_file_ref idref="fl-13"/>
      </object_component>
      <object_component id="oc-1b2">
         <name>.debug_info</name>
         <load_address>0x129a1</load_address>
         <run_address>0x129a1</run_address>
         <size>0x25c</size>
         <input_file_ref idref="fl-13"/>
      </object_component>
      <object_component id="oc-1be">
         <name>.debug_info</name>
         <load_address>0x12bfd</load_address>
         <run_address>0x12bfd</run_address>
         <size>0x27c</size>
         <input_file_ref idref="fl-13"/>
      </object_component>
      <object_component id="oc-1b8">
         <name>.debug_info</name>
         <load_address>0x12e79</load_address>
         <run_address>0x12e79</run_address>
         <size>0x256</size>
         <input_file_ref idref="fl-13"/>
      </object_component>
      <object_component id="oc-181">
         <name>.debug_info</name>
         <load_address>0x130cf</load_address>
         <run_address>0x130cf</run_address>
         <size>0x21b</size>
         <input_file_ref idref="fl-14"/>
      </object_component>
      <object_component id="oc-315">
         <name>.debug_info</name>
         <load_address>0x132ea</load_address>
         <run_address>0x132ea</run_address>
         <size>0x218</size>
         <input_file_ref idref="fl-14"/>
      </object_component>
      <object_component id="oc-349">
         <name>.debug_info</name>
         <load_address>0x13502</load_address>
         <run_address>0x13502</run_address>
         <size>0x142</size>
         <input_file_ref idref="fl-ca"/>
      </object_component>
      <object_component id="oc-126">
         <name>.debug_info</name>
         <load_address>0x13644</load_address>
         <run_address>0x13644</run_address>
         <size>0x2d4</size>
         <input_file_ref idref="fl-cb"/>
      </object_component>
      <object_component id="oc-4f">
         <name>.debug_info</name>
         <load_address>0x13918</load_address>
         <run_address>0x13918</run_address>
         <size>0x1d2</size>
         <input_file_ref idref="fl-cb"/>
      </object_component>
      <object_component id="oc-121">
         <name>.debug_info</name>
         <load_address>0x13aea</load_address>
         <run_address>0x13aea</run_address>
         <size>0x46</size>
         <input_file_ref idref="fl-cb"/>
      </object_component>
      <object_component id="oc-1a7">
         <name>.debug_info</name>
         <load_address>0x13b30</load_address>
         <run_address>0x13b30</run_address>
         <size>0x2c</size>
         <input_file_ref idref="fl-cb"/>
      </object_component>
      <object_component id="oc-4c">
         <name>.debug_info</name>
         <load_address>0x13b5c</load_address>
         <run_address>0x13b5c</run_address>
         <size>0x2a8</size>
         <input_file_ref idref="fl-cc"/>
      </object_component>
      <object_component id="oc-1c">
         <name>.debug_info</name>
         <load_address>0x13e04</load_address>
         <run_address>0x13e04</run_address>
         <size>0x1ea</size>
         <input_file_ref idref="fl-cc"/>
      </object_component>
      <object_component id="oc-47">
         <name>.debug_info</name>
         <load_address>0x13fee</load_address>
         <run_address>0x13fee</run_address>
         <size>0x46</size>
         <input_file_ref idref="fl-cc"/>
      </object_component>
      <object_component id="oc-119">
         <name>.debug_info</name>
         <load_address>0x14034</load_address>
         <run_address>0x14034</run_address>
         <size>0x2c</size>
         <input_file_ref idref="fl-cc"/>
      </object_component>
      <object_component id="oc-117">
         <name>.debug_info</name>
         <load_address>0x14060</load_address>
         <run_address>0x14060</run_address>
         <size>0x29e</size>
         <input_file_ref idref="fl-cd"/>
      </object_component>
      <object_component id="oc-19">
         <name>.debug_info</name>
         <load_address>0x142fe</load_address>
         <run_address>0x142fe</run_address>
         <size>0x250</size>
         <input_file_ref idref="fl-cd"/>
      </object_component>
      <object_component id="oc-37">
         <name>.debug_info</name>
         <load_address>0x1454e</load_address>
         <run_address>0x1454e</run_address>
         <size>0x60</size>
         <input_file_ref idref="fl-cd"/>
      </object_component>
      <object_component id="oc-1a0">
         <name>.debug_info</name>
         <load_address>0x145ae</load_address>
         <run_address>0x145ae</run_address>
         <size>0x46</size>
         <input_file_ref idref="fl-cd"/>
      </object_component>
      <object_component id="oc-112">
         <name>.debug_info</name>
         <load_address>0x145f4</load_address>
         <run_address>0x145f4</run_address>
         <size>0x39</size>
         <input_file_ref idref="fl-cd"/>
      </object_component>
      <object_component id="oc-25">
         <name>.debug_info</name>
         <load_address>0x1462d</load_address>
         <run_address>0x1462d</run_address>
         <size>0x10b</size>
         <input_file_ref idref="fl-ce"/>
      </object_component>
      <object_component id="oc-60">
         <name>.debug_info</name>
         <load_address>0x14738</load_address>
         <run_address>0x14738</run_address>
         <size>0x1a9</size>
         <input_file_ref idref="fl-ce"/>
      </object_component>
      <object_component id="oc-3a2">
         <name>.debug_info</name>
         <load_address>0x148e1</load_address>
         <run_address>0x148e1</run_address>
         <size>0x115</size>
         <input_file_ref idref="fl-cf"/>
      </object_component>
      <object_component id="oc-43">
         <name>.debug_info</name>
         <load_address>0x149f6</load_address>
         <run_address>0x149f6</run_address>
         <size>0x119</size>
         <input_file_ref idref="fl-d0"/>
      </object_component>
      <object_component id="oc-35b">
         <name>.debug_info</name>
         <load_address>0x14b0f</load_address>
         <run_address>0x14b0f</run_address>
         <size>0x4b3</size>
         <input_file_ref idref="fl-d2"/>
      </object_component>
      <object_component id="oc-25e">
         <name>.debug_info</name>
         <load_address>0x14fc2</load_address>
         <run_address>0x14fc2</run_address>
         <size>0x1a6</size>
         <input_file_ref idref="fl-d2"/>
      </object_component>
      <object_component id="oc-3bb">
         <name>.debug_info</name>
         <load_address>0x15168</load_address>
         <run_address>0x15168</run_address>
         <size>0x39</size>
         <input_file_ref idref="fl-d2"/>
      </object_component>
      <object_component id="oc-3d3">
         <name>.debug_info</name>
         <load_address>0x151a1</load_address>
         <run_address>0x151a1</run_address>
         <size>0x39</size>
         <input_file_ref idref="fl-d2"/>
      </object_component>
      <object_component id="oc-3c0">
         <name>.debug_info</name>
         <load_address>0x151da</load_address>
         <run_address>0x151da</run_address>
         <size>0x39</size>
         <input_file_ref idref="fl-d2"/>
      </object_component>
      <object_component id="oc-3c5">
         <name>.debug_info</name>
         <load_address>0x15213</load_address>
         <run_address>0x15213</run_address>
         <size>0xcd</size>
         <input_file_ref idref="fl-d2"/>
      </object_component>
      <object_component id="oc-12e">
         <name>.debug_info</name>
         <load_address>0x152e0</load_address>
         <run_address>0x152e0</run_address>
         <size>0x153</size>
         <input_file_ref idref="fl-d3"/>
      </object_component>
      <object_component id="oc-24f">
         <name>.debug_info</name>
         <load_address>0x15433</load_address>
         <run_address>0x15433</run_address>
         <size>0x122</size>
         <input_file_ref idref="fl-d5"/>
      </object_component>
      <object_component id="oc-40f">
         <name>.debug_info</name>
         <load_address>0x15555</load_address>
         <run_address>0x15555</run_address>
         <size>0xa8</size>
      </object_component>
      <object_component id="oc-300">
         <name>.debug_line</name>
         <load_address>0x0</load_address>
         <run_address>0x0</run_address>
         <size>0xc3</size>
         <input_file_ref idref="fl-2"/>
      </object_component>
      <object_component id="oc-193">
         <name>.debug_line</name>
         <load_address>0xc3</load_address>
         <run_address>0xc3</run_address>
         <size>0x107</size>
         <input_file_ref idref="fl-2"/>
      </object_component>
      <object_component id="oc-110">
         <name>.debug_line</name>
         <load_address>0x1ca</load_address>
         <run_address>0x1ca</run_address>
         <size>0x6f</size>
         <input_file_ref idref="fl-2"/>
      </object_component>
      <object_component id="oc-109">
         <name>.debug_line</name>
         <load_address>0x239</load_address>
         <run_address>0x239</run_address>
         <size>0x20</size>
         <input_file_ref idref="fl-2"/>
      </object_component>
      <object_component id="oc-19d">
         <name>.debug_line</name>
         <load_address>0x259</load_address>
         <run_address>0x259</run_address>
         <size>0x73</size>
         <input_file_ref idref="fl-2"/>
      </object_component>
      <object_component id="oc-ff">
         <name>.debug_line</name>
         <load_address>0x2cc</load_address>
         <run_address>0x2cc</run_address>
         <size>0x70</size>
         <input_file_ref idref="fl-2"/>
      </object_component>
      <object_component id="oc-2fb">
         <name>.debug_line</name>
         <load_address>0x33c</load_address>
         <run_address>0x33c</run_address>
         <size>0x6b</size>
         <input_file_ref idref="fl-2"/>
      </object_component>
      <object_component id="oc-2fe">
         <name>.debug_line</name>
         <load_address>0x3a7</load_address>
         <run_address>0x3a7</run_address>
         <size>0x66</size>
         <input_file_ref idref="fl-3"/>
      </object_component>
      <object_component id="oc-f2">
         <name>.debug_line</name>
         <load_address>0x40d</load_address>
         <run_address>0x40d</run_address>
         <size>0x222</size>
         <input_file_ref idref="fl-3"/>
      </object_component>
      <object_component id="oc-3f">
         <name>.debug_line</name>
         <load_address>0x62f</load_address>
         <run_address>0x62f</run_address>
         <size>0x20</size>
         <input_file_ref idref="fl-3"/>
      </object_component>
      <object_component id="oc-146">
         <name>.debug_line</name>
         <load_address>0x64f</load_address>
         <run_address>0x64f</run_address>
         <size>0x16c</size>
         <input_file_ref idref="fl-4"/>
      </object_component>
      <object_component id="oc-199">
         <name>.debug_line</name>
         <load_address>0x7bb</load_address>
         <run_address>0x7bb</run_address>
         <size>0x33</size>
         <input_file_ref idref="fl-4"/>
      </object_component>
      <object_component id="oc-31">
         <name>.debug_line</name>
         <load_address>0x7ee</load_address>
         <run_address>0x7ee</run_address>
         <size>0x4a1</size>
         <input_file_ref idref="fl-4"/>
      </object_component>
      <object_component id="oc-104">
         <name>.debug_line</name>
         <load_address>0xc8f</load_address>
         <run_address>0xc8f</run_address>
         <size>0x64</size>
         <input_file_ref idref="fl-4"/>
      </object_component>
      <object_component id="oc-14a">
         <name>.debug_line</name>
         <load_address>0xcf3</load_address>
         <run_address>0xcf3</run_address>
         <size>0x72</size>
         <input_file_ref idref="fl-4"/>
      </object_component>
      <object_component id="oc-138">
         <name>.debug_line</name>
         <load_address>0xd65</load_address>
         <run_address>0xd65</run_address>
         <size>0x13e</size>
         <input_file_ref idref="fl-5"/>
      </object_component>
      <object_component id="oc-10c">
         <name>.debug_line</name>
         <load_address>0xea3</load_address>
         <run_address>0xea3</run_address>
         <size>0x41</size>
         <input_file_ref idref="fl-6"/>
      </object_component>
      <object_component id="oc-34">
         <name>.debug_line</name>
         <load_address>0xee4</load_address>
         <run_address>0xee4</run_address>
         <size>0x41</size>
         <input_file_ref idref="fl-6"/>
      </object_component>
      <object_component id="oc-2b">
         <name>.debug_line</name>
         <load_address>0xf25</load_address>
         <run_address>0xf25</run_address>
         <size>0xa1</size>
         <input_file_ref idref="fl-6"/>
      </object_component>
      <object_component id="oc-3aa">
         <name>.debug_line</name>
         <load_address>0xfc6</load_address>
         <run_address>0xfc6</run_address>
         <size>0x8e</size>
         <input_file_ref idref="fl-7"/>
      </object_component>
      <object_component id="oc-39d">
         <name>.debug_line</name>
         <load_address>0x1054</load_address>
         <run_address>0x1054</run_address>
         <size>0x32</size>
         <input_file_ref idref="fl-7"/>
      </object_component>
      <object_component id="oc-3a8">
         <name>.debug_line</name>
         <load_address>0x1086</load_address>
         <run_address>0x1086</run_address>
         <size>0x32</size>
         <input_file_ref idref="fl-7"/>
      </object_component>
      <object_component id="oc-39f">
         <name>.debug_line</name>
         <load_address>0x10b8</load_address>
         <run_address>0x10b8</run_address>
         <size>0x32</size>
         <input_file_ref idref="fl-7"/>
      </object_component>
      <object_component id="oc-39b">
         <name>.debug_line</name>
         <load_address>0x10ea</load_address>
         <run_address>0x10ea</run_address>
         <size>0x32</size>
         <input_file_ref idref="fl-7"/>
      </object_component>
      <object_component id="oc-247">
         <name>.debug_line</name>
         <load_address>0x111c</load_address>
         <run_address>0x111c</run_address>
         <size>0x280</size>
         <input_file_ref idref="fl-7"/>
      </object_component>
      <object_component id="oc-2b6">
         <name>.debug_line</name>
         <load_address>0x139c</load_address>
         <run_address>0x139c</run_address>
         <size>0x82</size>
         <input_file_ref idref="fl-d"/>
      </object_component>
      <object_component id="oc-377">
         <name>.debug_line</name>
         <load_address>0x141e</load_address>
         <run_address>0x141e</run_address>
         <size>0x7d</size>
         <input_file_ref idref="fl-d"/>
      </object_component>
      <object_component id="oc-379">
         <name>.debug_line</name>
         <load_address>0x149b</load_address>
         <run_address>0x149b</run_address>
         <size>0x7d</size>
         <input_file_ref idref="fl-d"/>
      </object_component>
      <object_component id="oc-397">
         <name>.debug_line</name>
         <load_address>0x1518</load_address>
         <run_address>0x1518</run_address>
         <size>0x7d</size>
         <input_file_ref idref="fl-d"/>
      </object_component>
      <object_component id="oc-ee">
         <name>.debug_line</name>
         <load_address>0x1595</load_address>
         <run_address>0x1595</run_address>
         <size>0x92</size>
         <input_file_ref idref="fl-d"/>
      </object_component>
      <object_component id="oc-172">
         <name>.debug_line</name>
         <load_address>0x1627</load_address>
         <run_address>0x1627</run_address>
         <size>0x95</size>
         <input_file_ref idref="fl-d"/>
      </object_component>
      <object_component id="oc-b2">
         <name>.debug_line</name>
         <load_address>0x16bc</load_address>
         <run_address>0x16bc</run_address>
         <size>0xc4</size>
         <input_file_ref idref="fl-d"/>
      </object_component>
      <object_component id="oc-239">
         <name>.debug_line</name>
         <load_address>0x1780</load_address>
         <run_address>0x1780</run_address>
         <size>0x99</size>
         <input_file_ref idref="fl-d"/>
      </object_component>
      <object_component id="oc-2cc">
         <name>.debug_line</name>
         <load_address>0x1819</load_address>
         <run_address>0x1819</run_address>
         <size>0x99</size>
         <input_file_ref idref="fl-d"/>
      </object_component>
      <object_component id="oc-2d2">
         <name>.debug_line</name>
         <load_address>0x18b2</load_address>
         <run_address>0x18b2</run_address>
         <size>0x99</size>
         <input_file_ref idref="fl-d"/>
      </object_component>
      <object_component id="oc-d7">
         <name>.debug_line</name>
         <load_address>0x194b</load_address>
         <run_address>0x194b</run_address>
         <size>0x99</size>
         <input_file_ref idref="fl-d"/>
      </object_component>
      <object_component id="oc-ad">
         <name>.debug_line</name>
         <load_address>0x19e4</load_address>
         <run_address>0x19e4</run_address>
         <size>0x99</size>
         <input_file_ref idref="fl-d"/>
      </object_component>
      <object_component id="oc-233">
         <name>.debug_line</name>
         <load_address>0x1a7d</load_address>
         <run_address>0x1a7d</run_address>
         <size>0xa7</size>
         <input_file_ref idref="fl-d"/>
      </object_component>
      <object_component id="oc-17c">
         <name>.debug_line</name>
         <load_address>0x1b24</load_address>
         <run_address>0x1b24</run_address>
         <size>0xa6</size>
         <input_file_ref idref="fl-d"/>
      </object_component>
      <object_component id="oc-e3">
         <name>.debug_line</name>
         <load_address>0x1bca</load_address>
         <run_address>0x1bca</run_address>
         <size>0x92</size>
[...]
         <value>0xe49</value>
         <object_component_ref idref="oc-f1"/>
      </symbol>
      <symbol id="sm-b3">
         <name>LCD_Puts</name>
         <value>0xf37</value>
         <object_component_ref idref="oc-f1"/>
      </symbol>
      <symbol id="sm-b4">
         <name>Lcd_write_1</name>
         <value>0xf57</value>
         <object_component_ref idref="oc-f1"/>
      </symbol>
      <symbol id="sm-b5">
         <name>Lcd_write_4</name>
         <value>0x10e1</value>
         <object_component_ref idref="oc-f1"/>
      </symbol>
      <symbol id="sm-b6">
         <name>Lcd_Goto</name>
         <value>0x11b5</value>
         <object_component_ref idref="oc-f1"/>
      </symbol>
      <symbol id="sm-b7">
         <name>Delayus</name>
         <value>0xd9b</value>
         <object_component_ref idref="oc-f1"/>
      </symbol>
      <symbol id="sm-b8">
         <name>Lcd_write_char</name>
         <value>0xf1b</value>
         <object_component_ref idref="oc-f1"/>
      </symbol>
      <symbol id="sm-b9">
         <name>Lcd_write_digit</name>
         <value>0xf7f</value>
         <object_component_ref idref="oc-f1"/>
      </symbol>
      <symbol id="sm-ba">
         <name>Delayms</name>
         <value>0xd81</value>
         <object_component_ref idref="oc-f1"/>
      </symbol>
      <symbol id="sm-18d">
         <name>synTime</name>
         <value>0x200004b0</value>
      </symbol>
      <symbol id="sm-18e">
         <name>alarmTime</name>
         <value>0x200004cc</value>
      </symbol>
      <symbol id="sm-18f">
         <name>UARTAlarmTime</name>
         <value>0x20000470</value>
      </symbol>
      <symbol id="sm-190">
         <name>UARTSynTime</name>
         <value>0x20000490</value>
      </symbol>
      <symbol id="sm-191">
         <name>AdjustUARTAlarmTime</name>
         <value>0x26d</value>
         <object_component_ref idref="oc-2d"/>
      </symbol>
      <symbol id="sm-192">
         <name>UARTToStructAlarm</name>
         <value>0x415</value>
         <object_component_ref idref="oc-2d"/>
      </symbol>
      <symbol id="sm-193">
         <name>PlayAudio</name>
         <value>0xabd</value>
         <object_component_ref idref="oc-2d"/>
      </symbol>
      <symbol id="sm-194">
         <name>AlarmAction</name>
         <value>0x9bf</value>
         <object_component_ref idref="oc-2d"/>
      </symbol>
      <symbol id="sm-195">
         <name>DisplayLCD_OnAlarm</name>
         <value>0xc41</value>
         <object_component_ref idref="oc-2d"/>
      </symbol>
      <symbol id="sm-196">
         <name>Switch1_Int</name>
         <value>0xa99</value>
         <object_component_ref idref="oc-2d"/>
      </symbol>
      <symbol id="sm-197">
         <name>DisplayLCD_SynTime</name>
         <value>0xcb5</value>
         <object_component_ref idref="oc-2d"/>
      </symbol>
      <symbol id="sm-198">
         <name>ClearUARTSynTime</name>
         <value>0x2e3</value>
         <object_component_ref idref="oc-2d"/>
      </symbol>
      <symbol id="sm-199">
         <name>AdjustUARTSynTime</name>
         <value>0x295</value>
         <object_component_ref idref="oc-2d"/>
      </symbol>
      <symbol id="sm-19a">
         <name>CounterToStructCalender</name>
         <value>0x62d</value>
         <object_component_ref idref="oc-2d"/>
      </symbol>
      <symbol id="sm-19b">
         <name>SetDayAndTime</name>
         <value>0x96f</value>
         <object_component_ref idref="oc-2d"/>
      </symbol>
      <symbol id="sm-19c">
         <name>AlarmSetUp</name>
         <value>0x9e1</value>
         <object_component_ref idref="oc-2d"/>
      </symbol>
      <symbol id="sm-19d">
         <name>StructCalenderToCounter</name>
         <value>0x451</value>
         <object_component_ref idref="oc-2d"/>
      </symbol>
      <symbol id="sm-19e">
         <name>ClearUARTAlarmTime</name>
         <value>0x2bd</value>
         <object_component_ref idref="oc-2d"/>
      </symbol>
      <symbol id="sm-19f">
         <name>DisplayLCD_OffAlarm</name>
         <value>0xbf1</value>
         <object_component_ref idref="oc-2d"/>
      </symbol>
      <symbol id="sm-1a0">
         <name>DisplayLCD_DayTime</name>
         <value>0xb27</value>
         <object_component_ref idref="oc-2d"/>
      </symbol>
      <symbol id="sm-1a1">
         <name>Timer0A_Int</name>
         <value>0xa87</value>
         <object_component_ref idref="oc-2d"/>
      </symbol>
      <symbol id="sm-1a2">
         <name>UARTToStructCalendar</name>
         <value>0x309</value>
         <object_component_ref idref="oc-2d"/>
      </symbol>
      <symbol id="sm-1a3">
         <name>CheckAlarm</name>
         <value>0x9a3</value>
         <object_component_ref idref="oc-2d"/>
      </symbol>
      <symbol id="sm-1d0">
         <name>Init_UART0_DBG</name>
         <value>0x19a7</value>
         <object_component_ref idref="oc-133"/>
      </symbol>
      <symbol id="sm-1d1">
         <name>Hibernate_Int</name>
         <value>0x183b</value>
         <object_component_ref idref="oc-133"/>
      </symbol>
      <symbol id="sm-1d2">
         <name>main</name>
         <value>0x16f5</value>
         <object_component_ref idref="oc-133"/>
      </symbol>
      <symbol id="sm-1d3">
         <name>Init_UART1</name>
         <value>0x196f</value>
         <object_component_ref idref="oc-133"/>
      </symbol>
      <symbol id="sm-1d4">
         <name>Initialzation</name>
         <value>0x18cd</value>
         <object_component_ref idref="oc-133"/>
      </symbol>
      <symbol id="sm-1f0">
         <name>ResetISR</name>
         <value>0x2919</value>
         <object_component_ref idref="oc-27"/>
      </symbol>
      <symbol id="sm-1f1">
         <name>g_pfnVectors</name>
         <value>0x0</value>
         <object_component_ref idref="oc-12"/>
      </symbol>
      <symbol id="sm-260">
         <name>UARTgetc</name>
         <value>0x139f</value>
         <object_component_ref idref="oc-246"/>
      </symbol>
      <symbol id="sm-261">
         <name>UARTgets</name>
         <value>0x12e5</value>
         <object_component_ref idref="oc-246"/>
      </symbol>
      <symbol id="sm-262">
         <name>UARTStdioConfig</name>
         <value>0x1259</value>
         <object_component_ref idref="oc-246"/>
      </symbol>
      <symbol id="sm-263">
         <name>UARTwrite</name>
         <value>0x129f</value>
         <object_component_ref idref="oc-246"/>
      </symbol>
      <symbol id="sm-264">
         <name>UARTprintf</name>
         <value>0x16bf</value>
         <object_component_ref idref="oc-246"/>
      </symbol>
      <symbol id="sm-265">
         <name>UARTvprintf</name>
         <value>0x13c5</value>
         <object_component_ref idref="oc-246"/>
      </symbol>
      <symbol id="sm-31a">
         <name>GPIOIntRegister</name>
         <value>0x26e3</value>
         <object_component_ref idref="oc-b4"/>
      </symbol>
      <symbol id="sm-31b">
         <name>GPIOPinConfigure</name>
         <value>0x22e1</value>
         <object_component_ref idref="oc-22e"/>
      </symbol>
      <symbol id="sm-31c">
         <name>GPIOPinTypeI2CSCL</name>
         <value>0x2771</value>
         <object_component_ref idref="oc-2c7"/>
      </symbol>
      <symbol id="sm-31d">
         <name>GPIOIntEnable</name>
         <value>0x2901</value>
         <object_component_ref idref="oc-ba"/>
      </symbol>
      <symbol id="sm-31e">
         <name>GPIOPinTypeI2C</name>
         <value>0x275b</value>
         <object_component_ref idref="oc-2cd"/>
      </symbol>
      <symbol id="sm-31f">
         <name>GPIOPinTypeGPIOInput</name>
         <value>0x2745</value>
         <object_component_ref idref="oc-a8"/>
      </symbol>
      <symbol id="sm-320">
         <name>GPIOIntClear</name>
         <value>0x295b</value>
         <object_component_ref idref="oc-e4"/>
      </symbol>
      <symbol id="sm-321">
         <name>GPIOPinTypeUART</name>
         <value>0x2787</value>
         <object_component_ref idref="oc-234"/>
      </symbol>
      <symbol id="sm-322">
         <name>GPIOIntStatus</name>
         <value>0x28b1</value>
         <object_component_ref idref="oc-de"/>
      </symbol>
      <symbol id="sm-323">
         <name>GPIOPinTypeGPIOOutput</name>
         <value>0x26c9</value>
         <object_component_ref idref="oc-d2"/>
      </symbol>
      <symbol id="sm-324">
         <name>GPIODirModeSet</name>
         <value>0x25a9</value>
         <object_component_ref idref="oc-16e"/>
      </symbol>
      <symbol id="sm-325">
         <name>GPIOPinWrite</name>
         <value>0x2961</value>
         <object_component_ref idref="oc-ea"/>
      </symbol>
      <symbol id="sm-326">
         <name>GPIOPadConfigSet</name>
         <value>0x1ce9</value>
         <object_component_ref idref="oc-ae"/>
      </symbol>
      <symbol id="sm-3fd">
         <name>HibernateDataSet</name>
         <value>0x2601</value>
         <object_component_ref idref="oc-1c2"/>
      </symbol>
      <symbol id="sm-3fe">
         <name>HibernateIntDisable</name>
         <value>0x27c5</value>
         <object_component_ref idref="oc-1e0"/>
      </symbol>
      <symbol id="sm-3ff">
         <name>HibernateIntClear</name>
         <value>0x27b1</value>
         <object_component_ref idref="oc-1ce"/>
      </symbol>
      <symbol id="sm-400">
         <name>HibernateRTCSet</name>
         <value>0x25d5</value>
         <object_component_ref idref="oc-1c8"/>
      </symbol>
      <symbol id="sm-401">
         <name>HibernateWakeSet</name>
         <value>0x21cd</value>
         <object_component_ref idref="oc-210"/>
      </symbol>
      <symbol id="sm-402">
         <name>HibernateEnableExpClk</name>
         <value>0x279d</value>
         <object_component_ref idref="oc-1f8"/>
      </symbol>
      <symbol id="sm-403">
         <name>HibernateRTCTrimSet</name>
         <value>0x2871</value>
         <object_component_ref idref="oc-222"/>
      </symbol>
      <symbol id="sm-404">
         <name>HibernateRTCSSMatchSet</name>
         <value>0x2861</value>
         <object_component_ref idref="oc-228"/>
      </symbol>
      <symbol id="sm-405">
         <name>HibernateRTCMatchSet</name>
         <value>0x2851</value>
         <object_component_ref idref="oc-1da"/>
      </symbol>
      <symbol id="sm-406">
         <name>HibernateRequest</name>
         <value>0x2815</value>
         <object_component_ref idref="oc-1ec"/>
      </symbol>
      <symbol id="sm-407">
         <name>HibernateIntEnable</name>
         <value>0x27d9</value>
         <object_component_ref idref="oc-21c"/>
      </symbol>
      <symbol id="sm-408">
         <name>HibernateRTCEnable</name>
         <value>0x2801</value>
         <object_component_ref idref="oc-20a"/>
      </symbol>
      <symbol id="sm-409">
         <name>HibernateIntRegister</name>
         <value>0x2715</value>
         <object_component_ref idref="oc-216"/>
      </symbol>
      <symbol id="sm-40a">
         <name>HibernateDataGet</name>
         <value>0x264d</value>
         <object_component_ref idref="oc-1d4"/>
      </symbol>
      <symbol id="sm-40b">
         <name>HibernateGPIORetentionEnable</name>
         <value>0x26fd</value>
         <object_component_ref idref="oc-204"/>
      </symbol>
      <symbol id="sm-40c">
         <name>HibernateRTCGet</name>
         <value>0x290d</value>
         <object_component_ref idref="oc-78"/>
      </symbol>
      <symbol id="sm-40d">
         <name>HibernateRTCDisable</name>
         <value>0x27ed</value>
         <object_component_ref idref="oc-1fe"/>
      </symbol>
      <symbol id="sm-44f">
         <name>I2CMasterDataPut</name>
         <value>0x2975</value>
         <object_component_ref idref="oc-2df"/>
      </symbol>
      <symbol id="sm-450">
         <name>I2CMasterInitExpClk</name>
         <value>0x232d</value>
         <object_component_ref idref="oc-2d3"/>
      </symbol>
      <symbol id="sm-451">
         <name>I2CMasterSlaveAddrSet</name>
         <value>0x294b</value>
         <object_component_ref idref="oc-2d9"/>
      </symbol>
      <symbol id="sm-452">
         <name>I2CMasterDataGet</name>
         <value>0x2971</value>
         <object_component_ref idref="oc-2f1"/>
      </symbol>
      <symbol id="sm-453">
         <name>I2CMasterControl</name>
         <value>0x296d</value>
         <object_component_ref idref="oc-2e5"/>
      </symbol>
      <symbol id="sm-454">
         <name>I2CMasterBusy</name>
         <value>0x2943</value>
         <object_component_ref idref="oc-2eb"/>
      </symbol>
      <symbol id="sm-455">
         <name>I2CMasterEnable</name>
         <value>0x2925</value>
         <object_component_ref idref="oc-37d"/>
      </symbol>
      <symbol id="sm-4a9">
         <name>IntPrioritySet</name>
         <value>0x2629</value>
         <object_component_ref idref="oc-cc"/>
      </symbol>
      <symbol id="sm-4aa">
         <name>IntEnable</name>
         <value>0x20fd</value>
         <object_component_ref idref="oc-9c"/>
      </symbol>
      <symbol id="sm-4ab">
         <name>IntRegister</name>
         <value>0x250d</value>
         <object_component_ref idref="oc-161"/>
      </symbol>
      <symbol id="sm-4ac">
         <name>IntMasterDisable</name>
         <value>0x2881</value>
         <object_component_ref idref="oc-1e6"/>
      </symbol>
      <symbol id="sm-4ad">
         <name>g_pfnRAMVectors</name>
         <value>0x20000000</value>
         <object_component_ref idref="oc-2ac"/>
      </symbol>
      <symbol id="sm-4ae">
         <name>IntMasterEnable</name>
         <value>0x2891</value>
         <object_component_ref idref="oc-c0"/>
      </symbol>
      <symbol id="sm-518">
         <name>SysCtlPeripheralPresent</name>
         <value>0x24d5</value>
         <object_component_ref idref="oc-337"/>
      </symbol>
      <symbol id="sm-519">
         <name>SysCtlClockSet</name>
         <value>0x1f6d</value>
         <object_component_ref idref="oc-1f2"/>
      </symbol>
      <symbol id="sm-51a">
         <name>SysCtlDelay</name>
         <value>0x2967</value>
         <object_component_ref idref="oc-f0"/>
      </symbol>
      <symbol id="sm-51b">
         <name>SysCtlPeripheralEnable</name>
         <value>0x2541</value>
         <object_component_ref idref="oc-7e"/>
      </symbol>
      <symbol id="sm-51c">
         <name>SysCtlClockGet</name>
         <value>0x1e55</value>
         <object_component_ref idref="oc-8a"/>
      </symbol>
      <symbol id="sm-51d">
         <name>SysCtlPeripheralReset</name>
         <value>0x2291</value>
         <object_component_ref idref="oc-2c1"/>
      </symbol>
      <symbol id="sm-578">
         <name>TimerLoadSet</name>
         <value>0x283d</value>
         <object_component_ref idref="oc-90"/>
      </symbol>
      <symbol id="sm-579">
         <name>TimerIntRegister</name>
         <value>0x272d</value>
         <object_component_ref idref="oc-96"/>
      </symbol>
      <symbol id="sm-57a">
         <name>TimerEnable</name>
         <value>0x28bf</value>
         <object_component_ref idref="oc-c6"/>
      </symbol>
      <symbol id="sm-57b">
         <name>TimerIntEnable</name>
         <value>0x2953</value>
         <object_component_ref idref="oc-a2"/>
      </symbol>
      <symbol id="sm-57c">
         <name>TimerConfigure</name>
         <value>0x2231</value>
         <object_component_ref idref="oc-84"/>
      </symbol>
      <symbol id="sm-57d">
         <name>TimerIntClear</name>
         <value>0x2979</value>
         <object_component_ref idref="oc-d8"/>
      </symbol>
      <symbol id="sm-5b8">
         <name>UARTConfigSetExpClk</name>
         <value>0x23c5</value>
         <object_component_ref idref="oc-23a"/>
      </symbol>
      <symbol id="sm-5b9">
         <name>UARTDisable</name>
         <value>0x266d</value>
         <object_component_ref idref="oc-32f"/>
      </symbol>
      <symbol id="sm-5ba">
         <name>UARTCharsAvail</name>
         <value>0x28cd</value>
         <object_component_ref idref="oc-1b0"/>
      </symbol>
      <symbol id="sm-5bb">
         <name>UARTCharPut</name>
         <value>0x2939</value>
         <object_component_ref idref="oc-1bc"/>
      </symbol>
      <symbol id="sm-5bc">
         <name>UARTEnable</name>
         <value>0x2829</value>
         <object_component_ref idref="oc-240"/>
      </symbol>
      <symbol id="sm-5bd">
         <name>UARTCharGet</name>
         <value>0x292f</value>
         <object_component_ref idref="oc-1b6"/>
      </symbol>
      <symbol id="sm-5cf">
         <name>CPUcpsie</name>
         <value>0x28f5</value>
         <object_component_ref idref="oc-17f"/>
      </symbol>
      <symbol id="sm-5d0">
         <name>CPUcpsid</name>
         <value>0x28e9</value>
         <object_component_ref idref="oc-312"/>
      </symbol>
      <symbol id="sm-5df">
         <name>__aeabi_uidivmod</name>
         <value>0x2495</value>
         <object_component_ref idref="oc-346"/>
      </symbol>
      <symbol id="sm-5e0">
         <name>__aeabi_uidiv</name>
         <value>0x2495</value>
         <object_component_ref idref="oc-346"/>
      </symbol>
      <symbol id="sm-5f9">
         <name>__TI_zero_init_nomemset</name>
         <value>0x26ad</value>
         <object_component_ref idref="oc-4d"/>
      </symbol>
      <symbol id="sm-610">
         <name>__TI_decompress_none</name>
         <value>0x28db</value>
         <object_component_ref idref="oc-1b"/>
      </symbol>
      <symbol id="sm-633">
         <name>__TI_decompress_lzss</name>
         <value>0x2165</value>
         <object_component_ref idref="oc-15"/>
      </symbol>
      <symbol id="sm-646">
         <name>__stack</name>
         <value>0x20000270</value>
         <object_component_ref idref="oc-24"/>
      </symbol>
      <symbol id="sm-647">
         <name>_c_int00_noargs</name>
         <value>0x2575</value>
         <object_component_ref idref="oc-5f"/>
      </symbol>
      <symbol id="sm-651">
         <name>__aeabi_idiv0</name>
         <value>0x1257</value>
         <object_component_ref idref="oc-3a0"/>
      </symbol>
      <symbol id="sm-652">
         <name>__aeabi_ldiv0</name>
         <value>0x1257</value>
         <object_component_ref idref="oc-3a0"/>
      </symbol>
      <symbol id="sm-66d">
         <name>memcpy</name>
         <value>0x2061</value>
         <object_component_ref idref="oc-41"/>
      </symbol>
      <symbol id="sm-66e">
         <name>__aeabi_memcpy</name>
         <value>0x2061</value>
         <object_component_ref idref="oc-41"/>
      </symbol>
      <symbol id="sm-66f">
         <name>__aeabi_memcpy8</name>
         <value>0x2061</value>
         <object_component_ref idref="oc-41"/>
      </symbol>
      <symbol id="sm-670">
         <name>__aeabi_memcpy4</name>
         <value>0x2061</value>
         <object_component_ref idref="oc-41"/>
      </symbol>
      <symbol id="sm-699">
         <name>__TI_auto_init_nobinit_nopinit</name>
         <value>0x2451</value>
         <object_component_ref idref="oc-25a"/>
      </symbol>
      <symbol id="sm-6a3">
         <name>_system_pre_init</name>
         <value>0x297d</value>
         <object_component_ref idref="oc-12d"/>
      </symbol>
      <symbol id="sm-6af">
         <name>C$$EXIT</name>
         <value>0x2981</value>
         <object_component_ref idref="oc-24e"/>
      </symbol>
      <symbol id="sm-6b0">
         <name>abort</name>
         <value>0x2981</value>
         <object_component_ref idref="oc-24e"/>
      </symbol>
      <symbol id="sm-6b3">
         <name>__TI_static_base__</name>
         <value>0x0</value>
      </symbol>
      <symbol id="sm-6b6">
         <name>__mpu_init</name>
         <value>0x0</value>
      </symbol>
      <symbol id="sm-6b7">
         <name>_system_post_cinit</name>
         <value>0x0</value>
      </symbol>
   </symbol_table>
   <title>Link successful</title>
</link_info>
