<?xml version="1.0" encoding="ISO-8859-1" ?>
<link_info>
   <banner>TI ARM Linker PC v20.2.2.LTS</banner>
   <copyright>Copyright (c) 1996-2018 Texas Instruments Incorporated</copyright>
   <link_time>0x60f50648</link_time>
   <link_errors>0x0</link_errors>
   <output_file>Hibernation_Clock_TivaC.out</output_file>
   <entry_point>
      <name>_c_int00_noargs</name>
      <address>0x2589</address>
   </entry_point>
   <input_file_list>
      <input_file id="fl-2">
         <path>.\</path>
         <kind>object</kind>
         <file>MyI2C.obj</file>
         <name>MyI2C.obj</name>
      </input_file>
      <input_file id="fl-3">
         <path>.\</path>
         <kind>object</kind>
         <file>PCF8574A_LCD_123GH6PM.obj</file>
         <name>PCF8574A_LCD_123GH6PM.obj</name>
      </input_file>
      <input_file id="fl-4">
         <path>.\</path>
         <kind>object</kind>
         <file>alarmClock.obj</file>
         <name>alarmClock.obj</name>
      </input_file>
      <input_file id="fl-5">
         <path>.\</path>
         <kind>object</kind>
         <file>main.obj</file>
         <name>main.obj</name>
      </input_file>
      <input_file id="fl-6">
         <path>.\</path>
         <kind>object</kind>
         <file>tm4c123gh6pm_startup_ccs.obj</file>
         <name>tm4c123gh6pm_startup_ccs.obj</name>
      </input_file>
      <input_file id="fl-7">
         <path>.\</path>
         <kind>object</kind>
         <file>uartstdio.obj</file>
         <name>uartstdio.obj</name>
      </input_file>
      <input_file id="fl-c">
         <kind>object</kind>
         <file>&lt;internal&gt;</file>
         <name>&lt;internal&gt;</name>
      </input_file>
      <input_file id="fl-d">
         <path>..\</path>
         <kind>archive</kind>
         <file>driverlib.lib</file>
         <name>gpio.obj</name>
      </input_file>
      <input_file id="fl-e">
         <path>..\</path>
         <kind>archive</kind>
         <file>driverlib.lib</file>
         <name>hibernate.obj</name>
      </input_file>
      <input_file id="fl-f">
         <path>..\</path>
         <kind>archive</kind>
         <file>driverlib.lib</file>
         <name>i2c.obj</name>
      </input_file>
      <input_file id="fl-10">
         <path>..\</path>
         <kind>archive</kind>
         <file>driverlib.lib</file>
         <name>interrupt.obj</name>
      </input_file>
      <input_file id="fl-11">
         <path>..\</path>
         <kind>archive</kind>
         <file>driverlib.lib</file>
         <name>sysctl.obj</name>
      </input_file>
      <input_file id="fl-12">
         <path>..\</path>
         <kind>archive</kind>
         <file>driverlib.lib</file>
         <name>timer.obj</name>
      </input_file>
      <input_file id="fl-13">
         <path>..\</path>
         <kind>archive</kind>
         <file>driverlib.lib</file>
         <name>uart.obj</name>
      </input_file>
      <input_file id="fl-14">
         <path>..\</path>
         <kind>archive</kind>
         <file>driverlib.lib</file>
         <name>cpu.obj</name>
      </input_file>
      <input_file id="fl-ca">
         <path>C:\ti\ccs1020\ccs\tools\compiler\ti-cgt-arm_20.2.2.LTS\lib\</path>
         <kind>archive</kind>
         <file>rtsv7M4_T_le_v4SPD16_eabi.lib</file>
         <name>u_divt2.asm.obj</name>
      </input_file>
      <input_file id="fl-cb">
         <path>C:\ti\ccs1020\ccs\tools\compiler\ti-cgt-arm_20.2.2.LTS\lib\</path>
         <kind>archive</kind>
         <file>rtsv7M4_T_le_v4SPD16_eabi.lib</file>
         <name>copy_zero_init.c.obj</name>
      </input_file>
      <input_file id="fl-cc">
         <path>C:\ti\ccs1020\ccs\tools\compiler\ti-cgt-arm_20.2.2.LTS\lib\</path>
         <kind>archive</kind>
         <file>rtsv7M4_T_le_v4SPD16_eabi.lib</file>
         <name>copy_decompress_none.c.obj</name>
      </input_file>
      <input_file id="fl-cd">
         <path>C:\ti\ccs1020\ccs\tools\compiler\ti-cgt-arm_20.2.2.LTS\lib\</path>
         <kind>archive</kind>
         <file>rtsv7M4_T_le_v4SPD16_eabi.lib</file>
         <name>copy_decompress_lzss.c.obj</name>
      </input_file>
      <input_file id="fl-ce">
         <path>C:\ti\ccs1020\ccs\tools\compiler\ti-cgt-arm_20.2.2.LTS\lib\</path>
         <kind>archive</kind>
         <file>rtsv7M4_T_le_v4SPD16_eabi.lib</file>
         <name>boot_cortex_m.c.obj</name>
      </input_file>
      <input_file id="fl-cf">
         <path>C:\ti\ccs1020\ccs\tools\compiler\ti-cgt-arm_20.2.2.LTS\lib\</path>
         <kind>archive</kind>
         <file>rtsv7M4_T_le_v4SPD16_eabi.lib</file>
         <name>div0.asm.obj</name>
      </input_file>
      <input_file id="fl-d0">
         <path>C:\ti\ccs1020\ccs\tools\compiler\ti-cgt-arm_20.2.2.LTS\lib\</path>
         <kind>archive</kind>
         <file>rtsv7M4_T_le_v4SPD16_eabi.lib</file>
         <name>memcpy_t2.asm.obj</name>
      </input_file>
      <input_file id="fl-d1">
         <path>C:\ti\ccs1020\ccs\tools\compiler\ti-cgt-arm_20.2.2.LTS\lib\</path>
         <kind>archive</kind>
         <file>rtsv7M4_T_le_v4SPD16_eabi.lib</file>
         <name>memset_t2.asm.obj</name>
      </input_file>
      <input_file id="fl-d2">
         <path>C:\ti\ccs1020\ccs\tools\compiler\ti-cgt-arm_20.2.2.LTS\lib\</path>
         <kind>archive</kind>
         <file>rtsv7M4_T_le_v4SPD16_eabi.lib</file>
         <name>autoinit.c.obj</name>
      </input_file>
      <input_file id="fl-d3">
         <path>C:\ti\ccs1020\ccs\tools\compiler\ti-cgt-arm_20.2.2.LTS\lib\</path>
         <kind>archive</kind>
         <file>rtsv7M4_T_le_v4SPD16_eabi.lib</file>
         <name>pre_init.c.obj</name>
      </input_file>
      <input_file id="fl-d4">
         <path>C:\ti\ccs1020\ccs\tools\compiler\ti-cgt-arm_20.2.2.LTS\lib\</path>
         <kind>archive</kind>
         <file>rtsv7M4_T_le_v4SPD16_eabi.lib</file>
         <name>cpy_tbl.c.obj</name>
      </input_file>
      <input_file id="fl-d5">
         <path>C:\ti\ccs1020\ccs\tools\compiler\ti-cgt-arm_20.2.2.LTS\lib\</path>
         <kind>archive</kind>
         <file>rtsv7M4_T_le_v4SPD16_eabi.lib</file>
         <name>exit.c.obj</name>
      </input_file>
      <input_file id="fl-d6">
         <path>C:\ti\ccs1020\ccs\tools\compiler\ti-cgt-arm_20.2.2.LTS\lib\</path>
         <kind>archive</kind>
         <file>rtsv7M4_T_le_v4SPD16_eabi.lib</file>
         <name>_lock.c.obj</name>
      </input_file>
      <input_file id="fl-d7">
         <path>C:\ti\ccs1020\ccs\tools\compiler\ti-cgt-arm_20.2.2.LTS\lib\</path>
         <kind>archive</kind>
         <file>rtsv7M4_T_le_v4SPD16_eabi.lib</file>
         <name>args_main.c.obj</name>
      </input_file>
   </input_file_list>
   <object_component_list>
      <object_component id="oc-12">
         <name>.intvecs</name>
         <load_address>0x0</load_address>
         <run_address>0x0</run_address>
         <size>0x26c</size>
         <input_file_ref idref="fl-6"/>
      </object_component>
      <object_component id="oc-2d">
         <name>.text</name>
         <load_address>0x26c</load_address>
         <run_address>0x26c</run_address>
         <size>0xb24</size>
         <input_file_ref idref="fl-4"/>
      </object_component>
      <object_component id="oc-f1">
         <name>.text</name>
         <load_address>0xd90</load_address>
         <run_address>0xd90</run_address>
         <size>0x4d6</size>
         <input_file_ref idref="fl-3"/>
      </object_component>
      <object_component id="oc-3a0">
         <name>.text</name>
         <load_address>0x1266</load_address>
         <run_address>0x1266</run_address>
         <size>0x2</size>
         <input_file_ref idref="fl-cf"/>
      </object_component>
      <object_component id="oc-246">
         <name>.text</name>
         <load_address>0x1268</load_address>
         <run_address>0x1268</run_address>
         <size>0x49c</size>
         <input_file_ref idref="fl-7"/>
      </object_component>
      <object_component id="oc-133">
         <name>.text</name>
         <load_address>0x1704</load_address>
         <run_address>0x1704</run_address>
         <size>0x360</size>
         <input_file_ref idref="fl-5"/>
      </object_component>
      <object_component id="oc-190">
         <name>.text</name>
         <load_address>0x1a64</load_address>
         <run_address>0x1a64</run_address>
         <size>0x298</size>
         <input_file_ref idref="fl-2"/>
      </object_component>
      <object_component id="oc-af">
         <name>.text:GPIOPadConfigSet</name>
         <load_address>0x1cfc</load_address>
         <run_address>0x1cfc</run_address>
         <size>0x16c</size>
         <input_file_ref idref="fl-d"/>
      </object_component>
      <object_component id="oc-7e">
         <name>.text:SysCtlClockGet</name>
         <load_address>0x1e68</load_address>
         <run_address>0x1e68</run_address>
         <size>0x118</size>
         <input_file_ref idref="fl-11"/>
      </object_component>
      <object_component id="oc-1f2">
         <name>.text:SysCtlClockSet</name>
         <load_address>0x1f80</load_address>
         <run_address>0x1f80</run_address>
         <size>0xf4</size>
         <input_file_ref idref="fl-11"/>
      </object_component>
      <object_component id="oc-41">
         <name>.text</name>
         <load_address>0x2074</load_address>
         <run_address>0x2074</run_address>
         <size>0x9c</size>
         <input_file_ref idref="fl-d0"/>
      </object_component>
      <object_component id="oc-9d">
         <name>.text:IntEnable</name>
         <load_address>0x2110</load_address>
         <run_address>0x2110</run_address>
         <size>0x68</size>
         <input_file_ref idref="fl-10"/>
      </object_component>
      <object_component id="oc-15">
         <name>.text:decompress:lzss:__TI_decompress_lzss</name>
         <load_address>0x2178</load_address>
         <run_address>0x2178</run_address>
         <size>0x68</size>
         <input_file_ref idref="fl-cd"/>
      </object_component>
      <object_component id="oc-210">
         <name>.text:HibernateWakeSet</name>
         <load_address>0x21e0</load_address>
         <run_address>0x21e0</run_address>
         <size>0x64</size>
         <input_file_ref idref="fl-e"/>
      </object_component>
      <object_component id="oc-8b">
         <name>.text:TimerConfigure</name>
         <load_address>0x2244</load_address>
         <run_address>0x2244</run_address>
         <size>0x60</size>
         <input_file_ref idref="fl-12"/>
      </object_component>
      <object_component id="oc-2c1">
         <name>.text:SysCtlPeripheralReset</name>
         <load_address>0x22a4</load_address>
         <run_address>0x22a4</run_address>
         <size>0x50</size>
         <input_file_ref idref="fl-11"/>
      </object_component>
      <object_component id="oc-22e">
         <name>.text:GPIOPinConfigure</name>
         <load_address>0x22f4</load_address>
         <run_address>0x22f4</run_address>
         <size>0x4c</size>
         <input_file_ref idref="fl-d"/>
      </object_component>
      <object_component id="oc-2d3">
         <name>.text:I2CMasterInitExpClk</name>
         <load_address>0x2340</load_address>
         <run_address>0x2340</run_address>
         <size>0x4c</size>
         <input_file_ref idref="fl-f"/>
      </object_component>
      <object_component id="oc-15b">
         <name>.text:_TimerIntNumberGet</name>
         <load_address>0x238c</load_address>
         <run_address>0x238c</run_address>
         <size>0x4c</size>
         <input_file_ref idref="fl-12"/>
      </object_component>
      <object_component id="oc-23a">
         <name>.text:UARTConfigSetExpClk</name>
         <load_address>0x23d8</load_address>
         <run_address>0x23d8</run_address>
         <size>0x46</size>
         <input_file_ref idref="fl-13"/>
      </object_component>
      <object_component id="oc-177">
         <name>.text:_GPIOIntNumberGet</name>
         <load_address>0x2420</load_address>
         <run_address>0x2420</run_address>
         <size>0x44</size>
         <input_file_ref idref="fl-d"/>
      </object_component>
      <object_component id="oc-25a">
         <name>.text:__TI_auto_init_nobinit_nopinit:__TI_auto_init_nobinit_nopinit</name>
         <load_address>0x2464</load_address>
         <run_address>0x2464</run_address>
         <size>0x44</size>
         <input_file_ref idref="fl-d2"/>
      </object_component>
      <object_component id="oc-346">
         <name>.text</name>
         <load_address>0x24a8</load_address>
         <run_address>0x24a8</run_address>
         <size>0x40</size>
         <input_file_ref idref="fl-ca"/>
      </object_component>
      <object_component id="oc-337">
         <name>.text:SysCtlPeripheralPresent</name>
         <load_address>0x24e8</load_address>
         <run_address>0x24e8</run_address>
         <size>0x38</size>
         <input_file_ref idref="fl-11"/>
      </object_component>
      <object_component id="oc-161">
         <name>.text:IntRegister</name>
         <load_address>0x2520</load_address>
         <run_address>0x2520</run_address>
         <size>0x34</size>
         <input_file_ref idref="fl-10"/>
      </object_component>
      <object_component id="oc-85">
         <name>.text:SysCtlPeripheralEnable</name>
         <load_address>0x2554</load_address>
         <run_address>0x2554</run_address>
         <size>0x34</size>
         <input_file_ref idref="fl-11"/>
      </object_component>
      <object_component id="oc-5f">
         <name>.text:_c_int00_noargs:_c_int00_noargs</name>
         <load_address>0x2588</load_address>
         <run_address>0x2588</run_address>
         <size>0x34</size>
         <input_file_ref idref="fl-ce"/>
      </object_component>
      <object_component id="oc-16e">
         <name>.text:GPIODirModeSet</name>
         <load_address>0x25bc</load_address>
         <run_address>0x25bc</run_address>
         <size>0x2c</size>
         <input_file_ref idref="fl-d"/>
      </object_component>
      <object_component id="oc-1c8">
         <name>.text:HibernateRTCSet</name>
         <load_address>0x25e8</load_address>
         <run_address>0x25e8</run_address>
         <size>0x2c</size>
         <input_file_ref idref="fl-e"/>
      </object_component>
      <object_component id="oc-1c2">
         <name>.text:HibernateDataSet</name>
         <load_address>0x2614</load_address>
         <run_address>0x2614</run_address>
         <size>0x28</size>
         <input_file_ref idref="fl-e"/>
      </object_component>
      <object_component id="oc-cd">
         <name>.text:IntPrioritySet</name>
         <load_address>0x263c</load_address>
         <run_address>0x263c</run_address>
         <size>0x24</size>
         <input_file_ref idref="fl-10"/>
      </object_component>
      <object_component id="oc-1d4">
         <name>.text:HibernateDataGet</name>
         <load_address>0x2660</load_address>
         <run_address>0x2660</run_address>
         <size>0x20</size>
         <input_file_ref idref="fl-e"/>
      </object_component>
      <object_component id="oc-32f">
         <name>.text:UARTDisable</name>
         <load_address>0x2680</load_address>
         <run_address>0x2680</run_address>
         <size>0x20</size>
         <input_file_ref idref="fl-13"/>
      </object_component>
      <object_component id="oc-320">
         <name>.text:_HibernateIntNumberGet</name>
         <load_address>0x26a0</load_address>
         <run_address>0x26a0</run_address>
         <size>0x20</size>
         <input_file_ref idref="fl-e"/>
      </object_component>
      <object_component id="oc-4d">
         <name>.text:decompress:ZI:__TI_zero_init_nomemset:__TI_zero_init_nomemset</name>
         <load_address>0x26c0</load_address>
         <run_address>0x26c0</run_address>
         <size>0x1c</size>
         <input_file_ref idref="fl-cb"/>
      </object_component>
      <object_component id="oc-d3">
         <name>.text:GPIOPinTypeGPIOOutput</name>
         <load_address>0x26dc</load_address>
         <run_address>0x26dc</run_address>
         <size>0x1a</size>
         <input_file_ref idref="fl-d"/>
      </object_component>
      <object_component id="oc-b5">
         <name>.text:GPIOIntRegister</name>
         <load_address>0x26f6</load_address>
         <run_address>0x26f6</run_address>
         <size>0x18</size>
         <input_file_ref idref="fl-d"/>
      </object_component>
      <object_component id="oc-204">
         <name>.text:HibernateGPIORetentionEnable</name>
         <load_address>0x2710</load_address>
         <run_address>0x2710</run_address>
         <size>0x18</size>
         <input_file_ref idref="fl-e"/>
      </object_component>
      <object_component id="oc-216">
         <name>.text:HibernateIntRegister</name>
         <load_address>0x2728</load_address>
         <run_address>0x2728</run_address>
         <size>0x18</size>
         <input_file_ref idref="fl-e"/>
      </object_component>
      <object_component id="oc-97">
         <name>.text:TimerIntRegister</name>
         <load_address>0x2740</load_address>
         <run_address>0x2740</run_address>
         <size>0x18</size>
         <input_file_ref idref="fl-12"/>
      </object_component>
      <object_component id="oc-a9">
         <name>.text:GPIOPinTypeGPIOInput</name>
         <load_address>0x2758</load_address>
         <run_address>0x2758</run_address>
         <size>0x16</size>
         <input_file_ref idref="fl-d"/>
      </object_component>
      <object_component id="oc-2cd">
         <name>.text:GPIOPinTypeI2C</name>
         <load_address>0x276e</load_address>
         <run_address>0x276e</run_address>
         <size>0x16</size>
         <input_file_ref idref="fl-d"/>
      </object_component>
      <object_component id="oc-2c7">
         <name>.text:GPIOPinTypeI2CSCL</name>
         <load_address>0x2784</load_address>
         <run_address>0x2784</run_address>
         <size>0x16</size>
         <input_file_ref idref="fl-d"/>
      </object_component>
      <object_component id="oc-234">
         <name>.text:GPIOPinTypeUART</name>
         <load_address>0x279a</load_address>
         <run_address>0x279a</run_address>
         <size>0x16</size>
         <input_file_ref idref="fl-d"/>
      </object_component>
      <object_component id="oc-1f8">
         <name>.text:HibernateEnableExpClk</name>
         <load_address>0x27b0</load_address>
         <run_address>0x27b0</run_address>
         <size>0x14</size>
         <input_file_ref idref="fl-e"/>
      </object_component>
      <object_component id="oc-1ce">
         <name>.text:HibernateIntClear</name>
         <load_address>0x27c4</load_address>
         <run_address>0x27c4</run_address>
         <size>0x14</size>
         <input_file_ref idref="fl-e"/>
      </object_component>
      <object_component id="oc-1e0">
         <name>.text:HibernateIntDisable</name>
         <load_address>0x27d8</load_address>
         <run_address>0x27d8</run_address>
         <size>0x14</size>
         <input_file_ref idref="fl-e"/>
      </object_component>
      <object_component id="oc-21c">
         <name>.text:HibernateIntEnable</name>
         <load_address>0x27ec</load_address>
         <run_address>0x27ec</run_address>
         <size>0x14</size>
         <input_file_ref idref="fl-e"/>
      </object_component>
      <object_component id="oc-1fe">
         <name>.text:HibernateRTCDisable</name>
         <load_address>0x2800</load_address>
         <run_address>0x2800</run_address>
         <size>0x14</size>
         <input_file_ref idref="fl-e"/>
      </object_component>
      <object_component id="oc-20a">
         <name>.text:HibernateRTCEnable</name>
         <load_address>0x2814</load_address>
         <run_address>0x2814</run_address>
         <size>0x14</size>
         <input_file_ref idref="fl-e"/>
      </object_component>
      <object_component id="oc-1ec">
         <name>.text:HibernateRequest</name>
         <load_address>0x2828</load_address>
         <run_address>0x2828</run_address>
         <size>0x14</size>
         <input_file_ref idref="fl-e"/>
      </object_component>
      <object_component id="oc-240">
         <name>.text:UARTEnable</name>
         <load_address>0x283c</load_address>
         <run_address>0x283c</run_address>
         <size>0x14</size>
         <input_file_ref idref="fl-13"/>
      </object_component>
      <object_component id="oc-91">
         <name>.text:TimerLoadSet</name>
         <load_address>0x2850</load_address>
         <run_address>0x2850</run_address>
         <size>0x12</size>
         <input_file_ref idref="fl-12"/>
      </object_component>
      <object_component id="oc-1da">
         <name>.text:HibernateRTCMatchSet</name>
         <load_address>0x2864</load_address>
         <run_address>0x2864</run_address>
         <size>0x10</size>
         <input_file_ref idref="fl-e"/>
      </object_component>
      <object_component id="oc-228">
         <name>.text:HibernateRTCSSMatchSet</name>
         <load_address>0x2874</load_address>
         <run_address>0x2874</run_address>
         <size>0x10</size>
         <input_file_ref idref="fl-e"/>
      </object_component>
      <object_component id="oc-222">
         <name>.text:HibernateRTCTrimSet</name>
         <load_address>0x2884</load_address>
         <run_address>0x2884</run_address>
         <size>0x10</size>
         <input_file_ref idref="fl-e"/>
      </object_component>
      <object_component id="oc-1e6">
         <name>.text:IntMasterDisable</name>
         <load_address>0x2894</load_address>
         <run_address>0x2894</run_address>
         <size>0x10</size>
         <input_file_ref idref="fl-10"/>
      </object_component>
      <object_component id="oc-c1">
         <name>.text:IntMasterEnable</name>
         <load_address>0x28a4</load_address>
         <run_address>0x28a4</run_address>
         <size>0x10</size>
         <input_file_ref idref="fl-10"/>
      </object_component>
      <object_component id="oc-305">
         <name>.text:_HibernateWriteComplete</name>
         <load_address>0x28b4</load_address>
         <run_address>0x28b4</run_address>
         <size>0x10</size>
         <input_file_ref idref="fl-e"/>
      </object_component>
      <object_component id="oc-df">
         <name>.text:GPIOIntStatus</name>
         <load_address>0x28c4</load_address>
         <run_address>0x28c4</run_address>
         <size>0xe</size>
         <input_file_ref idref="fl-d"/>
      </object_component>
      <object_component id="oc-c7">
         <name>.text:TimerEnable</name>
         <load_address>0x28d2</load_address>
         <run_address>0x28d2</run_address>
         <size>0xe</size>
         <input_file_ref idref="fl-12"/>
      </object_component>
      <object_component id="oc-1b0">
         <name>.text:UARTCharsAvail</name>
         <load_address>0x28e0</load_address>
         <run_address>0x28e0</run_address>
         <size>0xe</size>
         <input_file_ref idref="fl-13"/>
      </object_component>
      <object_component id="oc-1b">
         <name>.text:decompress:none:__TI_decompress_none</name>
         <load_address>0x28ee</load_address>
         <run_address>0x28ee</run_address>
         <size>0xe</size>
         <input_file_ref idref="fl-cc"/>
      </object_component>
      <object_component id="oc-312">
         <name>.text:CPUcpsid</name>
         <load_address>0x28fc</load_address>
         <run_address>0x28fc</run_address>
         <size>0xc</size>
         <input_file_ref idref="fl-14"/>
      </object_component>
      <object_component id="oc-17f">
         <name>.text:CPUcpsie</name>
         <load_address>0x2908</load_address>
         <run_address>0x2908</run_address>
         <size>0xc</size>
         <input_file_ref idref="fl-14"/>
      </object_component>
      <object_component id="oc-bb">
         <name>.text:GPIOIntEnable</name>
         <load_address>0x2914</load_address>
         <run_address>0x2914</run_address>
         <size>0xc</size>
         <input_file_ref idref="fl-d"/>
      </object_component>
      <object_component id="oc-78">
         <name>.text:HibernateRTCGet</name>
         <load_address>0x2920</load_address>
         <run_address>0x2920</run_address>
         <size>0xc</size>
         <input_file_ref idref="fl-e"/>
      </object_component>
      <object_component id="oc-27">
         <name>.text</name>
         <load_address>0x292c</load_address>
         <run_address>0x292c</run_address>
         <size>0xc</size>
         <input_file_ref idref="fl-6"/>
      </object_component>
      <object_component id="oc-37d">
         <name>.text:I2CMasterEnable</name>
         <load_address>0x2938</load_address>
         <run_address>0x2938</run_address>
         <size>0xa</size>
         <input_file_ref idref="fl-f"/>
      </object_component>
      <object_component id="oc-1b6">
         <name>.text:UARTCharGet</name>
         <load_address>0x2942</load_address>
         <run_address>0x2942</run_address>
         <size>0xa</size>
         <input_file_ref idref="fl-13"/>
      </object_component>
      <object_component id="oc-1bc">
         <name>.text:UARTCharPut</name>
         <load_address>0x294c</load_address>
         <run_address>0x294c</run_address>
         <size>0xa</size>
         <input_file_ref idref="fl-13"/>
      </object_component>
      <object_component id="oc-2eb">
         <name>.text:I2CMasterBusy</name>
         <load_address>0x2956</load_address>
         <run_address>0x2956</run_address>
         <size>0x8</size>
         <input_file_ref idref="fl-f"/>
      </object_component>
      <object_component id="oc-2d9">
         <name>.text:I2CMasterSlaveAddrSet</name>
         <load_address>0x295e</load_address>
         <run_address>0x295e</run_address>
         <size>0x8</size>
         <input_file_ref idref="fl-f"/>
      </object_component>
      <object_component id="oc-a3">
         <name>.text:TimerIntEnable</name>
         <load_address>0x2966</load_address>
         <run_address>0x2966</run_address>
         <size>0x8</size>
         <input_file_ref idref="fl-12"/>
      </object_component>
      <object_component id="oc-e5">
         <name>.text:GPIOIntClear</name>
         <load_address>0x296e</load_address>
         <run_address>0x296e</run_address>
         <size>0x6</size>
         <input_file_ref idref="fl-d"/>
      </object_component>
      <object_component id="oc-eb">
         <name>.text:GPIOPinWrite</name>
         <load_address>0x2974</load_address>
         <run_address>0x2974</run_address>
         <size>0x6</size>
         <input_file_ref idref="fl-d"/>
      </object_component>
      <object_component id="oc-84">
         <name>.text:SysCtlDelay</name>
         <load_address>0x297a</load_address>
         <run_address>0x297a</run_address>
         <size>0x6</size>
         <input_file_ref idref="fl-11"/>
      </object_component>
      <object_component id="oc-2e5">
         <name>.text:I2CMasterControl</name>
         <load_address>0x2980</load_address>
         <run_address>0x2980</run_address>
         <size>0x4</size>
         <input_file_ref idref="fl-f"/>
      </object_component>
      <object_component id="oc-2f1">
         <name>.text:I2CMasterDataGet</name>
         <load_address>0x2984</load_address>
         <run_address>0x2984</run_address>
         <size>0x4</size>
         <input_file_ref idref="fl-f"/>
      </object_component>
      <object_component id="oc-2df">
         <name>.text:I2CMasterDataPut</name>
         <load_address>0x2988</load_address>
         <run_address>0x2988</run_address>
         <size>0x4</size>
         <input_file_ref idref="fl-f"/>
      </object_component>
      <object_component id="oc-d9">
         <name>.text:TimerIntClear</name>
         <load_address>0x298c</load_address>
         <run_address>0x298c</run_address>
         <size>0x4</size>
         <input_file_ref idref="fl-12"/>
      </object_component>
      <object_component id="oc-12d">
         <name>.text:_system_pre_init</name>
         <load_address>0x2990</load_address>
         <run_address>0x2990</run_address>
         <size>0x4</size>
         <input_file_ref idref="fl-d3"/>
      </object_component>
      <object_component id="oc-24e">
         <name>.text:abort:abort</name>
         <load_address>0x2994</load_address>
         <run_address>0x2994</run_address>
         <size>0x4</size>
         <input_file_ref idref="fl-d5"/>
      </object_component>
      <object_component id="oc-2ba">
         <name>.const:g_ppui32GPIOIntMapSnowflake</name>
         <load_address>0x2998</load_address>
         <run_address>0x2998</run_address>
         <size>0xd8</size>
         <input_file_ref idref="fl-d"/>
      </object_component>
      <object_component id="oc-2b7">
         <name>.const:g_ppui32GPIOIntMapBlizzard</name>
         <load_address>0x2a70</load_address>
         <run_address>0x2a70</run_address>
         <size>0xc0</size>
         <input_file_ref idref="fl-d"/>
      </object_component>
      <object_component id="oc-187">
         <name>.const:g_pui32Regs</name>
         <load_address>0x2b30</load_address>
         <run_address>0x2b30</run_address>
         <size>0x9c</size>
         <input_file_ref idref="fl-10"/>
      </object_component>
      <object_component id="oc-32a">
         <name>.const:g_pui32GPIOBaseAddrs</name>
         <load_address>0x2bcc</load_address>
         <run_address>0x2bcc</run_address>
         <size>0x90</size>
         <input_file_ref idref="fl-d"/>
      </object_component>
      <object_component id="oc-152">
         <name>.const:g_pui32Xtals</name>
         <load_address>0x2c5c</load_address>
         <run_address>0x2c5c</run_address>
         <size>0x6c</size>
         <input_file_ref idref="fl-11"/>
      </object_component>
      <object_component id="oc-2a5">
         <name>.const:g_ppui32TimerIntMap</name>
         <load_address>0x2cc8</load_address>
         <run_address>0x2cc8</run_address>
         <size>0x60</size>
         <input_file_ref idref="fl-12"/>
      </object_component>
      <object_component id="oc-2a8">
         <name>.const:g_ppui32TimerIntMapSnowflake</name>
         <load_address>0x2d28</load_address>
         <run_address>0x2d28</run_address>
         <size>0x40</size>
         <input_file_ref idref="fl-12"/>
      </object_component>
      <object_component id="oc-168">
         <name>.const:g_pui32EnRegs</name>
         <load_address>0x2d68</load_address>
         <run_address>0x2d68</run_address>
         <size>0x14</size>
         <input_file_ref idref="fl-10"/>
      </object_component>
      <object_component id="oc-3a6">
         <name>.const:.string</name>
         <load_address>0x2d7c</load_address>
         <run_address>0x2d7c</run_address>
         <size>0x12</size>
         <input_file_ref idref="fl-7"/>
      </object_component>
      <object_component id="oc-343">
         <name>.const:g_ui32UARTBase</name>
         <load_address>0x2d90</load_address>
         <run_address>0x2d90</run_address>
         <size>0xc</size>
         <input_file_ref idref="fl-7"/>
      </object_component>
      <object_component id="oc-33d">
         <name>.const:g_ui32UARTPeriph</name>
         <load_address>0x2d9c</load_address>
         <run_address>0x2d9c</run_address>
         <size>0xc</size>
         <input_file_ref idref="fl-7"/>
      </object_component>
      <object_component id="oc-34b">
         <name>.const</name>
         <load_address>0x2da8</load_address>
         <run_address>0x2da8</run_address>
         <size>0x4</size>
         <input_file_ref idref="fl-7"/>
      </object_component>
      <object_component id="oc-408">
         <name>__TI_handler_table</name>
         <load_address>0x2db0</load_address>
         <run_address>0x2db0</run_address>
         <size>0xc</size>
      </object_component>
      <object_component id="oc-40c">
         <name>.cinit..bss.load</name>
         <load_address>0x2dc0</load_address>
         <run_address>0x2dc0</run_address>
         <size>0x8</size>
      </object_component>
      <object_component id="oc-40a">
         <name>.cinit..vtable.load</name>
         <load_address>0x2dc8</load_address>
         <run_address>0x2dc8</run_address>
         <size>0x8</size>
      </object_component>
      <object_component id="oc-40b">
         <name>.cinit..data.load</name>
         <load_address>0x2dd0</load_address>
         <run_address>0x2dd0</run_address>
         <size>0x7</size>
      </object_component>
      <object_component id="oc-409">
         <name>__TI_cinit_table</name>
         <load_address>0x2dd8</load_address>
         <run_address>0x2dd8</run_address>
         <size>0x18</size>
      </object_component>
      <object_component id="oc-2ac">
         <name>.vtable</name>
         <uninitialized>true</uninitialized>
         <run_address>0x20000000</run_address>
         <size>0x26c</size>
         <input_file_ref idref="fl-10"/>
      </object_component>
      <object_component id="oc-340">
         <name>.data</name>
         <load_address>0x200004d8</load_address>
         <run_address>0x200004d8</run_address>
         <size>0x5</size>
         <input_file_ref idref="fl-7"/>
      </object_component>
      <object_component id="oc-f8">
         <name>.bss</name>
         <uninitialized>true</uninitialized>
         <run_address>0x200004d4</run_address>
         <size>0x2</size>
         <input_file_ref idref="fl-4"/>
      </object_component>
      <object_component id="oc-f7">
         <name>.common:synTime</name>
         <uninitialized>true</uninitialized>
         <run_address>0x200004b0</run_address>
         <size>0x1c</size>
      </object_component>
      <object_component id="oc-24c">
         <name>.common:alarmTime</name>
         <uninitialized>true</uninitialized>
         <run_address>0x200004cc</run_address>
         <size>0x8</size>
      </object_component>
      <object_component id="oc-74">
         <name>.common:UARTAlarmTime</name>
         <uninitialized>true</uninitialized>
         <run_address>0x20000470</run_address>
         <size>0x20</size>
      </object_component>
      <object_component id="oc-77">
         <name>.common:UARTSynTime</name>
         <uninitialized>true</uninitialized>
         <run_address>0x20000490</run_address>
         <size>0x20</size>
      </object_component>
      <object_component id="oc-24">
         <name>.stack</name>
         <uninitialized>true</uninitialized>
         <run_address>0x20000270</run_address>
         <size>0x4</size>
         <input_file_ref idref="fl-ce"/>
      </object_component>
      <object_component id="oc-40e">
         <name>.stack</name>
         <uninitialized>true</uninitialized>
         <run_address>0x20000270</run_address>
         <size>0x0</size>
      </object_component>
      <object_component id="oc-19f">
         <name>.debug_info</name>
         <load_address>0x0</load_address>
         <run_address>0x0</run_address>
         <size>0x510</size>
         <input_file_ref idref="fl-2"/>
      </object_component>
      <object_component id="oc-191">
         <name>.debug_info</name>
         <load_address>0x510</load_address>
         <run_address>0x510</run_address>
         <size>0x83f</size>
         <input_file_ref idref="fl-2"/>
      </object_component>
      <object_component id="oc-10d">
         <name>.debug_info</name>
         <load_address>0xd4f</load_address>
         <run_address>0xd4f</run_address>
         <size>0x26b</size>
         <input_file_ref idref="fl-2"/>
      </object_component>
      <object_component id="oc-106">
         <name>.debug_info</name>
         <load_address>0xfba</load_address>
         <run_address>0xfba</run_address>
         <size>0x8b</size>
         <input_file_ref idref="fl-2"/>
      </object_component>
      <object_component id="oc-19a">
         <name>.debug_info</name>
         <load_address>0x1045</load_address>
         <run_address>0x1045</run_address>
         <size>0x2a4</size>
         <input_file_ref idref="fl-2"/>
      </object_component>
      <object_component id="oc-fc">
         <name>.debug_info</name>
         <load_address>0x12e9</load_address>
         <run_address>0x12e9</run_address>
         <size>0xbb</size>
         <input_file_ref idref="fl-2"/>
      </object_component>
      <object_component id="oc-2f8">
         <name>.debug_info</name>
         <load_address>0x13a4</load_address>
         <run_address>0x13a4</run_address>
         <size>0x2c</size>
         <input_file_ref idref="fl-2"/>
      </object_component>
      <object_component id="oc-197">
         <name>.debug_info</name>
         <load_address>0x13d0</load_address>
         <run_address>0x13d0</run_address>
         <size>0x2f3</size>
         <input_file_ref idref="fl-3"/>
      </object_component>
      <object_component id="oc-f5">
         <name>.debug_info</name>
         <load_address>0x16c3</load_address>
         <run_address>0x16c3</run_address>
         <size>0xc7a</size>
         <input_file_ref idref="fl-3"/>
      </object_component>
      <object_component id="oc-3c">
         <name>.debug_info</name>
         <load_address>0x233d</load_address>
         <run_address>0x233d</run_address>
         <size>0x84</size>
         <input_file_ref idref="fl-3"/>
      </object_component>
      <object_component id="oc-75">
         <name>.debug_info</name>
         <load_address>0x23c1</load_address>
         <run_address>0x23c1</run_address>
         <size>0x82f</size>
         <input_file_ref idref="fl-4"/>
      </object_component>
      <object_component id="oc-f9">
         <name>.debug_info</name>
         <load_address>0x2bf0</load_address>
         <run_address>0x2bf0</run_address>
         <size>0x104</size>
         <input_file_ref idref="fl-4"/>
      </object_component>
      <object_component id="oc-2f">
         <name>.debug_info</name>
         <load_address>0x2cf4</load_address>
         <run_address>0x2cf4</run_address>
         <size>0x1082</size>
         <input_file_ref idref="fl-4"/>
      </object_component>
      <object_component id="oc-101">
         <name>.debug_info</name>
         <load_address>0x3d76</load_address>
         <run_address>0x3d76</run_address>
         <size>0x180</size>
         <input_file_ref idref="fl-4"/>
      </object_component>
      <object_component id="oc-147">
         <name>.debug_info</name>
         <load_address>0x3ef6</load_address>
         <run_address>0x3ef6</run_address>
         <size>0x35</size>
         <input_file_ref idref="fl-4"/>
      </object_component>
      <object_component id="oc-136">
         <name>.debug_info</name>
         <load_address>0x3f2b</load_address>
         <run_address>0x3f2b</run_address>
         <size>0x911</size>
         <input_file_ref idref="fl-5"/>
      </object_component>
      <object_component id="oc-35">
         <name>.debug_info</name>
         <load_address>0x483c</load_address>
         <run_address>0x483c</run_address>
         <size>0x2f2</size>
         <input_file_ref idref="fl-6"/>
      </object_component>
      <object_component id="oc-13">
         <name>.debug_info</name>
         <load_address>0x4b2e</load_address>
         <run_address>0x4b2e</run_address>
         <size>0xf5</size>
         <input_file_ref idref="fl-6"/>
      </object_component>
      <object_component id="oc-28">
         <name>.debug_info</name>
         <load_address>0x4c23</load_address>
         <run_address>0x4c23</run_address>
         <size>0x271</size>
         <input_file_ref idref="fl-6"/>
      </object_component>
      <object_component id="oc-34f">
         <name>.debug_info</name>
         <load_address>0x4e94</load_address>
         <run_address>0x4e94</run_address>
         <size>0x3ea</size>
         <input_file_ref idref="fl-7"/>
      </object_component>
      <object_component id="oc-341">
         <name>.debug_info</name>
         <load_address>0x527e</load_address>
         <run_address>0x527e</run_address>
         <size>0xe1</size>
         <input_file_ref idref="fl-7"/>
      </object_component>
      <object_component id="oc-34c">
         <name>.debug_info</name>
         <load_address>0x535f</load_address>
         <run_address>0x535f</run_address>
         <size>0xdb</size>
         <input_file_ref idref="fl-7"/>
      </object_component>
      <object_component id="oc-344">
         <name>.debug_info</name>
         <load_address>0x543a</load_address>
         <run_address>0x543a</run_address>
         <size>0xe9</size>
         <input_file_ref idref="fl-7"/>
      </object_component>
      <object_component id="oc-33e">
         <name>.debug_info</name>
         <load_address>0x5523</load_address>
         <run_address>0x5523</run_address>
         <size>0xed</size>
         <input_file_ref idref="fl-7"/>
      </object_component>
      <object_component id="oc-247">
         <name>.debug_info</name>
         <load_address>0x5610</load_address>
         <run_address>0x5610</run_address>
         <size>0x78a</size>
         <input_file_ref idref="fl-7"/>
      </object_component>
      <object_component id="oc-175">
         <name>.debug_info</name>
         <load_address>0x5d9a</load_address>
         <run_address>0x5d9a</run_address>
         <size>0x3e4</size>
         <input_file_ref idref="fl-d"/>
      </object_component>
      <object_component id="oc-2b8">
         <name>.debug_info</name>
         <load_address>0x617e</load_address>
         <run_address>0x617e</run_address>
         <size>0x170</size>
         <input_file_ref idref="fl-d"/>
      </object_component>
      <object_component id="oc-2bb">
         <name>.debug_info</name>
         <load_address>0x62ee</load_address>
         <run_address>0x62ee</run_address>
         <size>0x172</size>
         <input_file_ref idref="fl-d"/>
      </object_component>
      <object_component id="oc-32b">
         <name>.debug_info</name>
         <load_address>0x6460</load_address>
         <run_address>0x6460</run_address>
         <size>0x164</size>
         <input_file_ref idref="fl-d"/>
      </object_component>
      <object_component id="oc-ec">
         <name>.debug_info</name>
         <load_address>0x65c4</load_address>
         <run_address>0x65c4</run_address>
         <size>0x2ac</size>
         <input_file_ref idref="fl-d"/>
      </object_component>
      <object_component id="oc-16f">
         <name>.debug_info</name>
         <load_address>0x6870</load_address>
         <run_address>0x6870</run_address>
         <size>0x2bc</size>
         <input_file_ref idref="fl-d"/>
      </object_component>
      <object_component id="oc-b0">
         <name>.debug_info</name>
         <load_address>0x6b2c</load_address>
         <run_address>0x6b2c</run_address>
         <size>0x31f</size>
         <input_file_ref idref="fl-d"/>
      </object_component>
      <object_component id="oc-236">
         <name>.debug_info</name>
         <load_address>0x6e4b</load_address>
         <run_address>0x6e4b</run_address>
         <size>0x29b</size>
         <input_file_ref idref="fl-d"/>
      </object_component>
      <object_component id="oc-2c9">
         <name>.debug_info</name>
         <load_address>0x70e6</load_address>
         <run_address>0x70e6</run_address>
         <size>0x29f</size>
         <input_file_ref idref="fl-d"/>
      </object_component>
      <object_component id="oc-2cf">
         <name>.debug_info</name>
         <load_address>0x7385</load_address>
         <run_address>0x7385</run_address>
         <size>0x299</size>
         <input_file_ref idref="fl-d"/>
      </object_component>
      <object_component id="oc-d5">
         <name>.debug_info</name>
         <load_address>0x761e</load_address>
         <run_address>0x761e</run_address>
         <size>0x2c0</size>
         <input_file_ref idref="fl-d"/>
      </object_component>
      <object_component id="oc-ab">
         <name>.debug_info</name>
         <load_address>0x78de</load_address>
         <run_address>0x78de</run_address>
         <size>0x2a5</size>
         <input_file_ref idref="fl-d"/>
      </object_component>
      <object_component id="oc-230">
         <name>.debug_info</name>
         <load_address>0x7b83</load_address>
         <run_address>0x7b83</run_address>
         <size>0x289</size>
         <input_file_ref idref="fl-d"/>
      </object_component>
      <object_component id="oc-179">
         <name>.debug_info</name>
         <load_address>0x7e0c</load_address>
         <run_address>0x7e0c</run_address>
         <size>0x2a1</size>
         <input_file_ref idref="fl-d"/>
      </object_component>
      <object_component id="oc-e1">
         <name>.debug_info</name>
         <load_address>0x80ad</load_address>
         <run_address>0x80ad</run_address>
         <size>0x288</size>
         <input_file_ref idref="fl-d"/>
      </object_component>
      <object_component id="oc-b7">
         <name>.debug_info</name>
         <load_address>0x8335</load_address>
         <run_address>0x8335</run_address>
         <size>0x2d8</size>
         <input_file_ref idref="fl-d"/>
      </object_component>
      <object_component id="oc-bd">
         <name>.debug_info</name>
         <load_address>0x860d</load_address>
         <run_address>0x860d</run_address>
         <size>0x298</size>
         <input_file_ref idref="fl-d"/>
      </object_component>
      <object_component id="oc-e7">
         <name>.debug_info</name>
         <load_address>0x88a5</load_address>
         <run_address>0x88a5</run_address>
         <size>0x296</size>
         <input_file_ref idref="fl-d"/>
      </object_component>
      <object_component id="oc-29e">
         <name>.debug_info</name>
         <load_address>0x8b3b</load_address>
         <run_address>0x8b3b</run_address>
         <size>0x26b</size>
         <input_file_ref idref="fl-d"/>
      </object_component>
      <object_component id="oc-28c">
         <name>.debug_info</name>
         <load_address>0x8da6</load_address>
         <run_address>0x8da6</run_address>
         <size>0x297</size>
         <input_file_ref idref="fl-d"/>
      </object_component>
      <object_component id="oc-299">
         <name>.debug_info</name>
         <load_address>0x903d</load_address>
         <run_address>0x903d</run_address>
         <size>0xef</size>
         <input_file_ref idref="fl-d"/>
      </object_component>
      <object_component id="oc-14d">
         <name>.debug_info</name>
         <load_address>0x912c</load_address>
         <run_address>0x912c</run_address>
         <size>0xbb</size>
         <input_file_ref idref="fl-d"/>
      </object_component>
      <object_component id="oc-30c">
         <name>.debug_info</name>
         <load_address>0x91e7</load_address>
         <run_address>0x91e7</run_address>
         <size>0x3c1</size>
         <input_file_ref idref="fl-e"/>
      </object_component>
      <object_component id="oc-306">
         <name>.debug_info</name>
         <load_address>0x95a8</load_address>
         <run_address>0x95a8</run_address>
         <size>0x243</size>
         <input_file_ref idref="fl-e"/>
      </object_component>
      <object_component id="oc-211">
         <name>.debug_info</name>
         <load_address>0x97eb</load_address>
         <run_address>0x97eb</run_address>
         <size>0x2bb</size>
         <input_file_ref idref="fl-e"/>
      </object_component>
      <object_component id="oc-1ee">
         <name>.debug_info</name>
         <load_address>0x9aa6</load_address>
         <run_address>0x9aa6</run_address>
         <size>0x252</size>
         <input_file_ref idref="fl-e"/>
      </object_component>
      <object_component id="oc-224">
         <name>.debug_info</name>
         <load_address>0x9cf8</load_address>
         <run_address>0x9cf8</run_address>
         <size>0x28a</size>
         <input_file_ref idref="fl-e"/>
      </object_component>
      <object_component id="oc-1ca">
         <name>.debug_info</name>
         <load_address>0x9f82</load_address>
         <run_address>0x9f82</run_address>
         <size>0x2d3</size>
         <input_file_ref idref="fl-e"/>
      </object_component>
      <object_component id="oc-22a">
         <name>.debug_info</name>
         <load_address>0xa255</load_address>
         <run_address>0xa255</run_address>
         <size>0x2af</size>
         <input_file_ref idref="fl-e"/>
      </object_component>
      <object_component id="oc-1db">
         <name>.debug_info</name>
         <load_address>0xa504</load_address>
         <run_address>0xa504</run_address>
         <size>0x2ab</size>
         <input_file_ref idref="fl-e"/>
      </object_component>
      <object_component id="oc-79">
         <name>.debug_info</name>
         <load_address>0xa7af</load_address>
         <run_address>0xa7af</run_address>
         <size>0x23b</size>
         <input_file_ref idref="fl-e"/>
      </object_component>
      <object_component id="oc-20b">
         <name>.debug_info</name>
         <load_address>0xa9ea</load_address>
         <run_address>0xa9ea</run_address>
         <size>0x256</size>
         <input_file_ref idref="fl-e"/>
      </object_component>
      <object_component id="oc-1ff">
         <name>.debug_info</name>
         <load_address>0xac40</load_address>
         <run_address>0xac40</run_address>
         <size>0x258</size>
         <input_file_ref idref="fl-e"/>
      </object_component>
      <object_component id="oc-321">
         <name>.debug_info</name>
         <load_address>0xae98</load_address>
         <run_address>0xae98</run_address>
         <size>0x25f</size>
         <input_file_ref idref="fl-e"/>
      </object_component>
      <object_component id="oc-217">
         <name>.debug_info</name>
         <load_address>0xb0f7</load_address>
         <run_address>0xb0f7</run_address>
         <size>0x2d1</size>
         <input_file_ref idref="fl-e"/>
      </object_component>
      <object_component id="oc-21d">
         <name>.debug_info</name>
         <load_address>0xb3c8</load_address>
         <run_address>0xb3c8</run_address>
         <size>0x298</size>
         <input_file_ref idref="fl-e"/>
      </object_component>
      <object_component id="oc-1e1">
         <name>.debug_info</name>
         <load_address>0xb660</load_address>
         <run_address>0xb660</run_address>
         <size>0x29a</size>
         <input_file_ref idref="fl-e"/>
      </object_component>
      <object_component id="oc-1cf">
         <name>.debug_info</name>
         <load_address>0xb8fa</load_address>
         <run_address>0xb8fa</run_address>
         <size>0x296</size>
         <input_file_ref idref="fl-e"/>
      </object_component>
      <object_component id="oc-205">
         <name>.debug_info</name>
         <load_address>0xbb90</load_address>
         <run_address>0xbb90</run_address>
         <size>0x26a</size>
         <input_file_ref idref="fl-e"/>
      </object_component>
      <object_component id="oc-1f9">
         <name>.debug_info</name>
         <load_address>0xbdfa</load_address>
         <run_address>0xbdfa</run_address>
         <size>0x276</size>
         <input_file_ref idref="fl-e"/>
      </object_component>
      <object_component id="oc-1c3">
         <name>.debug_info</name>
         <load_address>0xc070</load_address>
         <run_address>0xc070</run_address>
         <size>0x2c3</size>
         <input_file_ref idref="fl-e"/>
      </object_component>
      <object_component id="oc-1d5">
         <name>.debug_info</name>
         <load_address>0xc333</load_address>
         <run_address>0xc333</run_address>
         <size>0x28a</size>
         <input_file_ref idref="fl-e"/>
      </object_component>
      <object_component id="oc-38f">
         <name>.debug_info</name>
         <load_address>0xc5bd</load_address>
         <run_address>0xc5bd</run_address>
         <size>0x196</size>
         <input_file_ref idref="fl-e"/>
      </object_component>
      <object_component id="oc-384">
         <name>.debug_info</name>
         <load_address>0xc753</load_address>
         <run_address>0xc753</run_address>
         <size>0x3d5</size>
         <input_file_ref idref="fl-f"/>
      </object_component>
      <object_component id="oc-2da">
         <name>.debug_info</name>
         <load_address>0xcb28</load_address>
         <run_address>0xcb28</run_address>
         <size>0x2d7</size>
         <input_file_ref idref="fl-f"/>
      </object_component>
      <object_component id="oc-37e">
         <name>.debug_info</name>
         <load_address>0xcdff</load_address>
         <run_address>0xcdff</run_address>
         <size>0x257</size>
         <input_file_ref idref="fl-f"/>
      </object_component>
      <object_component id="oc-2d4">
         <name>.debug_info</name>
         <load_address>0xd056</load_address>
         <run_address>0xd056</run_address>
         <size>0x2f1</size>
         <input_file_ref idref="fl-f"/>
      </object_component>
      <object_component id="oc-2e0">
         <name>.debug_info</name>
         <load_address>0xd347</load_address>
         <run_address>0xd347</run_address>
         <size>0x287</size>
         <input_file_ref idref="fl-f"/>
      </object_component>
      <object_component id="oc-2f2">
         <name>.debug_info</name>
         <load_address>0xd5ce</load_address>
         <run_address>0xd5ce</run_address>
         <size>0x25d</size>
         <input_file_ref idref="fl-f"/>
      </object_component>
      <object_component id="oc-2e6">
         <name>.debug_info</name>
         <load_address>0xd82b</load_address>
         <run_address>0xd82b</run_address>
         <size>0x287</size>
         <input_file_ref idref="fl-f"/>
      </object_component>
      <object_component id="oc-2ec">
         <name>.debug_info</name>
         <load_address>0xdab2</load_address>
         <run_address>0xdab2</run_address>
         <size>0x257</size>
         <input_file_ref idref="fl-f"/>
      </object_component>
      <object_component id="oc-16c">
         <name>.debug_info</name>
         <load_address>0xdd09</load_address>
         <run_address>0xdd09</run_address>
         <size>0x3b7</size>
         <input_file_ref idref="fl-10"/>
      </object_component>
      <object_component id="oc-188">
         <name>.debug_info</name>
         <load_address>0xe0c0</load_address>
         <run_address>0xe0c0</run_address>
         <size>0x157</size>
         <input_file_ref idref="fl-10"/>
      </object_component>
      <object_component id="oc-169">
         <name>.debug_info</name>
         <load_address>0xe217</load_address>
         <run_address>0xe217</run_address>
         <size>0x15b</size>
         <input_file_ref idref="fl-10"/>
      </object_component>
      <object_component id="oc-2ad">
         <name>.debug_info</name>
         <load_address>0xe372</load_address>
         <run_address>0xe372</run_address>
         <size>0x160</size>
         <input_file_ref idref="fl-10"/>
      </object_component>
      <object_component id="oc-162">
         <name>.debug_info</name>
         <load_address>0xe4d2</load_address>
         <run_address>0xe4d2</run_address>
         <size>0x2ca</size>
         <input_file_ref idref="fl-10"/>
      </object_component>
      <object_component id="oc-ce">
         <name>.debug_info</name>
         <load_address>0xe79c</load_address>
         <run_address>0xe79c</run_address>
         <size>0x2d2</size>
         <input_file_ref idref="fl-10"/>
      </object_component>
      <object_component id="oc-c2">
         <name>.debug_info</name>
         <load_address>0xea6e</load_address>
         <run_address>0xea6e</run_address>
         <size>0x247</size>
         <input_file_ref idref="fl-10"/>
      </object_component>
      <object_component id="oc-1e7">
         <name>.debug_info</name>
         <load_address>0xecb5</load_address>
         <run_address>0xecb5</run_address>
         <size>0x249</size>
         <input_file_ref idref="fl-10"/>
      </object_component>
      <object_component id="oc-9e">
         <name>.debug_info</name>
         <load_address>0xeefe</load_address>
         <run_address>0xeefe</run_address>
         <size>0x271</size>
         <input_file_ref idref="fl-10"/>
      </object_component>
      <object_component id="oc-157">
         <name>.debug_info</name>
         <load_address>0xf16f</load_address>
         <run_address>0xf16f</run_address>
         <size>0x441</size>
         <input_file_ref idref="fl-11"/>
      </object_component>
      <object_component id="oc-153">
         <name>.debug_info</name>
         <load_address>0xf5b0</load_address>
         <run_address>0xf5b0</run_address>
         <size>0x156</size>
         <input_file_ref idref="fl-11"/>
      </object_component>
      <object_component id="oc-2c3">
         <name>.debug_info</name>
         <load_address>0xf706</load_address>
         <run_address>0xf706</run_address>
         <size>0x29e</size>
         <input_file_ref idref="fl-11"/>
      </object_component>
      <object_component id="oc-339">
         <name>.debug_info</name>
         <load_address>0xf9a4</load_address>
         <run_address>0xf9a4</run_address>
         <size>0x28c</size>
         <input_file_ref idref="fl-11"/>
      </object_component>
      <object_component id="oc-87">
         <name>.debug_info</name>
         <load_address>0xfc30</load_address>
         <run_address>0xfc30</run_address>
         <size>0x286</size>
         <input_file_ref idref="fl-11"/>
      </object_component>
      <object_component id="oc-1f4">
         <name>.debug_info</name>
         <load_address>0xfeb6</load_address>
         <run_address>0xfeb6</run_address>
         <size>0x2e4</size>
         <input_file_ref idref="fl-11"/>
      </object_component>
      <object_component id="oc-80">
         <name>.debug_info</name>
         <load_address>0x1019a</load_address>
         <run_address>0x1019a</run_address>
         <size>0x2be</size>
         <input_file_ref idref="fl-11"/>
      </object_component>
      <object_component id="oc-295">
         <name>.debug_info</name>
         <load_address>0x10458</load_address>
         <run_address>0x10458</run_address>
         <size>0x51</size>
         <input_file_ref idref="fl-11"/>
      </object_component>
      <object_component id="oc-159">
         <name>.debug_info</name>
         <load_address>0x104a9</load_address>
         <run_address>0x104a9</run_address>
         <size>0x3c7</size>
         <input_file_ref idref="fl-12"/>
      </object_component>
      <object_component id="oc-2a6">
         <name>.debug_info</name>
         <load_address>0x10870</load_address>
         <run_address>0x10870</run_address>
         <size>0x163</size>
         <input_file_ref idref="fl-12"/>
      </object_component>
      <object_component id="oc-2a9">
         <name>.debug_info</name>
         <load_address>0x109d3</load_address>
         <run_address>0x109d3</run_address>
         <size>0x175</size>
         <input_file_ref idref="fl-12"/>
      </object_component>
      <object_component id="oc-93">
         <name>.debug_info</name>
         <load_address>0x10b48</load_address>
         <run_address>0x10b48</run_address>
         <size>0x2c3</size>
         <input_file_ref idref="fl-12"/>
      </object_component>
      <object_component id="oc-15d">
         <name>.debug_info</name>
         <load_address>0x10e0b</load_address>
         <run_address>0x10e0b</run_address>
         <size>0x2f4</size>
         <input_file_ref idref="fl-12"/>
      </object_component>
      <object_component id="oc-9a">
         <name>.debug_info</name>
         <load_address>0x110ff</load_address>
         <run_address>0x110ff</run_address>
         <size>0x2ed</size>
         <input_file_ref idref="fl-12"/>
      </object_component>
      <object_component id="oc-a5">
         <name>.debug_info</name>
         <load_address>0x113ec</load_address>
         <run_address>0x113ec</run_address>
         <size>0x29d</size>
         <input_file_ref idref="fl-12"/>
      </object_component>
      <object_component id="oc-dc">
         <name>.debug_info</name>
         <load_address>0x11689</load_address>
         <run_address>0x11689</run_address>
         <size>0x29b</size>
         <input_file_ref idref="fl-12"/>
      </object_component>
      <object_component id="oc-ca">
         <name>.debug_info</name>
         <load_address>0x11924</load_address>
         <run_address>0x11924</run_address>
         <size>0x288</size>
         <input_file_ref idref="fl-12"/>
      </object_component>
      <object_component id="oc-8e">
         <name>.debug_info</name>
         <load_address>0x11bac</load_address>
         <run_address>0x11bac</run_address>
         <size>0x295</size>
         <input_file_ref idref="fl-12"/>
      </object_component>
      <object_component id="oc-302">
         <name>.debug_info</name>
         <load_address>0x11e41</load_address>
         <run_address>0x11e41</run_address>
         <size>0x3cb</size>
         <input_file_ref idref="fl-13"/>
      </object_component>
      <object_component id="oc-241">
         <name>.debug_info</name>
         <load_address>0x1220c</load_address>
         <run_address>0x1220c</run_address>
         <size>0x250</size>
         <input_file_ref idref="fl-13"/>
      </object_component>
      <object_component id="oc-330">
         <name>.debug_info</name>
         <load_address>0x1245c</load_address>
         <run_address>0x1245c</run_address>
         <size>0x252</size>
         <input_file_ref idref="fl-13"/>
      </object_component>
      <object_component id="oc-23c">
         <name>.debug_info</name>
         <load_address>0x126ae</load_address>
         <run_address>0x126ae</run_address>
         <size>0x32f</size>
         <input_file_ref idref="fl-13"/>
      </object_component>
      <object_component id="oc-1b2">
         <name>.debug_info</name>
         <load_address>0x129dd</load_address>
         <run_address>0x129dd</run_address>
         <size>0x25c</size>
         <input_file_ref idref="fl-13"/>
      </object_component>
      <object_component id="oc-1be">
         <name>.debug_info</name>
         <load_address>0x12c39</load_address>
         <run_address>0x12c39</run_address>
         <size>0x27c</size>
         <input_file_ref idref="fl-13"/>
      </object_component>
      <object_component id="oc-1b8">
         <name>.debug_info</name>
         <load_address>0x12eb5</load_address>
         <run_address>0x12eb5</run_address>
         <size>0x256</size>
         <input_file_ref idref="fl-13"/>
      </object_component>
      <object_component id="oc-180">
         <name>.debug_info</name>
         <load_address>0x1310b</load_address>
         <run_address>0x1310b</run_address>
         <size>0x21b</size>
         <input_file_ref idref="fl-14"/>
      </object_component>
      <object_component id="oc-315">
         <name>.debug_info</name>
         <load_address>0x13326</load_address>
         <run_address>0x13326</run_address>
         <size>0x218</size>
         <input_file_ref idref="fl-14"/>
      </object_component>
      <object_component id="oc-349">
         <name>.debug_info</name>
         <load_address>0x1353e</load_address>
         <run_address>0x1353e</run_address>
         <size>0x142</size>
         <input_file_ref idref="fl-ca"/>
      </object_component>
      <object_component id="oc-126">
         <name>.debug_info</name>
         <load_address>0x13680</load_address>
         <run_address>0x13680</run_address>
         <size>0x2d4</size>
         <input_file_ref idref="fl-cb"/>
      </object_component>
      <object_component id="oc-4f">
         <name>.debug_info</name>
         <load_address>0x13954</load_address>
         <run_address>0x13954</run_address>
         <size>0x1d2</size>
         <input_file_ref idref="fl-cb"/>
      </object_component>
      <object_component id="oc-121">
         <name>.debug_info</name>
         <load_address>0x13b26</load_address>
         <run_address>0x13b26</run_address>
         <size>0x46</size>
         <input_file_ref idref="fl-cb"/>
      </object_component>
      <object_component id="oc-1a7">
         <name>.debug_info</name>
         <load_address>0x13b6c</load_address>
         <run_address>0x13b6c</run_address>
         <size>0x2c</size>
         <input_file_ref idref="fl-cb"/>
      </object_component>
      <object_component id="oc-4c">
         <name>.debug_info</name>
         <load_address>0x13b98</load_address>
         <run_address>0x13b98</run_address>
         <size>0x2a8</size>
         <input_file_ref idref="fl-cc"/>
      </object_component>
      <object_component id="oc-1c">
         <name>.debug_info</name>
         <load_address>0x13e40</load_address>
         <run_address>0x13e40</run_address>
         <size>0x1ea</size>
         <input_file_ref idref="fl-cc"/>
      </object_component>
      <object_component id="oc-47">
         <name>.debug_info</name>
         <load_address>0x1402a</load_address>
         <run_address>0x1402a</run_address>
         <size>0x46</size>
         <input_file_ref idref="fl-cc"/>
      </object_component>
      <object_component id="oc-119">
         <name>.debug_info</name>
         <load_address>0x14070</load_address>
         <run_address>0x14070</run_address>
         <size>0x2c</size>
         <input_file_ref idref="fl-cc"/>
      </object_component>
      <object_component id="oc-117">
         <name>.debug_info</name>
         <load_address>0x1409c</load_address>
         <run_address>0x1409c</run_address>
         <size>0x29e</size>
         <input_file_ref idref="fl-cd"/>
      </object_component>
      <object_component id="oc-19">
         <name>.debug_info</name>
         <load_address>0x1433a</load_address>
         <run_address>0x1433a</run_address>
         <size>0x250</size>
         <input_file_ref idref="fl-cd"/>
      </object_component>
      <object_component id="oc-37">
         <name>.debug_info</name>
         <load_address>0x1458a</load_address>
         <run_address>0x1458a</run_address>
         <size>0x60</size>
         <input_file_ref idref="fl-cd"/>
      </object_component>
      <object_component id="oc-1a0">
         <name>.debug_info</name>
         <load_address>0x145ea</load_address>
         <run_address>0x145ea</run_address>
         <size>0x46</size>
         <input_file_ref idref="fl-cd"/>
      </object_component>
      <object_component id="oc-112">
         <name>.debug_info</name>
         <load_address>0x14630</load_address>
         <run_address>0x14630</run_address>
         <size>0x39</size>
         <input_file_ref idref="fl-cd"/>
      </object_component>
      <object_component id="oc-25">
         <name>.debug_info</name>
         <load_address>0x14669</load_address>
         <run_address>0x14669</run_address>
         <size>0x10b</size>
         <input_file_ref idref="fl-ce"/>
      </object_component>
      <object_component id="oc-60">
         <name>.debug_info</name>
         <load_address>0x14774</load_address>
         <run_address>0x14774</run_address>
         <size>0x1a9</size>
         <input_file_ref idref="fl-ce"/>
      </object_component>
      <object_component id="oc-3a1">
         <name>.debug_info</name>
         <load_address>0x1491d</load_address>
         <run_address>0x1491d</run_address>
         <size>0x115</size>
         <input_file_ref idref="fl-cf"/>
      </object_component>
      <object_component id="oc-44">
         <name>.debug_info</name>
         <load_address>0x14a32</load_address>
         <run_address>0x14a32</run_address>
         <size>0x119</size>
         <input_file_ref idref="fl-d0"/>
      </object_component>
      <object_component id="oc-35b">
         <name>.debug_info</name>
         <load_address>0x14b4b</load_address>
         <run_address>0x14b4b</run_address>
         <size>0x4b3</size>
         <input_file_ref idref="fl-d2"/>
      </object_component>
      <object_component id="oc-25d">
         <name>.debug_info</name>
         <load_address>0x14ffe</load_address>
         <run_address>0x14ffe</run_address>
         <size>0x1a6</size>
         <input_file_ref idref="fl-d2"/>
      </object_component>
      <object_component id="oc-3bb">
         <name>.debug_info</name>
         <load_address>0x151a4</load_address>
         <run_address>0x151a4</run_address>
         <size>0x39</size>
         <input_file_ref idref="fl-d2"/>
      </object_component>
      <object_component id="oc-3d3">
         <name>.debug_info</name>
         <load_address>0x151dd</load_address>
         <run_address>0x151dd</run_address>
         <size>0x39</size>
         <input_file_ref idref="fl-d2"/>
      </object_component>
      <object_component id="oc-3c0">
         <name>.debug_info</name>
         <load_address>0x15216</load_address>
         <run_address>0x15216</run_address>
         <size>0x39</size>
         <input_file_ref idref="fl-d2"/>
      </object_component>
      <object_component id="oc-3c5">
         <name>.debug_info</name>
         <load_address>0x1524f</load_address>
         <run_address>0x1524f</run_address>
         <size>0xcd</size>
         <input_file_ref idref="fl-d2"/>
      </object_component>
      <object_component id="oc-12e">
         <name>.debug_info</name>
         <load_address>0x1531c</load_address>
         <run_address>0x1531c</run_address>
         <size>0x153</size>
         <input_file_ref idref="fl-d3"/>
      </object_component>
      <object_component id="oc-251">
         <name>.debug_info</name>
         <load_address>0x1546f</load_address>
         <run_address>0x1546f</run_address>
         <size>0x122</size>
         <input_file_ref idref="fl-d5"/>
      </object_component>
      <object_component id="oc-40f">
         <name>.debug_info</name>
         <load_address>0x15591</load_address>
         <run_address>0x15591</run_address>
         <size>0xa8</size>
      </object_component>
      <object_component id="oc-300">
         <name>.debug_line</name>
         <load_address>0x0</load_address>
         <run_address>0x0</run_address>
         <size>0xc3</size>
         <input_file_ref idref="fl-2"/>
      </object_component>
      <object_component id="oc-194">
         <name>.debug_line</name>
         <load_address>0xc3</load_address>
         <run_address>0xc3</run_address>
         <size>0x107</size>
         <input_file_ref idref="fl-2"/>
      </object_component>
      <object_component id="oc-110">
         <name>.debug_line</name>
         <load_address>0x1ca</load_address>
         <run_address>0x1ca</run_address>
         <size>0x6f</size>
         <input_file_ref idref="fl-2"/>
      </object_component>
      <object_component id="oc-109">
         <name>.debug_line</name>
         <load_address>0x239</load_address>
         <run_address>0x239</run_address>
         <size>0x20</size>
         <input_file_ref idref="fl-2"/>
      </object_component>
      <object_component id="oc-19d">
         <name>.debug_line</name>
         <load_address>0x259</load_address>
         <run_address>0x259</run_address>
         <size>0x73</size>
         <input_file_ref idref="fl-2"/>
      </object_component>
      <object_component id="oc-ff">
         <name>.debug_line</name>
         <load_address>0x2cc</load_address>
         <run_address>0x2cc</run_address>
         <size>0x70</size>
         <input_file_ref idref="fl-2"/>
      </object_component>
      <object_component id="oc-2fb">
         <name>.debug_line</name>
         <load_address>0x33c</load_address>
         <run_address>0x33c</run_address>
         <size>0x6b</size>
         <input_file_ref idref="fl-2"/>
      </object_component>
      <object_component id="oc-2fe">
         <name>.debug_line</name>
         <load_address>0x3a7</load_address>
         <run_address>0x3a7</run_address>
         <size>0x66</size>
         <input_file_ref idref="fl-3"/>
      </object_component>
      <object_component id="oc-f3">
         <name>.debug_line</name>
         <load_address>0x40d</load_address>
         <run_address>0x40d</run_address>
         <size>0x222</size>
         <input_file_ref idref="fl-3"/>
      </object_component>
      <object_component id="oc-3f">
         <name>.debug_line</name>
         <load_address>0x62f</load_address>
         <run_address>0x62f</run_address>
         <size>0x20</size>
         <input_file_ref idref="fl-3"/>
      </object_component>
      <object_component id="oc-146">
         <name>.debug_line</name>
         <load_address>0x64f</load_address>
         <run_address>0x64f</run_address>
         <size>0x16c</size>
         <input_file_ref idref="fl-4"/>
      </object_component>
      <object_component id="oc-199">
         <name>.debug_line</name>
         <load_address>0x7bb</load_address>
         <run_address>0x7bb</run_address>
         <size>0x33</size>
         <input_file_ref idref="fl-4"/>
      </object_component>
      <object_component id="oc-2e">
         <name>.debug_line</name>
         <load_address>0x7ee</load_address>
         <run_address>0x7ee</run_address>
         <size>0x4a4</size>
         <input_file_ref idref="fl-4"/>
      </object_component>
      <object_component id="oc-104">
         <name>.debug_line</name>
         <load_address>0xc92</load_address>
         <run_address>0xc92</run_address>
         <size>0x64</size>
         <input_file_ref idref="fl-4"/>
      </object_component>
      <object_component id="oc-14a">
         <name>.debug_line</name>
         <load_address>0xcf6</load_address>
         <run_address>0xcf6</run_address>
         <size>0x72</size>
         <input_file_ref idref="fl-4"/>
      </object_component>
      <object_component id="oc-134">
         <name>.debug_line</name>
         <load_address>0xd68</load_address>
         <run_address>0xd68</run_address>
         <size>0x13f</size>
         <input_file_ref idref="fl-5"/>
      </object_component>
      <object_component id="oc-10c">
         <name>.debug_line</name>
         <load_address>0xea7</load_address>
         <run_address>0xea7</run_address>
         <size>0x41</size>
         <input_file_ref idref="fl-6"/>
      </object_component>
      <object_component id="oc-34">
         <name>.debug_line</name>
         <load_address>0xee8</load_address>
         <run_address>0xee8</run_address>
         <size>0x41</size>
         <input_file_ref idref="fl-6"/>
      </object_component>
      <object_component id="oc-2b">
         <name>.debug_line</name>
         <load_address>0xf29</load_address>
         <run_address>0xf29</run_address>
         <size>0xa1</size>
         <input_file_ref idref="fl-6"/>
      </object_component>
      <object_component id="oc-3aa">
         <name>.debug_line</name>
         <load_address>0xfca</load_address>
         <run_address>0xfca</run_address>
         <size>0x8e</size>
         <input_file_ref idref="fl-7"/>
      </object_component>
      <object_component id="oc-39d">
         <name>.debug_line</name>
         <load_address>0x1058</load_address>
         <run_address>0x1058</run_address>
         <size>0x32</size>
         <input_file_ref idref="fl-7"/>
      </object_component>
      <object_component id="oc-3a8">
         <name>.debug_line</name>
         <load_address>0x108a</load_address>
         <run_address>0x108a</run_address>
         <size>0x32</size>
         <input_file_ref idref="fl-7"/>
      </object_component>
      <object_component id="oc-39f">
         <name>.debug_line</name>
         <load_address>0x10bc</load_address>
         <run_address>0x10bc</run_address>
         <size>0x32</size>
         <input_file_ref idref="fl-7"/>
      </object_component>
      <object_component id="oc-39b">
         <name>.debug_line</name>
         <load_address>0x10ee</load_address>
         <run_address>0x10ee</run_address>
         <size>0x32</size>
         <input_file_ref idref="fl-7"/>
      </object_component>
      <object_component id="oc-24a">
         <name>.debug_line</name>
         <load_address>0x1120</load_address>
         <run_address>0x1120</run_address>
         <size>0x280</size>
         <input_file_ref idref="fl-7"/>
      </object_component>
      <object_component id="oc-2b6">
         <name>.debug_line</name>
         <load_address>0x13a0</load_address>
         <run_address>0x13a0</run_address>
         <size>0x82</size>
         <input_file_ref idref="fl-d"/>
      </object_component>
      <object_component id="oc-377">
         <name>.debug_line</name>
         <load_address>0x1422</load_address>
         <run_address>0x1422</run_address>
         <size>0x7d</size>
         <input_file_ref idref="fl-d"/>
      </object_component>
      <object_component id="oc-379">
         <name>.debug_line</name>
         <load_address>0x149f</load_address>
         <run_address>0x149f</run_address>
         <size>0x7d</size>
         <input_file_ref idref="fl-d"/>
      </object_component>
      <object_component id="oc-397">
         <name>.debug_line</name>
         <load_address>0x151c</load_address>
         <run_address>0x151c</run_address>
         <size>0x7d</size>
         <input_file_ref idref="fl-d"/>
      </object_component>
      <object_component id="oc-ef">
         <name>.debug_line</name>
         <load_address>0x1599</load_address>
         <run_address>0x1599</run_address>
         <size>0x92</size>
         <input_file_ref idref="fl-d"/>
      </object_component>
      <object_component id="oc-172">
         <name>.debug_line</name>
         <load_address>0x162b</load_address>
         <run_address>0x162b</run_address>
         <size>0x95</size>
         <input_file_ref idref="fl-d"/>
      </object_component>
      <object_component id="oc-b3">
         <name>.debug_line</name>
         <load_address>0x16c0</load_address>
         <run_address>0x16c0</run_address>
         <size>0xc4</size>
         <input_file_ref idref="fl-d"/>
      </object_component>
      <object_component id="oc-239">
         <name>.debug_line</name>
         <load_address>0x1784</load_address>
         <run_address>0x1784</run_address>
         <size>0x99</size>
         <input_file_ref idref="fl-d"/>
      </object_component>
      <object_component id="oc-2cc">
         <name>.debug_line</name>
         <load_address>0x181d</load_address>
         <run_address>0x181d</run_address>
         <size>0x99</size>
         <input_file_ref idref="fl-d"/>
      </object_component>
      <object_component id="oc-2d2">
         <name>.debug_line</name>
         <load_address>0x18b6</load_address>
         <run_address>0x18b6</run_address>
         <size>0x99</size>
         <input_file_ref idref="fl-d"/>
      </object_component>
      <object_component id="oc-d8">
         <name>.debug_line</name>
         <load_address>0x194f</load_address>
         <run_address>0x194f</run_address>
         <size>0x99</size>
         <input_file_ref idref="fl-d"/>
      </object_component>
      <object_component id="oc-ae">
         <name>.debug_line</name>
         <load_address>0x19e8</load_address>
         <run_address>0x19e8</run_address>
         <size>0x99</size>
         <input_file_ref idref="fl-d"/>
      </object_component>
      <object_component id="oc-233">
         <name>.debug_line</name>
         <load_address>0x1a81</load_address>
         <run_address>0x1a81</run_address>
         <size>0xa7</size>
         <input_file_ref idref="fl-d"/>
      </object_component>
      <object_component id="oc-17c">
         <name>.debug_line</name>
         <load_address>0x1b28</load_address>
         <run_address>0x1b28</run_address>
         <size>0xa6</size>
         <input_file_ref idref="fl-d"/>
      </object_component>
      <object_component id="oc-e4">
         <name>.debug_line</name>
         <load_address>0x1bce</load_address>
         <run_address>0x1bce</run_address>
         <size>0x92</size>
[...]
         <value>0xe59</value>
         <object_component_ref idref="oc-f1"/>
      </symbol>
      <symbol id="sm-b3">
         <name>LCD_Puts</name>
         <value>0xf47</value>
         <object_component_ref idref="oc-f1"/>
      </symbol>
      <symbol id="sm-b4">
         <name>Lcd_write_1</name>
         <value>0xf67</value>
         <object_component_ref idref="oc-f1"/>
      </symbol>
      <symbol id="sm-b5">
         <name>Lcd_write_4</name>
         <value>0x10f1</value>
         <object_component_ref idref="oc-f1"/>
      </symbol>
      <symbol id="sm-b6">
         <name>Lcd_Goto</name>
         <value>0x11c5</value>
         <object_component_ref idref="oc-f1"/>
      </symbol>
      <symbol id="sm-b7">
         <name>Delayus</name>
         <value>0xdab</value>
         <object_component_ref idref="oc-f1"/>
      </symbol>
      <symbol id="sm-b8">
         <name>Lcd_write_char</name>
         <value>0xf2b</value>
         <object_component_ref idref="oc-f1"/>
      </symbol>
      <symbol id="sm-b9">
         <name>Lcd_write_digit</name>
         <value>0xf8f</value>
         <object_component_ref idref="oc-f1"/>
      </symbol>
      <symbol id="sm-ba">
         <name>Delayms</name>
         <value>0xd91</value>
         <object_component_ref idref="oc-f1"/>
      </symbol>
      <symbol id="sm-18d">
         <name>synTime</name>
         <value>0x200004b0</value>
      </symbol>
      <symbol id="sm-18e">
         <name>alarmTime</name>
         <value>0x200004cc</value>
      </symbol>
      <symbol id="sm-18f">
         <name>UARTAlarmTime</name>
         <value>0x20000470</value>
      </symbol>
      <symbol id="sm-190">
         <name>UARTSynTime</name>
         <value>0x20000490</value>
      </symbol>
      <symbol id="sm-191">
         <name>AdjustUARTAlarmTime</name>
         <value>0x26d</value>
         <object_component_ref idref="oc-2d"/>
      </symbol>
      <symbol id="sm-192">
         <name>UARTToStructAlarm</name>
         <value>0x415</value>
         <object_component_ref idref="oc-2d"/>
      </symbol>
      <symbol id="sm-193">
         <name>PlayAudio</name>
         <value>0xacd</value>
         <object_component_ref idref="oc-2d"/>
      </symbol>
      <symbol id="sm-194">
         <name>AlarmAction</name>
         <value>0x9bf</value>
         <object_component_ref idref="oc-2d"/>
      </symbol>
      <symbol id="sm-195">
         <name>DisplayLCD_OnAlarm</name>
         <value>0xc51</value>
         <object_component_ref idref="oc-2d"/>
      </symbol>
      <symbol id="sm-196">
         <name>Switch1_Int</name>
         <value>0xaab</value>
         <object_component_ref idref="oc-2d"/>
      </symbol>
      <symbol id="sm-197">
         <name>DisplayLCD_SynTime</name>
         <value>0xcc5</value>
         <object_component_ref idref="oc-2d"/>
      </symbol>
      <symbol id="sm-198">
         <name>ClearUARTSynTime</name>
         <value>0x2e3</value>
         <object_component_ref idref="oc-2d"/>
      </symbol>
      <symbol id="sm-199">
         <name>AdjustUARTSynTime</name>
         <value>0x295</value>
         <object_component_ref idref="oc-2d"/>
      </symbol>
      <symbol id="sm-19a">
         <name>CounterToStructCalender</name>
         <value>0x62d</value>
         <object_component_ref idref="oc-2d"/>
      </symbol>
      <symbol id="sm-19b">
         <name>SetDayAndTime</name>
         <value>0x96f</value>
         <object_component_ref idref="oc-2d"/>
      </symbol>
      <symbol id="sm-19c">
         <name>AlarmSetUp</name>
         <value>0x9f3</value>
         <object_component_ref idref="oc-2d"/>
      </symbol>
      <symbol id="sm-19d">
         <name>StructCalenderToCounter</name>
         <value>0x451</value>
         <object_component_ref idref="oc-2d"/>
      </symbol>
      <symbol id="sm-19e">
         <name>ClearUARTAlarmTime</name>
         <value>0x2bd</value>
         <object_component_ref idref="oc-2d"/>
      </symbol>
      <symbol id="sm-19f">
         <name>DisplayLCD_OffAlarm</name>
         <value>0xc01</value>
         <object_component_ref idref="oc-2d"/>
      </symbol>
      <symbol id="sm-1a0">
         <name>DisplayLCD_DayTime</name>
         <value>0xb37</value>
         <object_component_ref idref="oc-2d"/>
      </symbol>
      <symbol id="sm-1a1">
         <name>Timer0A_Int</name>
         <value>0xa99</value>
         <object_component_ref idref="oc-2d"/>
      </symbol>
      <symbol id="sm-1a2">
         <name>UARTToStructCalendar</name>
         <value>0x309</value>
         <object_component_ref idref="oc-2d"/>
      </symbol>
      <symbol id="sm-1a3">
         <name>CheckAlarm</name>
         <value>0x9a3</value>
         <object_component_ref idref="oc-2d"/>
      </symbol>
      <symbol id="sm-1d0">
         <name>Init_UART0_DBG</name>
         <value>0x19bb</value>
         <object_component_ref idref="oc-133"/>
      </symbol>
      <symbol id="sm-1d1">
         <name>Hibernate_Int</name>
         <value>0x184b</value>
         <object_component_ref idref="oc-133"/>
      </symbol>
      <symbol id="sm-1d2">
         <name>main</name>
         <value>0x1705</value>
         <object_component_ref idref="oc-133"/>
      </symbol>
      <symbol id="sm-1d3">
         <name>Init_UART1</name>
         <value>0x1983</value>
         <object_component_ref idref="oc-133"/>
      </symbol>
      <symbol id="sm-1d4">
         <name>Initialzation</name>
         <value>0x18dd</value>
         <object_component_ref idref="oc-133"/>
      </symbol>
      <symbol id="sm-1f0">
         <name>ResetISR</name>
         <value>0x292d</value>
         <object_component_ref idref="oc-27"/>
      </symbol>
      <symbol id="sm-1f1">
         <name>g_pfnVectors</name>
         <value>0x0</value>
         <object_component_ref idref="oc-12"/>
      </symbol>
      <symbol id="sm-260">
         <name>UARTgetc</name>
         <value>0x13af</value>
         <object_component_ref idref="oc-246"/>
      </symbol>
      <symbol id="sm-261">
         <name>UARTgets</name>
         <value>0x12f5</value>
         <object_component_ref idref="oc-246"/>
      </symbol>
      <symbol id="sm-262">
         <name>UARTStdioConfig</name>
         <value>0x1269</value>
         <object_component_ref idref="oc-246"/>
      </symbol>
      <symbol id="sm-263">
         <name>UARTwrite</name>
         <value>0x12af</value>
         <object_component_ref idref="oc-246"/>
      </symbol>
      <symbol id="sm-264">
         <name>UARTprintf</name>
         <value>0x16cf</value>
         <object_component_ref idref="oc-246"/>
      </symbol>
      <symbol id="sm-265">
         <name>UARTvprintf</name>
         <value>0x13d5</value>
         <object_component_ref idref="oc-246"/>
      </symbol>
      <symbol id="sm-31a">
         <name>GPIOIntRegister</name>
         <value>0x26f7</value>
         <object_component_ref idref="oc-b5"/>
      </symbol>
      <symbol id="sm-31b">
         <name>GPIOPinConfigure</name>
         <value>0x22f5</value>
         <object_component_ref idref="oc-22e"/>
      </symbol>
      <symbol id="sm-31c">
         <name>GPIOPinTypeI2CSCL</name>
         <value>0x2785</value>
         <object_component_ref idref="oc-2c7"/>
      </symbol>
      <symbol id="sm-31d">
         <name>GPIOIntEnable</name>
         <value>0x2915</value>
         <object_component_ref idref="oc-bb"/>
      </symbol>
      <symbol id="sm-31e">
         <name>GPIOPinTypeI2C</name>
         <value>0x276f</value>
         <object_component_ref idref="oc-2cd"/>
      </symbol>
      <symbol id="sm-31f">
         <name>GPIOPinTypeGPIOInput</name>
         <value>0x2759</value>
         <object_component_ref idref="oc-a9"/>
      </symbol>
      <symbol id="sm-320">
         <name>GPIOIntClear</name>
         <value>0x296f</value>
         <object_component_ref idref="oc-e5"/>
      </symbol>
      <symbol id="sm-321">
         <name>GPIOPinTypeUART</name>
         <value>0x279b</value>
         <object_component_ref idref="oc-234"/>
      </symbol>
      <symbol id="sm-322">
         <name>GPIOIntStatus</name>
         <value>0x28c5</value>
         <object_component_ref idref="oc-df"/>
      </symbol>
      <symbol id="sm-323">
         <name>GPIOPinTypeGPIOOutput</name>
         <value>0x26dd</value>
         <object_component_ref idref="oc-d3"/>
      </symbol>
      <symbol id="sm-324">
         <name>GPIODirModeSet</name>
         <value>0x25bd</value>
         <object_component_ref idref="oc-16e"/>
      </symbol>
      <symbol id="sm-325">
         <name>GPIOPinWrite</name>
         <value>0x2975</value>
         <object_component_ref idref="oc-eb"/>
      </symbol>
      <symbol id="sm-326">
         <name>GPIOPadConfigSet</name>
         <value>0x1cfd</value>
         <object_component_ref idref="oc-af"/>
      </symbol>
      <symbol id="sm-3fd">
         <name>HibernateDataSet</name>
         <value>0x2615</value>
         <object_component_ref idref="oc-1c2"/>
      </symbol>
      <symbol id="sm-3fe">
         <name>HibernateIntDisable</name>
         <value>0x27d9</value>
         <object_component_ref idref="oc-1e0"/>
      </symbol>
      <symbol id="sm-3ff">
         <name>HibernateIntClear</name>
         <value>0x27c5</value>
         <object_component_ref idref="oc-1ce"/>
      </symbol>
      <symbol id="sm-400">
         <name>HibernateRTCSet</name>
         <value>0x25e9</value>
         <object_component_ref idref="oc-1c8"/>
      </symbol>
      <symbol id="sm-401">
         <name>HibernateWakeSet</name>
         <value>0x21e1</value>
         <object_component_ref idref="oc-210"/>
      </symbol>
      <symbol id="sm-402">
         <name>HibernateEnableExpClk</name>
         <value>0x27b1</value>
         <object_component_ref idref="oc-1f8"/>
      </symbol>
      <symbol id="sm-403">
         <name>HibernateRTCTrimSet</name>
         <value>0x2885</value>
         <object_component_ref idref="oc-222"/>
      </symbol>
      <symbol id="sm-404">
         <name>HibernateRTCSSMatchSet</name>
         <value>0x2875</value>
         <object_component_ref idref="oc-228"/>
      </symbol>
      <symbol id="sm-405">
         <name>HibernateRTCMatchSet</name>
         <value>0x2865</value>
         <object_component_ref idref="oc-1da"/>
      </symbol>
      <symbol id="sm-406">
         <name>HibernateRequest</name>
         <value>0x2829</value>
         <object_component_ref idref="oc-1ec"/>
      </symbol>
      <symbol id="sm-407">
         <name>HibernateIntEnable</name>
         <value>0x27ed</value>
         <object_component_ref idref="oc-21c"/>
      </symbol>
      <symbol id="sm-408">
         <name>HibernateRTCEnable</name>
         <value>0x2815</value>
         <object_component_ref idref="oc-20a"/>
      </symbol>
      <symbol id="sm-409">
         <name>HibernateIntRegister</name>
         <value>0x2729</value>
         <object_component_ref idref="oc-216"/>
      </symbol>
      <symbol id="sm-40a">
         <name>HibernateDataGet</name>
         <value>0x2661</value>
         <object_component_ref idref="oc-1d4"/>
      </symbol>
      <symbol id="sm-40b">
         <name>HibernateGPIORetentionEnable</name>
         <value>0x2711</value>
         <object_component_ref idref="oc-204"/>
      </symbol>
      <symbol id="sm-40c">
         <name>HibernateRTCGet</name>
         <value>0x2921</value>
         <object_component_ref idref="oc-78"/>
      </symbol>
      <symbol id="sm-40d">
         <name>HibernateRTCDisable</name>
         <value>0x2801</value>
         <object_component_ref idref="oc-1fe"/>
      </symbol>
      <symbol id="sm-44f">
         <name>I2CMasterDataPut</name>
         <value>0x2989</value>
         <object_component_ref idref="oc-2df"/>
      </symbol>
      <symbol id="sm-450">
         <name>I2CMasterInitExpClk</name>
         <value>0x2341</value>
         <object_component_ref idref="oc-2d3"/>
      </symbol>
      <symbol id="sm-451">
         <name>I2CMasterSlaveAddrSet</name>
         <value>0x295f</value>
         <object_component_ref idref="oc-2d9"/>
      </symbol>
      <symbol id="sm-452">
         <name>I2CMasterDataGet</name>
         <value>0x2985</value>
         <object_component_ref idref="oc-2f1"/>
      </symbol>
      <symbol id="sm-453">
         <name>I2CMasterControl</name>
         <value>0x2981</value>
         <object_component_ref idref="oc-2e5"/>
      </symbol>
      <symbol id="sm-454">
         <name>I2CMasterBusy</name>
         <value>0x2957</value>
         <object_component_ref idref="oc-2eb"/>
      </symbol>
      <symbol id="sm-455">
         <name>I2CMasterEnable</name>
         <value>0x2939</value>
         <object_component_ref idref="oc-37d"/>
      </symbol>
      <symbol id="sm-4a9">
         <name>IntPrioritySet</name>
         <value>0x263d</value>
         <object_component_ref idref="oc-cd"/>
      </symbol>
      <symbol id="sm-4aa">
         <name>IntEnable</name>
         <value>0x2111</value>
         <object_component_ref idref="oc-9d"/>
      </symbol>
      <symbol id="sm-4ab">
         <name>IntRegister</name>
         <value>0x2521</value>
         <object_component_ref idref="oc-161"/>
      </symbol>
      <symbol id="sm-4ac">
         <name>IntMasterDisable</name>
         <value>0x2895</value>
         <object_component_ref idref="oc-1e6"/>
      </symbol>
      <symbol id="sm-4ad">
         <name>g_pfnRAMVectors</name>
         <value>0x20000000</value>
         <object_component_ref idref="oc-2ac"/>
      </symbol>
      <symbol id="sm-4ae">
         <name>IntMasterEnable</name>
         <value>0x28a5</value>
         <object_component_ref idref="oc-c1"/>
      </symbol>
      <symbol id="sm-518">
         <name>SysCtlPeripheralPresent</name>
         <value>0x24e9</value>
         <object_component_ref idref="oc-337"/>
      </symbol>
      <symbol id="sm-519">
         <name>SysCtlClockSet</name>
         <value>0x1f81</value>
         <object_component_ref idref="oc-1f2"/>
      </symbol>
      <symbol id="sm-51a">
         <name>SysCtlDelay</name>
         <value>0x297b</value>
         <object_component_ref idref="oc-84"/>
      </symbol>
      <symbol id="sm-51b">
         <name>SysCtlPeripheralEnable</name>
         <value>0x2555</value>
         <object_component_ref idref="oc-85"/>
      </symbol>
      <symbol id="sm-51c">
         <name>SysCtlClockGet</name>
         <value>0x1e69</value>
         <object_component_ref idref="oc-7e"/>
      </symbol>
      <symbol id="sm-51d">
         <name>SysCtlPeripheralReset</name>
         <value>0x22a5</value>
         <object_component_ref idref="oc-2c1"/>
      </symbol>
      <symbol id="sm-578">
         <name>TimerLoadSet</name>
         <value>0x2851</value>
         <object_component_ref idref="oc-91"/>
      </symbol>
      <symbol id="sm-579">
         <name>TimerIntRegister</name>
         <value>0x2741</value>
         <object_component_ref idref="oc-97"/>
      </symbol>
      <symbol id="sm-57a">
         <name>TimerEnable</name>
         <value>0x28d3</value>
         <object_component_ref idref="oc-c7"/>
      </symbol>
      <symbol id="sm-57b">
         <name>TimerIntEnable</name>
         <value>0x2967</value>
         <object_component_ref idref="oc-a3"/>
      </symbol>
      <symbol id="sm-57c">
         <name>TimerConfigure</name>
         <value>0x2245</value>
         <object_component_ref idref="oc-8b"/>
      </symbol>
      <symbol id="sm-57d">
         <name>TimerIntClear</name>
         <value>0x298d</value>
         <object_component_ref idref="oc-d9"/>
      </symbol>
      <symbol id="sm-5b8">
         <name>UARTConfigSetExpClk</name>
         <value>0x23d9</value>
         <object_component_ref idref="oc-23a"/>
      </symbol>
      <symbol id="sm-5b9">
         <name>UARTDisable</name>
         <value>0x2681</value>
         <object_component_ref idref="oc-32f"/>
      </symbol>
      <symbol id="sm-5ba">
         <name>UARTCharsAvail</name>
         <value>0x28e1</value>
         <object_component_ref idref="oc-1b0"/>
      </symbol>
      <symbol id="sm-5bb">
         <name>UARTCharPut</name>
         <value>0x294d</value>
         <object_component_ref idref="oc-1bc"/>
      </symbol>
      <symbol id="sm-5bc">
         <name>UARTEnable</name>
         <value>0x283d</value>
         <object_component_ref idref="oc-240"/>
      </symbol>
      <symbol id="sm-5bd">
         <name>UARTCharGet</name>
         <value>0x2943</value>
         <object_component_ref idref="oc-1b6"/>
      </symbol>
      <symbol id="sm-5cf">
         <name>CPUcpsie</name>
         <value>0x2909</value>
         <object_component_ref idref="oc-17f"/>
      </symbol>
      <symbol id="sm-5d0">
         <name>CPUcpsid</name>
         <value>0x28fd</value>
         <object_component_ref idref="oc-312"/>
      </symbol>
      <symbol id="sm-5df">
         <name>__aeabi_uidivmod</name>
         <value>0x24a9</value>
         <object_component_ref idref="oc-346"/>
      </symbol>
      <symbol id="sm-5e0">
         <name>__aeabi_uidiv</name>
         <value>0x24a9</value>
         <object_component_ref idref="oc-346"/>
      </symbol>
      <symbol id="sm-5f9">
         <name>__TI_zero_init_nomemset</name>
         <value>0x26c1</value>
         <object_component_ref idref="oc-4d"/>
      </symbol>
      <symbol id="sm-610">
         <name>__TI_decompress_none</name>
         <value>0x28ef</value>
         <object_component_ref idref="oc-1b"/>
      </symbol>
      <symbol id="sm-633">
         <name>__TI_decompress_lzss</name>
         <value>0x2179</value>
         <object_component_ref idref="oc-15"/>
      </symbol>
      <symbol id="sm-646">
         <name>__stack</name>
         <value>0x20000270</value>
         <object_component_ref idref="oc-24"/>
      </symbol>
      <symbol id="sm-647">
         <name>_c_int00_noargs</name>
         <value>0x2589</value>
         <object_component_ref idref="oc-5f"/>
      </symbol>
      <symbol id="sm-651">
         <name>__aeabi_idiv0</name>
         <value>0x1267</value>
         <object_component_ref idref="oc-3a0"/>
      </symbol>
      <symbol id="sm-652">
         <name>__aeabi_ldiv0</name>
         <value>0x1267</value>
         <object_component_ref idref="oc-3a0"/>
      </symbol>
      <symbol id="sm-66d">
         <name>memcpy</name>
         <value>0x2075</value>
         <object_component_ref idref="oc-41"/>
      </symbol>
      <symbol id="sm-66e">
         <name>__aeabi_memcpy</name>
         <value>0x2075</value>
         <object_component_ref idref="oc-41"/>
      </symbol>
      <symbol id="sm-66f">
         <name>__aeabi_memcpy8</name>
         <value>0x2075</value>
         <object_component_ref idref="oc-41"/>
      </symbol>
      <symbol id="sm-670">
         <name>__aeabi_memcpy4</name>
         <value>0x2075</value>
         <object_component_ref idref="oc-41"/>
      </symbol>
      <symbol id="sm-699">
         <name>__TI_auto_init_nobinit_nopinit</name>
         <value>0x2465</value>
         <object_component_ref idref="oc-25a"/>
      </symbol>
      <symbol id="sm-6a3">
         <name>_system_pre_init</name>
         <value>0x2991</value>
         <object_component_ref idref="oc-12d"/>
      </symbol>
      <symbol id="sm-6af">
         <name>C$$EXIT</name>
         <value>0x2995</value>
         <object_component_ref idref="oc-24e"/>
      </symbol>
      <symbol id="sm-6b0">
         <name>abort</name>
         <value>0x2995</value>
         <object_component_ref idref="oc-24e"/>
      </symbol>
      <symbol id="sm-6b3">
         <name>__TI_static_base__</name>
         <value>0x0</value>
      </symbol>
      <symbol id="sm-6b6">
         <name>__mpu_init</name>
         <value>0x0</value>
      </symbol>
      <symbol id="sm-6b7">
         <name>_system_post_cinit</name>
         <value>0x0</value>
      </symbol>
   </symbol_table>
   <title>Link successful</title>
</link_info>
