******************************************************************************
                  TI ARM Linker PC v20.2.2                     
******************************************************************************
>> Linked Tue Jul 20 14:06:57 2021

OUTPUT FILE NAME:   <Hibernation_Clock_TivaC.out>
ENTRY POINT SYMBOL: "_c_int00_noargs"  address: 00002575


MEMORY CONFIGURATION

         name            origin    length      used     unused   attr    fill
----------------------  --------  ---------  --------  --------  ----  --------
  FLASH                 00000000   00040000  00002dd8  0003d228  R  X
  SRAM                  20000000   00008000  000004d7  00007b29  RW X


SEGMENT ALLOCATION MAP

run origin  load origin   length   init length attrs members
----------  ----------- ---------- ----------- ----- -------
00000000    00000000    00002dd8   00002dd8    r-x
  00000000    00000000    0000026c   0000026c    r-- .intvecs
  0000026c    0000026c    00002718   00002718    r-x .text
  00002984    00002984    00000414   00000414    r-- .const
  00002d98    00002d98    00000040   00000040    r-- .cinit
20000000    20000000    000004dd   00000000    rw-
  20000000    20000000    0000026c   00000000    rw- .vtable
  20000270    20000270    00000200   00000000    rw- .stack
  20000470    20000470    00000066   00000000    rw- .bss
  200004d8    200004d8    00000005   00000000    rw- .data


SECTION ALLOCATION MAP

 output                                  attributes/
section   page    origin      length       input sections
--------  ----  ----------  ----------   ----------------
.intvecs   0    00000000    0000026c     
                  00000000    0000026c     tm4c123gh6pm_startup_ccs.obj (.intvecs)

.text      0    0000026c    00002718     
                  0000026c    00000b14     alarmClock.obj (.text)
                  00000d80    000004d6     PCF8574A_LCD_123GH6PM.obj (.text)
                  00001256    00000002     rtsv7M4_T_le_v4SPD16_eabi.lib : div0.asm.obj (.text)
                  00001258    0000049c     uartstdio.obj (.text)
                  000016f4    0000035c     main.obj (.text)
                  00001a50    00000298     MyI2C.obj (.text)
                  00001ce8    0000016c     driverlib.lib : gpio.obj (.text:GPIOPadConfigSet)
                  00001e54    00000118                   : sysctl.obj (.text:SysCtlClockGet)
                  00001f6c    000000f4                   : sysctl.obj (.text:SysCtlClockSet)
                  00002060    0000009c     rtsv7M4_T_le_v4SPD16_eabi.lib : memcpy_t2.asm.obj (.text)
                  000020fc    00000068     driverlib.lib : interrupt.obj (.text:IntEnable)
                  00002164    00000068     rtsv7M4_T_le_v4SPD16_eabi.lib : copy_decompress_lzss.c.obj (.text:decompress:lzss:__TI_decompress_lzss)
                  000021cc    00000064     driverlib.lib : hibernate.obj (.text:HibernateWakeSet)
                  00002230    00000060                   : timer.obj (.text:TimerConfigure)
                  00002290    00000050                   : sysctl.obj (.text:SysCtlPeripheralReset)
                  000022e0    0000004c                   : gpio.obj (.text:GPIOPinConfigure)
                  0000232c    0000004c                   : i2c.obj (.text:I2CMasterInitExpClk)
                  00002378    0000004c                   : timer.obj (.text:_TimerIntNumberGet)
                  000023c4    00000046                   : uart.obj (.text:UARTConfigSetExpClk)
                  0000240a    00000002     --HOLE-- [fill = 0]
                  0000240c    00000044                   : gpio.obj (.text:_GPIOIntNumberGet)
                  00002450    00000044     rtsv7M4_T_le_v4SPD16_eabi.lib : autoinit.c.obj (.text:__TI_auto_init_nobinit_nopinit:__TI_auto_init_nobinit_nopinit)
                  00002494    00000040                                   : u_divt2.asm.obj (.text)
                  000024d4    00000038     driverlib.lib : sysctl.obj (.text:SysCtlPeripheralPresent)
                  0000250c    00000034                   : interrupt.obj (.text:IntRegister)
                  00002540    00000034                   : sysctl.obj (.text:SysCtlPeripheralEnable)
                  00002574    00000034     rtsv7M4_T_le_v4SPD16_eabi.lib : boot_cortex_m.c.obj (.text:_c_int00_noargs:_c_int00_noargs)
                  000025a8    0000002c     driverlib.lib : gpio.obj (.text:GPIODirModeSet)
                  000025d4    0000002c                   : hibernate.obj (.text:HibernateRTCSet)
                  00002600    00000028                   : hibernate.obj (.text:HibernateDataSet)
                  00002628    00000024                   : interrupt.obj (.text:IntPrioritySet)
                  0000264c    00000020                   : hibernate.obj (.text:HibernateDataGet)
                  0000266c    00000020                   : uart.obj (.text:UARTDisable)
                  0000268c    00000020                   : hibernate.obj (.text:_HibernateIntNumberGet)
                  000026ac    0000001c     rtsv7M4_T_le_v4SPD16_eabi.lib : copy_zero_init.c.obj (.text:decompress:ZI:__TI_zero_init_nomemset:__TI_zero_init_nomemset)
                  000026c8    0000001a     driverlib.lib : gpio.obj (.text:GPIOPinTypeGPIOOutput)
                  000026e2    00000018                   : gpio.obj (.text:GPIOIntRegister)
                  000026fa    00000002     --HOLE-- [fill = 0]
                  000026fc    00000018                   : hibernate.obj (.text:HibernateGPIORetentionEnable)
                  00002714    00000018                   : hibernate.obj (.text:HibernateIntRegister)
                  0000272c    00000018                   : timer.obj (.text:TimerIntRegister)
                  00002744    00000016                   : gpio.obj (.text:GPIOPinTypeGPIOInput)
                  0000275a    00000016                   : gpio.obj (.text:GPIOPinTypeI2C)
                  00002770    00000016                   : gpio.obj (.text:GPIOPinTypeI2CSCL)
                  00002786    00000016                   : gpio.obj (.text:GPIOPinTypeUART)
                  0000279c    00000014                   : hibernate.obj (.text:HibernateEnableExpClk)
                  000027b0    00000014                   : hibernate.obj (.text:HibernateIntClear)
                  000027c4    00000014                   : hibernate.obj (.text:HibernateIntDisable)
                  000027d8    00000014                   : hibernate.obj (.text:HibernateIntEnable)
                  000027ec    00000014                   : hibernate.obj (.text:HibernateRTCDisable)
                  00002800    00000014                   : hibernate.obj (.text:HibernateRTCEnable)
                  00002814    00000014                   : hibernate.obj (.text:HibernateRequest)
                  00002828    00000014                   : uart.obj (.text:UARTEnable)
                  0000283c    00000012                   : timer.obj (.text:TimerLoadSet)
                  0000284e    00000002     --HOLE-- [fill = 0]
                  00002850    00000010                   : hibernate.obj (.text:HibernateRTCMatchSet)
                  00002860    00000010                   : hibernate.obj (.text:HibernateRTCSSMatchSet)
                  00002870    00000010                   : hibernate.obj (.text:HibernateRTCTrimSet)
                  00002880    00000010                   : interrupt.obj (.text:IntMasterDisable)
                  00002890    00000010                   : interrupt.obj (.text:IntMasterEnable)
                  000028a0    00000010                   : hibernate.obj (.text:_HibernateWriteComplete)
                  000028b0    0000000e                   : gpio.obj (.text:GPIOIntStatus)
                  000028be    0000000e                   : timer.obj (.text:TimerEnable)
                  000028cc    0000000e                   : uart.obj (.text:UARTCharsAvail)
                  000028da    0000000e     rtsv7M4_T_le_v4SPD16_eabi.lib : copy_decompress_none.c.obj (.text:decompress:none:__TI_decompress_none)
                  000028e8    0000000c     driverlib.lib : cpu.obj (.text:CPUcpsid)
                  000028f4    0000000c                   : cpu.obj (.text:CPUcpsie)
                  00002900    0000000c                   : gpio.obj (.text:GPIOIntEnable)
                  0000290c    0000000c                   : hibernate.obj (.text:HibernateRTCGet)
                  00002918    0000000c     tm4c123gh6pm_startup_ccs.obj (.text)
                  00002924    0000000a     driverlib.lib : i2c.obj (.text:I2CMasterEnable)
                  0000292e    0000000a                   : uart.obj (.text:UARTCharGet)
                  00002938    0000000a                   : uart.obj (.text:UARTCharPut)
                  00002942    00000008                   : i2c.obj (.text:I2CMasterBusy)
                  0000294a    00000008                   : i2c.obj (.text:I2CMasterSlaveAddrSet)
                  00002952    00000008                   : timer.obj (.text:TimerIntEnable)
                  0000295a    00000006                   : gpio.obj (.text:GPIOIntClear)
                  00002960    00000006                   : gpio.obj (.text:GPIOPinWrite)
                  00002966    00000006                   : sysctl.obj (.text:SysCtlDelay)
                  0000296c    00000004                   : i2c.obj (.text:I2CMasterControl)
                  00002970    00000004                   : i2c.obj (.text:I2CMasterDataGet)
                  00002974    00000004                   : i2c.obj (.text:I2CMasterDataPut)
                  00002978    00000004                   : timer.obj (.text:TimerIntClear)
                  0000297c    00000004     rtsv7M4_T_le_v4SPD16_eabi.lib : pre_init.c.obj (.text:_system_pre_init)
                  00002980    00000004                                   : exit.c.obj (.text:abort:abort)

.const     0    00002984    00000414     
                  00002984    000000d8     driverlib.lib : gpio.obj (.const:g_ppui32GPIOIntMapSnowflake)
                  00002a5c    000000c0                   : gpio.obj (.const:g_ppui32GPIOIntMapBlizzard)
                  00002b1c    0000009c                   : interrupt.obj (.const:g_pui32Regs)
                  00002bb8    00000090                   : gpio.obj (.const:g_pui32GPIOBaseAddrs)
                  00002c48    0000006c                   : sysctl.obj (.const:g_pui32Xtals)
                  00002cb4    00000060                   : timer.obj (.const:g_ppui32TimerIntMap)
                  00002d14    00000040                   : timer.obj (.const:g_ppui32TimerIntMapSnowflake)
                  00002d54    00000014                   : interrupt.obj (.const:g_pui32EnRegs)
                  00002d68    00000012     uartstdio.obj (.const:.string)
                  00002d7a    00000002     --HOLE-- [fill = 0]
                  00002d7c    0000000c     uartstdio.obj (.const:g_ui32UARTBase)
                  00002d88    0000000c     uartstdio.obj (.const:g_ui32UARTPeriph)
                  00002d94    00000004     uartstdio.obj (.const)

.cinit     0    00002d98    00000040     
                  00002d98    0000000c     (__TI_handler_table)
                  00002da4    00000004     --HOLE-- [fill = 0]
                  00002da8    00000008     (.cinit..bss.load) [load image, compression = zero_init]
                  00002db0    00000008     (.cinit..vtable.load) [load image, compression = zero_init]
                  00002db8    00000007     (.cinit..data.load) [load image, compression = lzss]
                  00002dbf    00000001     --HOLE-- [fill = 0]
                  00002dc0    00000018     (__TI_cinit_table)

.init_array 
*          0    00000000    00000000     UNINITIALIZED

.vtable    0    20000000    0000026c     UNINITIALIZED
                  20000000    0000026c     driverlib.lib : interrupt.obj (.vtable)

.bss       0    20000470    00000066     UNINITIALIZED
                  20000470    00000020     (.common:UARTAlarmTime)
                  20000490    00000020     (.common:UARTSynTime)
                  200004b0    0000001c     (.common:synTime)
                  200004cc    00000008     (.common:alarmTime)
                  200004d4    00000002     alarmClock.obj (.bss)

.data      0    200004d8    00000005     UNINITIALIZED
                  200004d8    00000005     uartstdio.obj (.data)

.stack     0    20000270    00000200     UNINITIALIZED
                  20000270    00000004     rtsv7M4_T_le_v4SPD16_eabi.lib : boot_cortex_m.c.obj (.stack)
                  20000274    000001fc     --HOLE--

__llvm_prf_cnts 
*          0    20000000    00000000     UNINITIALIZED

MODULE SUMMARY

       Module                         code    ro data   rw data
       ------                         ----    -------   -------
    .\
       alarmClock.obj                 2836    0         102    
       PCF8574A_LCD_123GH6PM.obj      1238    0         0      
       uartstdio.obj                  1180    46        5      
       main.obj                       860     0         0      
       MyI2C.obj                      664     0         0      
       tm4c123gh6pm_startup_ccs.obj   12      620       0      
    +--+------------------------------+-------+---------+---------+
       Total:                         6790    666       107    
                                                               
    ../driverlib.lib
       gpio.obj                       728     552       0      
       interrupt.obj                  224     176       620    
       sysctl.obj                     718     108       0      
       hibernate.obj                  512     0         0      
       timer.obj                      240     160       0      
       uart.obj                       156     0         0      
       i2c.obj                        114     0         0      
       cpu.obj                        24      0         0      
    +--+------------------------------+-------+---------+---------+
       Total:                         2716    996       620    
                                                               
    C:\ti\ccs1020\ccs\tools\compiler\ti-cgt-arm_20.2.2.LTS\lib\rtsv7M4_T_le_v4SPD16_eabi.lib
       memcpy_t2.asm.obj              156     0         0      
       copy_decompress_lzss.c.obj     104     0         0      
       autoinit.c.obj                 68      0         0      
       u_divt2.asm.obj                64      0         0      
       boot_cortex_m.c.obj            52      0         0      
       copy_zero_init.c.obj           28      0         0      
       copy_decompress_none.c.obj     14      0         0      
       exit.c.obj                     4       0         0      
       pre_init.c.obj                 4       0         0      
       div0.asm.obj                   2       0         0      
    +--+------------------------------+-------+---------+---------+
       Total:                         496     0         0      
                                                               
       Stack:                         0       0         512    
       Linker Generated:              0       59        0      
    +--+------------------------------+-------+---------+---------+
       Grand Total:                   10002   1721      1239   


LINKER GENERATED COPY TABLES

__TI_cinit_table @ 00002dc0 records: 3, size/record: 8, table size: 24
	.bss: load addr=00002da8, load size=00000008 bytes, run addr=20000470, run size=00000066 bytes, compression=zero_init
	.vtable: load addr=00002db0, load size=00000008 bytes, run addr=20000000, run size=0000026c bytes, compression=zero_init
	.data: load addr=00002db8, load size=00000007 bytes, run addr=200004d8, run size=00000005 bytes, compression=lzss


LINKER GENERATED HANDLER TABLE

__TI_handler_table @ 00002d98 records: 3, size/record: 4, table size: 12
	index: 0, handler: __TI_zero_init
	index: 1, handler: __TI_decompress_lzss
	index: 2, handler: __TI_decompress_none


GLOBAL SYMBOLS: SORTED ALPHABETICALLY BY Name 

address   name                          
-------   ----                          
0000026d  AdjustUARTAlarmTime           
00000295  AdjustUARTSynTime             
000009bf  AlarmAction                   
000009e1  AlarmSetUp                    
0000121b  BCD_write                     
00002981  C$$EXIT                       
000028e9  CPUcpsid                      
000028f5  CPUcpsie                      
000009a3  CheckAlarm                    
000002bd  ClearUARTAlarmTime            
000002e3  ClearUARTSynTime              
0000062d  CounterToStructCalender       
00000d81  Delayms                       
00000d9b  Delayus                       
00000b27  DisplayLCD_DayTime            
00000bf1  DisplayLCD_OffAlarm           
00000c41  DisplayLCD_OnAlarm            
00000cb5  DisplayLCD_SynTime            
000025a9  GPIODirModeSet                
0000295b  GPIOIntClear                  
00002901  GPIOIntEnable                 
000026e3  GPIOIntRegister               
000028b1  GPIOIntStatus                 
00001ce9  GPIOPadConfigSet              
000022e1  GPIOPinConfigure              
00002745  GPIOPinTypeGPIOInput          
000026c9  GPIOPinTypeGPIOOutput         
0000275b  GPIOPinTypeI2C                
00002771  GPIOPinTypeI2CSCL             
00002787  GPIOPinTypeUART               
00002961  GPIOPinWrite                  
0000264d  HibernateDataGet              
00002601  HibernateDataSet              
0000279d  HibernateEnableExpClk         
000026fd  HibernateGPIORetentionEnable  
000027b1  HibernateIntClear             
000027c5  HibernateIntDisable           
000027d9  HibernateIntEnable            
00002715  HibernateIntRegister          
000027ed  HibernateRTCDisable           
00002801  HibernateRTCEnable            
0000290d  HibernateRTCGet               
00002851  HibernateRTCMatchSet          
00002861  HibernateRTCSSMatchSet        
000025d5  HibernateRTCSet               
00002871  HibernateRTCTrimSet           
00002815  HibernateRequest              
000021cd  HibernateWakeSet              
0000183b  Hibernate_Int                 
00002943  I2CMasterBusy                 
0000296d  I2CMasterControl              
00002971  I2CMasterDataGet              
00002975  I2CMasterDataPut              
00002925  I2CMasterEnable               
0000232d  I2CMasterInitExpClk           
0000294b  I2CMasterSlaveAddrSet         
00001c71  I2CReceive                    
00001a97  I2CSend                       
00001b7b  I2CSend2                      
00001bcb  I2CSendString                 
00001a51  InitI2C0                      
000019a7  Init_UART0_DBG                
0000196f  Init_UART1                    
000018cd  Initialzation                 
000020fd  IntEnable                     
00002881  IntMasterDisable              
00002891  IntMasterEnable               
00002629  IntPrioritySet                
0000250d  IntRegister                   
00000f37  LCD_Puts                      
000011b5  Lcd_Goto                      
00000e87  Lcd_init                      
00000e49  Lcd_write                     
00000f57  Lcd_write_1                   
000010e1  Lcd_write_4                   
00000f1b  Lcd_write_char                
00000f7f  Lcd_write_digit               
00000abd  PlayAudio                     
00002919  ResetISR                      
0000096f  SetDayAndTime                 
00000451  StructCalenderToCounter       
00000a99  Switch1_Int                   
00001e55  SysCtlClockGet                
00001f6d  SysCtlClockSet                
00002967  SysCtlDelay                   
00002541  SysCtlPeripheralEnable        
000024d5  SysCtlPeripheralPresent       
00002291  SysCtlPeripheralReset         
00000a87  Timer0A_Int                   
00002231  TimerConfigure                
000028bf  TimerEnable                   
00002979  TimerIntClear                 
00002953  TimerIntEnable                
0000272d  TimerIntRegister              
0000283d  TimerLoadSet                  
20000470  UARTAlarmTime                 
0000292f  UARTCharGet                   
00002939  UARTCharPut                   
000028cd  UARTCharsAvail                
000023c5  UARTConfigSetExpClk           
0000266d  UARTDisable                   
00002829  UARTEnable                    
00001259  UARTStdioConfig               
20000490  UARTSynTime                   
00000415  UARTToStructAlarm             
00000309  UARTToStructCalendar          
0000139f  UARTgetc                      
000012e5  UARTgets                      
000016bf  UARTprintf                    
000013c5  UARTvprintf                   
0000129f  UARTwrite                     
20000470  __STACK_END                   
00000200  __STACK_SIZE                  
20000470  __STACK_TOP                   
00002dc0  __TI_CINIT_Base               
00002dd8  __TI_CINIT_Limit              
00002d98  __TI_Handler_Table_Base       
00002da4  __TI_Handler_Table_Limit      
00002451  __TI_auto_init_nobinit_nopinit
00002165  __TI_decompress_lzss          
000028db  __TI_decompress_none          
ffffffff  __TI_pprof_out_hndl           
ffffffff  __TI_prof_data_size           
ffffffff  __TI_prof_data_start          
00000000  __TI_static_base__            
000026ad  __TI_zero_init_nomemset       
00001257  __aeabi_idiv0                 
00001257  __aeabi_ldiv0                 
00002061  __aeabi_memcpy                
00002061  __aeabi_memcpy4               
00002061  __aeabi_memcpy8               
00002495  __aeabi_uidiv                 
00002495  __aeabi_uidivmod              
ffffffff  __binit__                     
ffffffff  __c_args__                    
UNDEFED   __mpu_init                    
20000270  __stack                       
20000000  __start___llvm_prf_cnts       
20000000  __stop___llvm_prf_cnts        
00002575  _c_int00_noargs               
UNDEFED   _system_post_cinit            
0000297d  _system_pre_init              
00002981  abort                         
200004cc  alarmTime                     
ffffffff  binit                         
20000000  g_pfnRAMVectors               
00000000  g_pfnVectors                  
000016f5  main                          
00002061  memcpy                        
200004b0  synTime                       


GLOBAL SYMBOLS: SORTED BY Symbol Address 

address   name                          
-------   ----                          
00000000  __TI_static_base__            
00000000  g_pfnVectors                  
00000200  __STACK_SIZE                  
0000026d  AdjustUARTAlarmTime           
00000295  AdjustUARTSynTime             
000002bd  ClearUARTAlarmTime            
000002e3  ClearUARTSynTime              
00000309  UARTToStructCalendar          
00000415  UARTToStructAlarm             
00000451  StructCalenderToCounter       
0000062d  CounterToStructCalender       
0000096f  SetDayAndTime                 
000009a3  CheckAlarm                    
000009bf  AlarmAction                   
000009e1  AlarmSetUp                    
00000a87  Timer0A_Int                   
00000a99  Switch1_Int                   
00000abd  PlayAudio                     
00000b27  DisplayLCD_DayTime            
00000bf1  DisplayLCD_OffAlarm           
00000c41  DisplayLCD_OnAlarm            
00000cb5  DisplayLCD_SynTime            
00000d81  Delayms                       
00000d9b  Delayus                       
00000e49  Lcd_write                     
00000e87  Lcd_init                      
00000f1b  Lcd_write_char                
00000f37  LCD_Puts                      
00000f57  Lcd_write_1                   
00000f7f  Lcd_write_digit               
000010e1  Lcd_write_4                   
000011b5  Lcd_Goto                      
0000121b  BCD_write                     
00001257  __aeabi_idiv0                 
00001257  __aeabi_ldiv0                 
00001259  UARTStdioConfig               
0000129f  UARTwrite                     
000012e5  UARTgets                      
0000139f  UARTgetc                      
000013c5  UARTvprintf                   
000016bf  UARTprintf                    
000016f5  main                          
0000183b  Hibernate_Int                 
000018cd  Initialzation                 
0000196f  Init_UART1                    
000019a7  Init_UART0_DBG                
00001a51  InitI2C0                      
00001a97  I2CSend                       
00001b7b  I2CSend2                      
00001bcb  I2CSendString                 
00001c71  I2CReceive                    
00001ce9  GPIOPadConfigSet              
00001e55  SysCtlClockGet                
00001f6d  SysCtlClockSet                
00002061  __aeabi_memcpy                
00002061  __aeabi_memcpy4               
00002061  __aeabi_memcpy8               
00002061  memcpy                        
000020fd  IntEnable                     
00002165  __TI_decompress_lzss          
000021cd  HibernateWakeSet              
00002231  TimerConfigure                
00002291  SysCtlPeripheralReset         
000022e1  GPIOPinConfigure              
0000232d  I2CMasterInitExpClk           
000023c5  UARTConfigSetExpClk           
00002451  __TI_auto_init_nobinit_nopinit
00002495  __aeabi_uidiv                 
00002495  __aeabi_uidivmod              
000024d5  SysCtlPeripheralPresent       
0000250d  IntRegister                   
00002541  SysCtlPeripheralEnable        
00002575  _c_int00_noargs               
000025a9  GPIODirModeSet                
000025d5  HibernateRTCSet               
00002601  HibernateDataSet              
00002629  IntPrioritySet                
0000264d  HibernateDataGet              
0000266d  UARTDisable                   
000026ad  __TI_zero_init_nomemset       
000026c9  GPIOPinTypeGPIOOutput         
000026e3  GPIOIntRegister               
000026fd  HibernateGPIORetentionEnable  
00002715  HibernateIntRegister          
0000272d  TimerIntRegister              
00002745  GPIOPinTypeGPIOInput          
0000275b  GPIOPinTypeI2C                
00002771  GPIOPinTypeI2CSCL             
00002787  GPIOPinTypeUART               
0000279d  HibernateEnableExpClk         
000027b1  HibernateIntClear             
000027c5  HibernateIntDisable           
000027d9  HibernateIntEnable            
000027ed  HibernateRTCDisable           
00002801  HibernateRTCEnable            
00002815  HibernateRequest              
00002829  UARTEnable                    
0000283d  TimerLoadSet                  
00002851  HibernateRTCMatchSet          
00002861  HibernateRTCSSMatchSet        
00002871  HibernateRTCTrimSet           
00002881  IntMasterDisable              
00002891  IntMasterEnable               
000028b1  GPIOIntStatus                 
000028bf  TimerEnable                   
000028cd  UARTCharsAvail                
000028db  __TI_decompress_none          
000028e9  CPUcpsid                      
000028f5  CPUcpsie                      
00002901  GPIOIntEnable                 
0000290d  HibernateRTCGet               
00002919  ResetISR                      
00002925  I2CMasterEnable               
0000292f  UARTCharGet                   
00002939  UARTCharPut                   
00002943  I2CMasterBusy                 
0000294b  I2CMasterSlaveAddrSet         
00002953  TimerIntEnable                
0000295b  GPIOIntClear                  
00002961  GPIOPinWrite                  
00002967  SysCtlDelay                   
0000296d  I2CMasterControl              
00002971  I2CMasterDataGet              
00002975  I2CMasterDataPut              
00002979  TimerIntClear                 
0000297d  _system_pre_init              
00002981  C$$EXIT                       
00002981  abort                         
00002d98  __TI_Handler_Table_Base       
00002da4  __TI_Handler_Table_Limit      
00002dc0  __TI_CINIT_Base               
00002dd8  __TI_CINIT_Limit              
20000000  __start___llvm_prf_cnts       
20000000  __stop___llvm_prf_cnts        
20000000  g_pfnRAMVectors               
20000270  __stack                       
20000470  UARTAlarmTime                 
20000470  __STACK_END                   
20000470  __STACK_TOP                   
20000490  UARTSynTime                   
200004b0  synTime                       
200004cc  alarmTime                     
ffffffff  __TI_pprof_out_hndl           
ffffffff  __TI_prof_data_size           
ffffffff  __TI_prof_data_start          
ffffffff  __binit__                     
ffffffff  __c_args__                    
ffffffff  binit                         
UNDEFED   __mpu_init                    
UNDEFED   _system_post_cinit            

[150 symbols]
